2026-05-26 09:54:38 | INFO     | ========== ATTENTION_UNET_V2 NOTEBOOK STARTED ==========
2026-05-26 09:54:39 | INFO     | Loaded train.txt: 70 pairs
2026-05-26 09:54:39 | INFO     | Loaded val.txt: 15 pairs
2026-05-26 09:54:39 | INFO     | Loaded test.txt: 15 pairs
2026-05-26 09:54:42 | INFO     | MarsTerrainDataset defined.
2026-05-26 09:54:44 | INFO     | Model: Attention U-Net | Params: 31,910,640 | Size: 121.73 MB
2026-05-26 09:54:45 | INFO     | Computing class weights...
2026-05-26 09:54:45 | INFO     | Weights: [0.0428 0.1026 0.0758 3.7788]
2026-05-26 09:54:49 | INFO     | Training: 50 epochs | lr=0.001 | batch=4
2026-05-26 09:55:04 | INFO     | Epoch 001/50 | Train: 2.2241 | Val: 2.2197 | mIoU: 0.1178
2026-05-26 09:55:04 | INFO     |   ✓ Best model saved (mIoU=0.1178)
2026-05-26 09:55:17 | INFO     | Epoch 002/50 | Train: 2.1543 | Val: 2.0865 | mIoU: 0.1187
2026-05-26 09:55:17 | INFO     |   ✓ Best model saved (mIoU=0.1187)
2026-05-26 09:55:30 | INFO     | Epoch 003/50 | Train: 2.1556 | Val: 1.9862 | mIoU: 0.0987
2026-05-26 09:55:43 | INFO     | Epoch 004/50 | Train: 2.1042 | Val: 1.9307 | mIoU: 0.1332
2026-05-26 09:55:44 | INFO     |   ✓ Best model saved (mIoU=0.1332)
2026-05-26 09:55:57 | INFO     | Epoch 005/50 | Train: 2.1157 | Val: 1.9371 | mIoU: 0.1492
2026-05-26 09:55:57 | INFO     |   ✓ Best model saved (mIoU=0.1492)
2026-05-26 09:56:10 | INFO     | Epoch 006/50 | Train: 2.0819 | Val: 1.8774 | mIoU: 0.1639
2026-05-26 09:56:10 | INFO     |   ✓ Best model saved (mIoU=0.1639)
2026-05-26 09:56:23 | INFO     | Epoch 007/50 | Train: 2.0122 | Val: 1.8428 | mIoU: 0.1651
2026-05-26 09:56:23 | INFO     |   ✓ Best model saved (mIoU=0.1651)
2026-05-26 09:56:36 | INFO     | Epoch 008/50 | Train: 1.9350 | Val: 2.0211 | mIoU: 0.1505
2026-05-26 09:56:49 | INFO     | Epoch 009/50 | Train: 1.9619 | Val: 1.8231 | mIoU: 0.1911
2026-05-26 09:56:49 | INFO     |   ✓ Best model saved (mIoU=0.1911)
2026-05-26 09:57:02 | INFO     | Epoch 010/50 | Train: 2.0187 | Val: 1.8074 | mIoU: 0.1778
2026-05-26 09:57:15 | INFO     | Epoch 011/50 | Train: 1.9190 | Val: 1.6934 | mIoU: 0.1933
2026-05-26 09:57:15 | INFO     |   ✓ Best model saved (mIoU=0.1933)
2026-05-26 09:57:28 | INFO     | Epoch 012/50 | Train: 1.8339 | Val: 1.9340 | mIoU: 0.1389
2026-05-26 09:57:41 | INFO     | Epoch 013/50 | Train: 2.0301 | Val: 1.7809 | mIoU: 0.1676
2026-05-26 09:57:54 | INFO     | Epoch 014/50 | Train: 1.9507 | Val: 2.0634 | mIoU: 0.1144
2026-05-26 09:58:07 | INFO     | Epoch 015/50 | Train: 1.8353 | Val: 1.9376 | mIoU: 0.1250
2026-05-26 09:58:20 | INFO     | Epoch 016/50 | Train: 1.8947 | Val: 1.8669 | mIoU: 0.1804
2026-05-26 09:58:33 | INFO     | Epoch 017/50 | Train: 1.8566 | Val: 2.1098 | mIoU: 0.1247
2026-05-26 09:58:46 | INFO     | Epoch 018/50 | Train: 1.9295 | Val: 1.5826 | mIoU: 0.2075
2026-05-26 09:58:46 | INFO     |   ✓ Best model saved (mIoU=0.2075)
2026-05-26 09:58:59 | INFO     | Epoch 019/50 | Train: 1.9271 | Val: 1.8220 | mIoU: 0.1562
2026-05-26 09:59:12 | INFO     | Epoch 020/50 | Train: 1.7618 | Val: 1.9653 | mIoU: 0.1274
2026-05-26 09:59:24 | INFO     | Epoch 021/50 | Train: 1.8169 | Val: 1.6065 | mIoU: 0.2134
2026-05-26 09:59:24 | INFO     |   ✓ Best model saved (mIoU=0.2134)
2026-05-26 09:59:37 | INFO     | Epoch 022/50 | Train: 1.7527 | Val: 1.6008 | mIoU: 0.2133
2026-05-26 09:59:50 | INFO     | Epoch 023/50 | Train: 1.7612 | Val: 1.9535 | mIoU: 0.1249
2026-05-26 10:00:03 | INFO     | Epoch 024/50 | Train: 1.7850 | Val: 1.5040 | mIoU: 0.2434
2026-05-26 10:00:03 | INFO     |   ✓ Best model saved (mIoU=0.2434)
2026-05-26 10:00:16 | INFO     | Epoch 025/50 | Train: 1.7570 | Val: 1.7589 | mIoU: 0.1736
2026-05-26 10:00:29 | INFO     | Epoch 026/50 | Train: 1.7388 | Val: 1.5068 | mIoU: 0.2430
2026-05-26 10:00:41 | INFO     | Epoch 027/50 | Train: 1.8207 | Val: 2.0496 | mIoU: 0.1424
2026-05-26 10:00:54 | INFO     | Epoch 028/50 | Train: 1.7897 | Val: 1.7153 | mIoU: 0.1703
2026-05-26 10:01:07 | INFO     | Epoch 029/50 | Train: 1.8849 | Val: 1.5550 | mIoU: 0.2011
2026-05-26 10:01:20 | INFO     | Epoch 030/50 | Train: 1.7747 | Val: 1.5942 | mIoU: 0.2116
2026-05-26 10:01:33 | INFO     | Epoch 031/50 | Train: 1.8521 | Val: 1.6838 | mIoU: 0.1804
2026-05-26 10:01:46 | INFO     | Epoch 032/50 | Train: 1.7002 | Val: 1.5909 | mIoU: 0.2100
2026-05-26 10:01:58 | INFO     | Epoch 033/50 | Train: 1.7997 | Val: 1.5882 | mIoU: 0.2134
2026-05-26 10:02:11 | INFO     | Epoch 034/50 | Train: 1.7160 | Val: 1.8835 | mIoU: 0.1436
2026-05-26 10:02:24 | INFO     | Epoch 035/50 | Train: 1.7108 | Val: 1.6023 | mIoU: 0.2017
2026-05-26 10:02:37 | INFO     | Epoch 036/50 | Train: 1.6568 | Val: 1.4913 | mIoU: 0.2302
2026-05-26 10:02:50 | INFO     | Epoch 037/50 | Train: 1.6881 | Val: 1.8513 | mIoU: 0.1479
2026-05-26 10:03:02 | INFO     | Epoch 038/50 | Train: 1.6709 | Val: 1.4676 | mIoU: 0.2336
2026-05-26 10:03:15 | INFO     | Epoch 039/50 | Train: 1.6155 | Val: 1.4069 | mIoU: 0.2479
2026-05-26 10:03:15 | INFO     |   ✓ Best model saved (mIoU=0.2479)
2026-05-26 10:03:28 | INFO     | Epoch 040/50 | Train: 1.5748 | Val: 1.5187 | mIoU: 0.2159
2026-05-26 10:03:41 | INFO     | Epoch 041/50 | Train: 1.5720 | Val: 1.4417 | mIoU: 0.2302
2026-05-26 10:03:54 | INFO     | Epoch 042/50 | Train: 1.6346 | Val: 1.4730 | mIoU: 0.2238
2026-05-26 10:04:06 | INFO     | Epoch 043/50 | Train: 1.6631 | Val: 1.4364 | mIoU: 0.2235
2026-05-26 10:04:19 | INFO     | Epoch 044/50 | Train: 1.5196 | Val: 1.6126 | mIoU: 0.1971
2026-05-26 10:04:32 | INFO     | Epoch 045/50 | Train: 1.5642 | Val: 1.2961 | mIoU: 0.2560
2026-05-26 10:04:32 | INFO     |   ✓ Best model saved (mIoU=0.2560)
2026-05-26 10:04:45 | INFO     | Epoch 046/50 | Train: 1.4767 | Val: 1.5121 | mIoU: 0.2263
2026-05-26 10:04:58 | INFO     | Epoch 047/50 | Train: 1.4765 | Val: 1.4817 | mIoU: 0.2253
2026-05-26 10:05:11 | INFO     | Epoch 048/50 | Train: 1.5253 | Val: 1.5053 | mIoU: 0.2215
2026-05-26 10:05:24 | INFO     | Epoch 049/50 | Train: 1.5802 | Val: 1.2979 | mIoU: 0.2618
2026-05-26 10:05:24 | INFO     |   ✓ Best model saved (mIoU=0.2618)
2026-05-26 10:05:37 | INFO     | Epoch 050/50 | Train: 1.4931 | Val: 1.4308 | mIoU: 0.2187
2026-05-26 10:05:37 | INFO     | Training complete. Best epoch: 49, mIoU: 0.2618
2026-05-26 10:05:44 | INFO     | [T1] NLA_398561822EDR_F0030004NCAM00400M1 mIoU=0.1470 Dice=0.1851 171.3ms
2026-05-26 10:05:44 | INFO     | [T1] NLA_407975674EDR_F0050432NCAM07814M1 mIoU=0.0000 Dice=0.0000 36.7ms
2026-05-26 10:05:44 | INFO     | [T1] NLA_402117478EDR_F0043200NCAM00439M1 mIoU=0.2294 Dice=0.3142 35.8ms
2026-05-26 10:05:44 | INFO     | [T1] NLA_398920052EDR_F0030078NCAM00303M1 mIoU=0.0440 Dice=0.0748 35.6ms
2026-05-26 10:05:44 | INFO     | [T1] NLA_408145785EDR_F0050624NCAM00454M1 mIoU=0.1559 Dice=0.2361 36.2ms
2026-05-26 10:05:44 | INFO     | [T1] NLA_408145730EDR_F0050624NCAM00454M1 mIoU=0.3082 Dice=0.3782 35.8ms
2026-05-26 10:05:44 | INFO     | [T1] NLA_398920451EDR_F0030078NCAM00304M1 mIoU=0.2414 Dice=0.2456 37.1ms
2026-05-26 10:05:44 | INFO     | [T1] NLA_403977615EDR_F0050104NCAM00107M1 mIoU=0.4041 Dice=0.4461 35.8ms
2026-05-26 10:05:44 | INFO     | [T1] NLA_401855285EDR_F0042778NCAM00434M1 mIoU=0.2463 Dice=0.2482 35.9ms
2026-05-26 10:05:44 | INFO     | [T1] NLA_402648966EDR_F0050000NCAM00321M1 mIoU=0.1676 Dice=0.2007 35.4ms
2026-05-26 10:05:44 | INFO     | [T1] NLA_406647820EDR_F0050388NCAM07754M1 mIoU=0.5000 Dice=0.5000 36.0ms
2026-05-26 10:05:45 | INFO     | [T1] NLA_408145754EDR_F0050624NCAM00454M1 mIoU=0.1888 Dice=0.2624 35.4ms
2026-05-26 10:05:45 | INFO     | [T1] NLA_403441127EDR_F0050104NCAM00326M1 mIoU=0.2408 Dice=0.2453 36.1ms
2026-05-26 10:05:45 | INFO     | [T1] NLA_398919784EDR_F0030078NCAM00301M1 mIoU=0.2167 Dice=0.2322 36.2ms
2026-05-26 10:05:45 | INFO     | [T1] NLA_402816231EDR_F0050104NCAM00450M1 mIoU=0.2244 Dice=0.2365 35.9ms
2026-05-26 10:05:47 | INFO     | [T2] NLA_398561822EDR_F0030004NCAM00400M1 UnsafeR=0.0000 FNR=0.0000
2026-05-26 10:05:47 | INFO     | [T2] NLA_407975674EDR_F0050432NCAM07814M1 UnsafeR=0.0000 FNR=0.0000
2026-05-26 10:05:47 | INFO     | [T2] NLA_402117478EDR_F0043200NCAM00439M1 UnsafeR=0.0000 FNR=0.0000
2026-05-26 10:05:47 | INFO     | [T2] NLA_398920052EDR_F0030078NCAM00303M1 UnsafeR=0.0000 FNR=0.0000
2026-05-26 10:05:47 | INFO     | [T2] NLA_408145785EDR_F0050624NCAM00454M1 UnsafeR=0.0000 FNR=0.0000
2026-05-26 10:05:47 | INFO     | [T2] NLA_408145730EDR_F0050624NCAM00454M1 UnsafeR=0.0000 FNR=0.0000
2026-05-26 10:05:47 | INFO     | [T2] NLA_398920451EDR_F0030078NCAM00304M1 UnsafeR=0.0000 FNR=0.0000
2026-05-26 10:05:47 | INFO     | [T2] NLA_403977615EDR_F0050104NCAM00107M1 UnsafeR=0.8882 FNR=0.1118
2026-05-26 10:05:47 | INFO     | [T2] NLA_401855285EDR_F0042778NCAM00434M1 UnsafeR=0.0000 FNR=1.0000
2026-05-26 10:05:47 | INFO     | [T2] NLA_402648966EDR_F0050000NCAM00321M1 UnsafeR=0.7809 FNR=0.2191
2026-05-26 10:05:47 | INFO     | [T2] NLA_406647820EDR_F0050388NCAM07754M1 UnsafeR=0.0000 FNR=0.0000
2026-05-26 10:05:47 | INFO     | [T2] NLA_408145754EDR_F0050624NCAM00454M1 UnsafeR=0.2632 FNR=0.7368
2026-05-26 10:05:47 | INFO     | [T2] NLA_403441127EDR_F0050104NCAM00326M1 UnsafeR=0.9799 FNR=0.0201
2026-05-26 10:05:47 | INFO     | [T2] NLA_398919784EDR_F0030078NCAM00301M1 UnsafeR=0.0000 FNR=0.0000
2026-05-26 10:05:47 | INFO     | [T2] NLA_402816231EDR_F0050104NCAM00450M1 UnsafeR=0.9072 FNR=0.0928
2026-05-26 10:05:51 | INFO     | Excel saved: ../../outputs/excel_results/v2/attention_unet_v2_results.xlsx
2026-05-26 10:05:56 | INFO     | ========== ATTENTION U-NET NOTEBOOK COMPLETED ==========
