2026-05-26 10:17:12 | INFO     | ========== EFFICIENTNET_B0_UNET_V2 NOTEBOOK STARTED ==========
2026-05-26 10:17:13 | INFO     | Loaded train.txt: 70 pairs
2026-05-26 10:17:13 | INFO     | Loaded val.txt: 15 pairs
2026-05-26 10:17:13 | INFO     | Loaded test.txt: 15 pairs
2026-05-26 10:17:14 | INFO     | MarsTerrainDataset (ImageNet normalisation) defined.
2026-05-26 10:17:16 | INFO     | Model: EfficientNet-B0-UNet | Params: 8,458,624 | 32.27 MB
2026-05-26 10:17:17 | INFO     | Computing class weights...
2026-05-26 10:17:17 | INFO     | Weights: [0.0428 0.1026 0.0758 3.7788]
2026-05-26 10:17:20 | INFO     | Training: 50 epochs | lr=0.001 | batch=4
2026-05-26 10:17:28 | INFO     | Epoch 001/50 | Train: 2.1812 | Val: 2.8054 | mIoU: 0.0961
2026-05-26 10:17:28 | INFO     |   ✓ Best model saved (mIoU=0.0961)
2026-05-26 10:17:33 | INFO     | Epoch 002/50 | Train: 2.0151 | Val: 2.0918 | mIoU: 0.1312
2026-05-26 10:17:33 | INFO     |   ✓ Best model saved (mIoU=0.1312)
2026-05-26 10:17:37 | INFO     | Epoch 003/50 | Train: 1.8921 | Val: 1.8267 | mIoU: 0.1460
2026-05-26 10:17:38 | INFO     |   ✓ Best model saved (mIoU=0.1460)
2026-05-26 10:17:42 | INFO     | Epoch 004/50 | Train: 1.7706 | Val: 2.0549 | mIoU: 0.0884
2026-05-26 10:17:47 | INFO     | Epoch 005/50 | Train: 1.7665 | Val: 2.0691 | mIoU: 0.0978
2026-05-26 10:17:51 | INFO     | Epoch 006/50 | Train: 1.6114 | Val: 1.9105 | mIoU: 0.2125
2026-05-26 10:17:51 | INFO     |   ✓ Best model saved (mIoU=0.2125)
2026-05-26 10:17:56 | INFO     | Epoch 007/50 | Train: 1.4974 | Val: 1.7396 | mIoU: 0.2036
2026-05-26 10:18:00 | INFO     | Epoch 008/50 | Train: 1.4615 | Val: 1.4625 | mIoU: 0.2685
2026-05-26 10:18:00 | INFO     |   ✓ Best model saved (mIoU=0.2685)
2026-05-26 10:18:04 | INFO     | Epoch 009/50 | Train: 1.5098 | Val: 1.3827 | mIoU: 0.2624
2026-05-26 10:18:09 | INFO     | Epoch 010/50 | Train: 1.2858 | Val: 1.5198 | mIoU: 0.2650
2026-05-26 10:18:13 | INFO     | Epoch 011/50 | Train: 1.2789 | Val: 1.6432 | mIoU: 0.2219
2026-05-26 10:18:18 | INFO     | Epoch 012/50 | Train: 1.2971 | Val: 1.4686 | mIoU: 0.2572
2026-05-26 10:18:22 | INFO     | Epoch 013/50 | Train: 1.1706 | Val: 1.5818 | mIoU: 0.2090
2026-05-26 10:18:27 | INFO     | Epoch 014/50 | Train: 1.0673 | Val: 1.5622 | mIoU: 0.2267
2026-05-26 10:18:31 | INFO     | Epoch 015/50 | Train: 1.0876 | Val: 1.4202 | mIoU: 0.2459
2026-05-26 10:18:36 | INFO     | Epoch 016/50 | Train: 0.9275 | Val: 1.2345 | mIoU: 0.2756
2026-05-26 10:18:36 | INFO     |   ✓ Best model saved (mIoU=0.2756)
2026-05-26 10:18:40 | INFO     | Epoch 017/50 | Train: 0.9186 | Val: 1.2938 | mIoU: 0.2588
2026-05-26 10:18:44 | INFO     | Epoch 018/50 | Train: 1.0741 | Val: 1.2588 | mIoU: 0.2672
2026-05-26 10:18:49 | INFO     | Epoch 019/50 | Train: 0.9988 | Val: 1.2617 | mIoU: 0.2616
2026-05-26 10:18:53 | INFO     | Epoch 020/50 | Train: 1.0255 | Val: 1.3466 | mIoU: 0.2617
2026-05-26 10:18:57 | INFO     | Epoch 021/50 | Train: 0.8806 | Val: 1.2304 | mIoU: 0.2788
2026-05-26 10:18:58 | INFO     |   ✓ Best model saved (mIoU=0.2788)
2026-05-26 10:19:02 | INFO     | Epoch 022/50 | Train: 0.9681 | Val: 1.2957 | mIoU: 0.2607
2026-05-26 10:19:07 | INFO     | Epoch 023/50 | Train: 1.0270 | Val: 1.3587 | mIoU: 0.2517
2026-05-26 10:19:11 | INFO     | Epoch 024/50 | Train: 0.9314 | Val: 1.3601 | mIoU: 0.2436
2026-05-26 10:19:15 | INFO     | Epoch 025/50 | Train: 0.9089 | Val: 1.2288 | mIoU: 0.2816
2026-05-26 10:19:15 | INFO     |   ✓ Best model saved (mIoU=0.2816)
2026-05-26 10:19:20 | INFO     | Epoch 026/50 | Train: 0.8293 | Val: 1.2596 | mIoU: 0.2715
2026-05-26 10:19:24 | INFO     | Epoch 027/50 | Train: 0.9392 | Val: 1.2346 | mIoU: 0.2769
2026-05-26 10:19:29 | INFO     | Epoch 028/50 | Train: 0.8009 | Val: 1.3188 | mIoU: 0.2623
2026-05-26 10:19:33 | INFO     | Epoch 029/50 | Train: 0.8551 | Val: 1.0552 | mIoU: 0.3130
2026-05-26 10:19:33 | INFO     |   ✓ Best model saved (mIoU=0.3130)
2026-05-26 10:19:38 | INFO     | Epoch 030/50 | Train: 0.8141 | Val: 1.1568 | mIoU: 0.3036
2026-05-26 10:19:42 | INFO     | Epoch 031/50 | Train: 0.9467 | Val: 1.2189 | mIoU: 0.2876
2026-05-26 10:19:46 | INFO     | Epoch 032/50 | Train: 0.8701 | Val: 1.7806 | mIoU: 0.2189
2026-05-26 10:19:51 | INFO     | Epoch 033/50 | Train: 0.8896 | Val: 1.0598 | mIoU: 0.3181
2026-05-26 10:19:51 | INFO     |   ✓ Best model saved (mIoU=0.3181)
2026-05-26 10:19:55 | INFO     | Epoch 034/50 | Train: 0.7843 | Val: 1.0120 | mIoU: 0.3221
2026-05-26 10:19:55 | INFO     |   ✓ Best model saved (mIoU=0.3221)
2026-05-26 10:20:00 | INFO     | Epoch 035/50 | Train: 0.7751 | Val: 1.0540 | mIoU: 0.3126
2026-05-26 10:20:04 | INFO     | Epoch 036/50 | Train: 0.7428 | Val: 1.0519 | mIoU: 0.3063
2026-05-26 10:20:08 | INFO     | Epoch 037/50 | Train: 0.7281 | Val: 1.0250 | mIoU: 0.3037
2026-05-26 10:20:13 | INFO     | Epoch 038/50 | Train: 0.7658 | Val: 1.1910 | mIoU: 0.2826
2026-05-26 10:20:17 | INFO     | Epoch 039/50 | Train: 0.7221 | Val: 1.1402 | mIoU: 0.3010
2026-05-26 10:20:21 | INFO     | Epoch 040/50 | Train: 0.6718 | Val: 1.3281 | mIoU: 0.2916
2026-05-26 10:20:26 | INFO     | Epoch 041/50 | Train: 0.6097 | Val: 1.0835 | mIoU: 0.3197
2026-05-26 10:20:30 | INFO     | Epoch 042/50 | Train: 0.7491 | Val: 1.2427 | mIoU: 0.2884
2026-05-26 10:20:34 | INFO     | Epoch 043/50 | Train: 0.7958 | Val: 1.1609 | mIoU: 0.3023
2026-05-26 10:20:39 | INFO     | Epoch 044/50 | Train: 0.7528 | Val: 1.1005 | mIoU: 0.3228
2026-05-26 10:20:39 | INFO     |   ✓ Best model saved (mIoU=0.3228)
2026-05-26 10:20:43 | INFO     | Epoch 045/50 | Train: 0.7043 | Val: 1.0758 | mIoU: 0.3264
2026-05-26 10:20:44 | INFO     |   ✓ Best model saved (mIoU=0.3264)
2026-05-26 10:20:48 | INFO     | Epoch 046/50 | Train: 0.6582 | Val: 1.1335 | mIoU: 0.3102
2026-05-26 10:20:52 | INFO     | Epoch 047/50 | Train: 0.6250 | Val: 1.1359 | mIoU: 0.3017
2026-05-26 10:20:57 | INFO     | Epoch 048/50 | Train: 0.6121 | Val: 1.0885 | mIoU: 0.3222
2026-05-26 10:21:01 | INFO     | Epoch 049/50 | Train: 0.6156 | Val: 1.0587 | mIoU: 0.3351
2026-05-26 10:21:01 | INFO     |   ✓ Best model saved (mIoU=0.3351)
2026-05-26 10:21:06 | INFO     | Epoch 050/50 | Train: 0.6832 | Val: 1.0419 | mIoU: 0.3276
2026-05-26 10:21:06 | INFO     | Training complete. Best epoch: 49, mIoU: 0.3351
2026-05-26 10:26:09 | INFO     | [T1] NLA_398561822EDR_F0030004NCAM00400M1 mIoU=0.2442 62.4ms
2026-05-26 10:26:09 | INFO     | [T1] NLA_407975674EDR_F0050432NCAM07814M1 mIoU=0.2482 26.0ms
2026-05-26 10:26:09 | INFO     | [T1] NLA_402117478EDR_F0043200NCAM00439M1 mIoU=0.0674 20.7ms
2026-05-26 10:26:09 | INFO     | [T1] NLA_398920052EDR_F0030078NCAM00303M1 mIoU=0.2470 21.9ms
2026-05-26 10:26:09 | INFO     | [T1] NLA_408145785EDR_F0050624NCAM00454M1 mIoU=0.2443 23.3ms
2026-05-26 10:26:10 | INFO     | [T1] NLA_408145730EDR_F0050624NCAM00454M1 mIoU=0.3779 21.0ms
2026-05-26 10:26:10 | INFO     | [T1] NLA_398920451EDR_F0030078NCAM00304M1 mIoU=0.0492 22.1ms
2026-05-26 10:26:10 | INFO     | [T1] NLA_403977615EDR_F0050104NCAM00107M1 mIoU=0.4811 20.7ms
2026-05-26 10:26:10 | INFO     | [T1] NLA_401855285EDR_F0042778NCAM00434M1 mIoU=0.2486 23.9ms
2026-05-26 10:26:10 | INFO     | [T1] NLA_402648966EDR_F0050000NCAM00321M1 mIoU=0.2499 21.6ms
2026-05-26 10:26:10 | INFO     | [T1] NLA_406647820EDR_F0050388NCAM07754M1 mIoU=0.2586 20.9ms
2026-05-26 10:26:10 | INFO     | [T1] NLA_408145754EDR_F0050624NCAM00454M1 mIoU=0.4082 20.2ms
2026-05-26 10:26:10 | INFO     | [T1] NLA_403441127EDR_F0050104NCAM00326M1 mIoU=0.2500 23.5ms
2026-05-26 10:26:10 | INFO     | [T1] NLA_398919784EDR_F0030078NCAM00301M1 mIoU=0.2003 20.5ms
2026-05-26 10:26:10 | INFO     | [T1] NLA_402816231EDR_F0050104NCAM00450M1 mIoU=0.2492 21.4ms
2026-05-26 10:26:13 | INFO     | [T2] NLA_398561822EDR_F0030004NCAM00400M1 UnsafeR=0.0000 FNR=0.0000
2026-05-26 10:26:13 | INFO     | [T2] NLA_407975674EDR_F0050432NCAM07814M1 UnsafeR=0.0000 FNR=0.0000
2026-05-26 10:26:13 | INFO     | [T2] NLA_402117478EDR_F0043200NCAM00439M1 UnsafeR=0.0000 FNR=0.0000
2026-05-26 10:26:13 | INFO     | [T2] NLA_398920052EDR_F0030078NCAM00303M1 UnsafeR=0.0000 FNR=0.0000
2026-05-26 10:26:13 | INFO     | [T2] NLA_408145785EDR_F0050624NCAM00454M1 UnsafeR=0.0000 FNR=0.0000
2026-05-26 10:26:13 | INFO     | [T2] NLA_408145730EDR_F0050624NCAM00454M1 UnsafeR=0.0000 FNR=0.0000
2026-05-26 10:26:13 | INFO     | [T2] NLA_398920451EDR_F0030078NCAM00304M1 UnsafeR=0.0000 FNR=0.0000
2026-05-26 10:26:13 | INFO     | [T2] NLA_403977615EDR_F0050104NCAM00107M1 UnsafeR=0.9418 FNR=0.0582
2026-05-26 10:26:13 | INFO     | [T2] NLA_401855285EDR_F0042778NCAM00434M1 UnsafeR=0.0000 FNR=1.0000
2026-05-26 10:26:13 | INFO     | [T2] NLA_402648966EDR_F0050000NCAM00321M1 UnsafeR=0.9995 FNR=0.0005
2026-05-26 10:26:13 | INFO     | [T2] NLA_406647820EDR_F0050388NCAM07754M1 UnsafeR=0.0000 FNR=0.0000
2026-05-26 10:26:13 | INFO     | [T2] NLA_408145754EDR_F0050624NCAM00454M1 UnsafeR=0.0000 FNR=1.0000
2026-05-26 10:26:13 | INFO     | [T2] NLA_403441127EDR_F0050104NCAM00326M1 UnsafeR=1.0000 FNR=0.0000
2026-05-26 10:26:13 | INFO     | [T2] NLA_398919784EDR_F0030078NCAM00301M1 UnsafeR=0.0000 FNR=0.0000
2026-05-26 10:26:13 | INFO     | [T2] NLA_402816231EDR_F0050104NCAM00450M1 UnsafeR=0.9969 FNR=0.0031
2026-05-26 10:26:18 | INFO     | Excel saved: ../../outputs/excel_results/v2/efficientnet_b0_unet_v2_results.xlsx
2026-05-26 10:26:23 | INFO     | ========== EFFICIENTNET-B0-UNET NOTEBOOK COMPLETED ==========
