2026-05-26 10:12:05 | INFO     | ========== MOBILENETV3_UNET_V2 NOTEBOOK STARTED ==========
2026-05-26 10:12:10 | INFO     | Loaded train.txt: 70 pairs
2026-05-26 10:12:10 | INFO     | Loaded val.txt: 15 pairs
2026-05-26 10:12:10 | INFO     | Loaded test.txt: 15 pairs
2026-05-26 10:12:11 | INFO     | MarsTerrainDataset (ImageNet normalisation) defined.
2026-05-26 10:12:14 | INFO     | Model: MobileNetV3-UNet | Params: 6,685,748 | 25.50 MB
2026-05-26 10:12:15 | INFO     | Computing class weights...
2026-05-26 10:12:16 | INFO     | Weights: [0.0428 0.1026 0.0758 3.7788]
2026-05-26 10:12:20 | INFO     | Training: 50 epochs | lr=0.001 | batch=4
2026-05-26 10:12:27 | INFO     | Epoch 001/50 | Train: 2.0301 | Val: 2.0708 | mIoU: 0.1018
2026-05-26 10:12:27 | INFO     |   ✓ Best model saved (mIoU=0.1018)
2026-05-26 10:12:31 | INFO     | Epoch 002/50 | Train: 1.6694 | Val: 1.6679 | mIoU: 0.2496
2026-05-26 10:12:31 | INFO     |   ✓ Best model saved (mIoU=0.2496)
2026-05-26 10:12:35 | INFO     | Epoch 003/50 | Train: 1.6085 | Val: 1.7810 | mIoU: 0.1733
2026-05-26 10:12:39 | INFO     | Epoch 004/50 | Train: 1.6620 | Val: 1.8201 | mIoU: 0.1830
2026-05-26 10:12:42 | INFO     | Epoch 005/50 | Train: 1.4028 | Val: 1.6417 | mIoU: 0.2273
2026-05-26 10:12:46 | INFO     | Epoch 006/50 | Train: 1.4518 | Val: 1.4728 | mIoU: 0.2671
2026-05-26 10:12:46 | INFO     |   ✓ Best model saved (mIoU=0.2671)
2026-05-26 10:12:50 | INFO     | Epoch 007/50 | Train: 1.3776 | Val: 2.2086 | mIoU: 0.1826
2026-05-26 10:12:53 | INFO     | Epoch 008/50 | Train: 1.3119 | Val: 1.9888 | mIoU: 0.2163
2026-05-26 10:12:57 | INFO     | Epoch 009/50 | Train: 1.2210 | Val: 2.0042 | mIoU: 0.1519
2026-05-26 10:13:01 | INFO     | Epoch 010/50 | Train: 1.3079 | Val: 4.7241 | mIoU: 0.1693
2026-05-26 10:13:04 | INFO     | Epoch 011/50 | Train: 1.3117 | Val: 3.1670 | mIoU: 0.1851
2026-05-26 10:13:08 | INFO     | Epoch 012/50 | Train: 1.2054 | Val: 1.5831 | mIoU: 0.2463
2026-05-26 10:13:11 | INFO     | Epoch 013/50 | Train: 1.1316 | Val: 1.3846 | mIoU: 0.2629
2026-05-26 10:13:15 | INFO     | Epoch 014/50 | Train: 1.1956 | Val: 1.4599 | mIoU: 0.2218
2026-05-26 10:13:19 | INFO     | Epoch 015/50 | Train: 1.0658 | Val: 1.2574 | mIoU: 0.2917
2026-05-26 10:13:19 | INFO     |   ✓ Best model saved (mIoU=0.2917)
2026-05-26 10:13:22 | INFO     | Epoch 016/50 | Train: 0.9517 | Val: 1.2014 | mIoU: 0.3037
2026-05-26 10:13:22 | INFO     |   ✓ Best model saved (mIoU=0.3037)
2026-05-26 10:13:26 | INFO     | Epoch 017/50 | Train: 0.9699 | Val: 1.2273 | mIoU: 0.3046
2026-05-26 10:13:26 | INFO     |   ✓ Best model saved (mIoU=0.3046)
2026-05-26 10:13:30 | INFO     | Epoch 018/50 | Train: 0.9347 | Val: 1.2770 | mIoU: 0.2863
2026-05-26 10:13:34 | INFO     | Epoch 019/50 | Train: 0.9253 | Val: 1.1731 | mIoU: 0.3031
2026-05-26 10:13:37 | INFO     | Epoch 020/50 | Train: 0.8857 | Val: 1.1120 | mIoU: 0.3161
2026-05-26 10:13:38 | INFO     |   ✓ Best model saved (mIoU=0.3161)
2026-05-26 10:13:41 | INFO     | Epoch 021/50 | Train: 0.9402 | Val: 1.1309 | mIoU: 0.3114
2026-05-26 10:13:45 | INFO     | Epoch 022/50 | Train: 1.0270 | Val: 1.2233 | mIoU: 0.2414
2026-05-26 10:13:49 | INFO     | Epoch 023/50 | Train: 0.9902 | Val: 1.4055 | mIoU: 0.2426
2026-05-26 10:13:52 | INFO     | Epoch 024/50 | Train: 0.9020 | Val: 1.1385 | mIoU: 0.2925
2026-05-26 10:13:56 | INFO     | Epoch 025/50 | Train: 0.9413 | Val: 1.1616 | mIoU: 0.3010
2026-05-26 10:13:59 | INFO     | Epoch 026/50 | Train: 1.0319 | Val: 1.0938 | mIoU: 0.2959
2026-05-26 10:14:03 | INFO     | Epoch 027/50 | Train: 0.9577 | Val: 1.0972 | mIoU: 0.2999
2026-05-26 10:14:06 | INFO     | Epoch 028/50 | Train: 0.7480 | Val: 1.0966 | mIoU: 0.3036
2026-05-26 10:14:10 | INFO     | Epoch 029/50 | Train: 0.7947 | Val: 1.1257 | mIoU: 0.2946
2026-05-26 10:14:13 | INFO     | Epoch 030/50 | Train: 0.7784 | Val: 1.1115 | mIoU: 0.3014
2026-05-26 10:14:17 | INFO     | Epoch 031/50 | Train: 0.7775 | Val: 1.0967 | mIoU: 0.3028
2026-05-26 10:14:21 | INFO     | Epoch 032/50 | Train: 0.7313 | Val: 1.0417 | mIoU: 0.3274
2026-05-26 10:14:21 | INFO     |   ✓ Best model saved (mIoU=0.3274)
2026-05-26 10:14:24 | INFO     | Epoch 033/50 | Train: 0.7969 | Val: 1.1165 | mIoU: 0.2938
2026-05-26 10:14:28 | INFO     | Epoch 034/50 | Train: 0.6525 | Val: 1.0864 | mIoU: 0.3052
2026-05-26 10:14:32 | INFO     | Epoch 035/50 | Train: 0.7605 | Val: 1.0673 | mIoU: 0.3163
2026-05-26 10:14:35 | INFO     | Epoch 036/50 | Train: 0.6001 | Val: 1.1247 | mIoU: 0.2939
2026-05-26 10:14:39 | INFO     | Epoch 037/50 | Train: 0.6644 | Val: 1.0797 | mIoU: 0.3026
2026-05-26 10:14:42 | INFO     | Epoch 038/50 | Train: 0.7226 | Val: 1.1390 | mIoU: 0.2953
2026-05-26 10:14:46 | INFO     | Epoch 039/50 | Train: 0.6152 | Val: 1.0947 | mIoU: 0.3022
2026-05-26 10:14:49 | INFO     | Epoch 040/50 | Train: 0.6531 | Val: 1.0697 | mIoU: 0.3068
2026-05-26 10:14:53 | INFO     | Epoch 041/50 | Train: 0.8250 | Val: 1.0405 | mIoU: 0.3057
2026-05-26 10:14:57 | INFO     | Epoch 042/50 | Train: 0.6282 | Val: 1.0525 | mIoU: 0.3108
2026-05-26 10:15:00 | INFO     | Epoch 043/50 | Train: 0.7575 | Val: 1.0678 | mIoU: 0.3079
2026-05-26 10:15:04 | INFO     | Epoch 044/50 | Train: 0.5706 | Val: 1.1213 | mIoU: 0.3011
2026-05-26 10:15:07 | INFO     | Epoch 045/50 | Train: 0.6170 | Val: 1.1386 | mIoU: 0.3024
2026-05-26 10:15:11 | INFO     | Epoch 046/50 | Train: 0.6128 | Val: 1.1229 | mIoU: 0.3054
2026-05-26 10:15:15 | INFO     | Epoch 047/50 | Train: 0.5832 | Val: 1.0668 | mIoU: 0.3170
2026-05-26 10:15:18 | INFO     | Epoch 048/50 | Train: 0.7787 | Val: 1.0403 | mIoU: 0.3218
2026-05-26 10:15:22 | INFO     | Epoch 049/50 | Train: 0.7294 | Val: 1.0444 | mIoU: 0.3205
2026-05-26 10:15:25 | INFO     | Epoch 050/50 | Train: 0.7549 | Val: 1.0351 | mIoU: 0.3259
2026-05-26 10:15:25 | INFO     | Training complete. Best epoch: 32, mIoU: 0.3274
2026-05-26 10:15:35 | INFO     | [T1] NLA_398561822EDR_F0030004NCAM00400M1 mIoU=0.2499 33.5ms
2026-05-26 10:15:35 | INFO     | [T1] NLA_407975674EDR_F0050432NCAM07814M1 mIoU=0.2500 19.1ms
2026-05-26 10:15:35 | INFO     | [T1] NLA_402117478EDR_F0043200NCAM00439M1 mIoU=0.1803 19.8ms
2026-05-26 10:15:35 | INFO     | [T1] NLA_398920052EDR_F0030078NCAM00303M1 mIoU=0.2500 21.8ms
2026-05-26 10:15:35 | INFO     | [T1] NLA_408145785EDR_F0050624NCAM00454M1 mIoU=0.3309 18.2ms
2026-05-26 10:15:35 | INFO     | [T1] NLA_408145730EDR_F0050624NCAM00454M1 mIoU=0.2403 22.4ms
2026-05-26 10:15:35 | INFO     | [T1] NLA_398920451EDR_F0030078NCAM00304M1 mIoU=0.2500 18.3ms
2026-05-26 10:15:35 | INFO     | [T1] NLA_403977615EDR_F0050104NCAM00107M1 mIoU=0.4357 19.9ms
2026-05-26 10:15:35 | INFO     | [T1] NLA_401855285EDR_F0042778NCAM00434M1 mIoU=0.2477 18.1ms
2026-05-26 10:15:35 | INFO     | [T1] NLA_402648966EDR_F0050000NCAM00321M1 mIoU=0.2500 22.7ms
2026-05-26 10:15:35 | INFO     | [T1] NLA_406647820EDR_F0050388NCAM07754M1 mIoU=0.2588 18.1ms
2026-05-26 10:15:35 | INFO     | [T1] NLA_408145754EDR_F0050624NCAM00454M1 mIoU=0.3500 21.3ms
2026-05-26 10:15:35 | INFO     | [T1] NLA_403441127EDR_F0050104NCAM00326M1 mIoU=0.2500 20.8ms
2026-05-26 10:15:35 | INFO     | [T1] NLA_398919784EDR_F0030078NCAM00301M1 mIoU=0.2500 18.4ms
2026-05-26 10:15:35 | INFO     | [T1] NLA_402816231EDR_F0050104NCAM00450M1 mIoU=0.2496 21.3ms
2026-05-26 10:15:38 | INFO     | [T2] NLA_398561822EDR_F0030004NCAM00400M1 UnsafeR=0.0000 FNR=0.0000
2026-05-26 10:15:38 | INFO     | [T2] NLA_407975674EDR_F0050432NCAM07814M1 UnsafeR=0.0000 FNR=0.0000
2026-05-26 10:15:38 | INFO     | [T2] NLA_402117478EDR_F0043200NCAM00439M1 UnsafeR=0.0000 FNR=0.0000
2026-05-26 10:15:38 | INFO     | [T2] NLA_398920052EDR_F0030078NCAM00303M1 UnsafeR=0.0000 FNR=0.0000
2026-05-26 10:15:38 | INFO     | [T2] NLA_408145785EDR_F0050624NCAM00454M1 UnsafeR=0.0000 FNR=0.0000
2026-05-26 10:15:38 | INFO     | [T2] NLA_408145730EDR_F0050624NCAM00454M1 UnsafeR=0.0000 FNR=0.0000
2026-05-26 10:15:38 | INFO     | [T2] NLA_398920451EDR_F0030078NCAM00304M1 UnsafeR=0.0000 FNR=0.0000
2026-05-26 10:15:38 | INFO     | [T2] NLA_403977615EDR_F0050104NCAM00107M1 UnsafeR=0.8222 FNR=0.1778
2026-05-26 10:15:38 | INFO     | [T2] NLA_401855285EDR_F0042778NCAM00434M1 UnsafeR=0.0000 FNR=1.0000
2026-05-26 10:15:38 | INFO     | [T2] NLA_402648966EDR_F0050000NCAM00321M1 UnsafeR=1.0000 FNR=0.0000
2026-05-26 10:15:38 | INFO     | [T2] NLA_406647820EDR_F0050388NCAM07754M1 UnsafeR=0.0000 FNR=0.0000
2026-05-26 10:15:38 | INFO     | [T2] NLA_408145754EDR_F0050624NCAM00454M1 UnsafeR=0.0000 FNR=1.0000
2026-05-26 10:15:38 | INFO     | [T2] NLA_403441127EDR_F0050104NCAM00326M1 UnsafeR=1.0000 FNR=0.0000
2026-05-26 10:15:38 | INFO     | [T2] NLA_398919784EDR_F0030078NCAM00301M1 UnsafeR=0.0000 FNR=0.0000
2026-05-26 10:15:38 | INFO     | [T2] NLA_402816231EDR_F0050104NCAM00450M1 UnsafeR=1.0000 FNR=0.0000
2026-05-26 10:15:42 | INFO     | Excel saved: ../../outputs/excel_results/v2/mobilenetv3_unet_v2_results.xlsx
2026-05-26 10:15:49 | INFO     | ========== MOBILENETV3-UNET NOTEBOOK COMPLETED ==========
