2026-05-26 10:07:09 | INFO     | ========== MOBILENETV2_UNET_V2 NOTEBOOK STARTED ==========
2026-05-26 10:07:11 | INFO     | Loaded train.txt: 70 pairs
2026-05-26 10:07:11 | INFO     | Loaded val.txt: 15 pairs
2026-05-26 10:07:11 | INFO     | Loaded test.txt: 15 pairs
2026-05-26 10:07:12 | INFO     | MarsTerrainDataset (with ImageNet normalisation) defined.
2026-05-26 10:07:14 | INFO     | Model: MobileNetV2-UNet | Params: 6,628,868 | 25.29 MB
2026-05-26 10:07:15 | INFO     | Computing class weights...
2026-05-26 10:07:15 | INFO     | Weights: [0.0428 0.1026 0.0758 3.7788]
2026-05-26 10:07:20 | INFO     | Training: 50 epochs | lr=0.001 | batch=4
2026-05-26 10:07:26 | INFO     | Epoch 001/50 | Train: 2.1202 | Val: 2.7495 | mIoU: 0.1210
2026-05-26 10:07:27 | INFO     |   ✓ Best model saved (mIoU=0.1210)
2026-05-26 10:07:30 | INFO     | Epoch 002/50 | Train: 1.9199 | Val: 2.4633 | mIoU: 0.1900
2026-05-26 10:07:31 | INFO     |   ✓ Best model saved (mIoU=0.1900)
2026-05-26 10:07:34 | INFO     | Epoch 003/50 | Train: 1.7861 | Val: 1.4104 | mIoU: 0.2635
2026-05-26 10:07:34 | INFO     |   ✓ Best model saved (mIoU=0.2635)
2026-05-26 10:07:38 | INFO     | Epoch 004/50 | Train: 1.8343 | Val: 1.3370 | mIoU: 0.2771
2026-05-26 10:07:38 | INFO     |   ✓ Best model saved (mIoU=0.2771)
2026-05-26 10:07:42 | INFO     | Epoch 005/50 | Train: 1.7669 | Val: 1.6175 | mIoU: 0.2640
2026-05-26 10:07:45 | INFO     | Epoch 006/50 | Train: 1.7337 | Val: 1.3966 | mIoU: 0.2690
2026-05-26 10:07:48 | INFO     | Epoch 007/50 | Train: 1.6666 | Val: 1.1727 | mIoU: 0.2874
2026-05-26 10:07:49 | INFO     |   ✓ Best model saved (mIoU=0.2874)
2026-05-26 10:07:52 | INFO     | Epoch 008/50 | Train: 1.4807 | Val: 1.2902 | mIoU: 0.2715
2026-05-26 10:07:55 | INFO     | Epoch 009/50 | Train: 1.6767 | Val: 1.3046 | mIoU: 0.2934
2026-05-26 10:07:56 | INFO     |   ✓ Best model saved (mIoU=0.2934)
2026-05-26 10:07:59 | INFO     | Epoch 010/50 | Train: 1.5345 | Val: 1.2280 | mIoU: 0.2925
2026-05-26 10:08:02 | INFO     | Epoch 011/50 | Train: 1.5392 | Val: 1.5246 | mIoU: 0.2406
2026-05-26 10:08:06 | INFO     | Epoch 012/50 | Train: 1.6434 | Val: 1.3219 | mIoU: 0.2591
2026-05-26 10:08:09 | INFO     | Epoch 013/50 | Train: 1.5510 | Val: 1.7556 | mIoU: 0.2130
2026-05-26 10:08:13 | INFO     | Epoch 014/50 | Train: 1.6049 | Val: 1.4797 | mIoU: 0.2386
2026-05-26 10:08:16 | INFO     | Epoch 015/50 | Train: 1.5412 | Val: 1.5863 | mIoU: 0.2374
2026-05-26 10:08:19 | INFO     | Epoch 016/50 | Train: 1.3868 | Val: 1.4011 | mIoU: 0.2854
2026-05-26 10:08:23 | INFO     | Epoch 017/50 | Train: 1.5107 | Val: 1.2949 | mIoU: 0.2851
2026-05-26 10:08:26 | INFO     | Epoch 018/50 | Train: 1.4802 | Val: 1.4374 | mIoU: 0.2766
2026-05-26 10:08:30 | INFO     | Epoch 019/50 | Train: 1.3493 | Val: 1.4580 | mIoU: 0.2687
2026-05-26 10:08:33 | INFO     | Epoch 020/50 | Train: 1.4134 | Val: 1.4748 | mIoU: 0.2666
2026-05-26 10:08:37 | INFO     | Epoch 021/50 | Train: 1.3597 | Val: 1.4125 | mIoU: 0.2741
2026-05-26 10:08:40 | INFO     | Epoch 022/50 | Train: 1.3092 | Val: 1.2985 | mIoU: 0.3248
2026-05-26 10:08:40 | INFO     |   ✓ Best model saved (mIoU=0.3248)
2026-05-26 10:08:44 | INFO     | Epoch 023/50 | Train: 1.1030 | Val: 1.3215 | mIoU: 0.3162
2026-05-26 10:08:47 | INFO     | Epoch 024/50 | Train: 1.4107 | Val: 1.3983 | mIoU: 0.2751
2026-05-26 10:08:50 | INFO     | Epoch 025/50 | Train: 1.4485 | Val: 1.3567 | mIoU: 0.2703
2026-05-26 10:08:54 | INFO     | Epoch 026/50 | Train: 1.1941 | Val: 1.2815 | mIoU: 0.2916
2026-05-26 10:08:57 | INFO     | Epoch 027/50 | Train: 1.2257 | Val: 1.4205 | mIoU: 0.2695
2026-05-26 10:09:01 | INFO     | Epoch 028/50 | Train: 1.1277 | Val: 1.4359 | mIoU: 0.2714
2026-05-26 10:09:04 | INFO     | Epoch 029/50 | Train: 1.0932 | Val: 1.3843 | mIoU: 0.2718
2026-05-26 10:09:08 | INFO     | Epoch 030/50 | Train: 1.0923 | Val: 1.3296 | mIoU: 0.2835
2026-05-26 10:09:11 | INFO     | Epoch 031/50 | Train: 1.1010 | Val: 1.3842 | mIoU: 0.2748
2026-05-26 10:09:15 | INFO     | Epoch 032/50 | Train: 1.0714 | Val: 1.3537 | mIoU: 0.2825
2026-05-26 10:09:18 | INFO     | Epoch 033/50 | Train: 1.0718 | Val: 1.4252 | mIoU: 0.2773
2026-05-26 10:09:22 | INFO     | Epoch 034/50 | Train: 1.1107 | Val: 1.2578 | mIoU: 0.2999
2026-05-26 10:09:26 | INFO     | Epoch 035/50 | Train: 1.1305 | Val: 1.3212 | mIoU: 0.2908
2026-05-26 10:09:29 | INFO     | Epoch 036/50 | Train: 1.0653 | Val: 1.3949 | mIoU: 0.2753
2026-05-26 10:09:33 | INFO     | Epoch 037/50 | Train: 0.9808 | Val: 1.4692 | mIoU: 0.2722
2026-05-26 10:09:36 | INFO     | Epoch 038/50 | Train: 0.9773 | Val: 1.3805 | mIoU: 0.2814
2026-05-26 10:09:40 | INFO     | Epoch 039/50 | Train: 1.0487 | Val: 1.3742 | mIoU: 0.2835
2026-05-26 10:09:43 | INFO     | Epoch 040/50 | Train: 1.0802 | Val: 1.3613 | mIoU: 0.2834
2026-05-26 10:09:47 | INFO     | Epoch 041/50 | Train: 0.9933 | Val: 1.3174 | mIoU: 0.2871
2026-05-26 10:09:51 | INFO     | Epoch 042/50 | Train: 0.8955 | Val: 1.3753 | mIoU: 0.2841
2026-05-26 10:09:54 | INFO     | Epoch 043/50 | Train: 1.1403 | Val: 1.3253 | mIoU: 0.2900
2026-05-26 10:09:58 | INFO     | Epoch 044/50 | Train: 0.9843 | Val: 1.2946 | mIoU: 0.2928
2026-05-26 10:10:01 | INFO     | Epoch 045/50 | Train: 0.9822 | Val: 1.3073 | mIoU: 0.2903
2026-05-26 10:10:05 | INFO     | Epoch 046/50 | Train: 1.0136 | Val: 1.3008 | mIoU: 0.2857
2026-05-26 10:10:08 | INFO     | Epoch 047/50 | Train: 0.9455 | Val: 1.3167 | mIoU: 0.2848
2026-05-26 10:10:12 | INFO     | Epoch 048/50 | Train: 0.9511 | Val: 1.2891 | mIoU: 0.2862
2026-05-26 10:10:16 | INFO     | Epoch 049/50 | Train: 0.9709 | Val: 1.3447 | mIoU: 0.2794
2026-05-26 10:10:19 | INFO     | Epoch 050/50 | Train: 1.0157 | Val: 1.3422 | mIoU: 0.2789
2026-05-26 10:10:19 | INFO     | Training complete. Best epoch: 22, mIoU: 0.3248
2026-05-26 10:10:26 | INFO     | [T1] NLA_398561822EDR_F0030004NCAM00400M1 mIoU=0.2462 21.1ms
2026-05-26 10:10:26 | INFO     | [T1] NLA_407975674EDR_F0050432NCAM07814M1 mIoU=0.0000 18.5ms
2026-05-26 10:10:26 | INFO     | [T1] NLA_402117478EDR_F0043200NCAM00439M1 mIoU=0.1781 21.7ms
2026-05-26 10:10:26 | INFO     | [T1] NLA_398920052EDR_F0030078NCAM00303M1 mIoU=0.2496 17.6ms
2026-05-26 10:10:26 | INFO     | [T1] NLA_408145785EDR_F0050624NCAM00454M1 mIoU=0.1850 21.2ms
2026-05-26 10:10:26 | INFO     | [T1] NLA_408145730EDR_F0050624NCAM00454M1 mIoU=0.1321 17.7ms
2026-05-26 10:10:26 | INFO     | [T1] NLA_398920451EDR_F0030078NCAM00304M1 mIoU=0.2500 18.4ms
2026-05-26 10:10:26 | INFO     | [T1] NLA_403977615EDR_F0050104NCAM00107M1 mIoU=0.3771 16.9ms
2026-05-26 10:10:26 | INFO     | [T1] NLA_401855285EDR_F0042778NCAM00434M1 mIoU=0.2486 17.5ms
2026-05-26 10:10:26 | INFO     | [T1] NLA_402648966EDR_F0050000NCAM00321M1 mIoU=0.2428 18.7ms
2026-05-26 10:10:26 | INFO     | [T1] NLA_406647820EDR_F0050388NCAM07754M1 mIoU=0.2162 22.2ms
2026-05-26 10:10:26 | INFO     | [T1] NLA_408145754EDR_F0050624NCAM00454M1 mIoU=0.1650 19.1ms
2026-05-26 10:10:26 | INFO     | [T1] NLA_403441127EDR_F0050104NCAM00326M1 mIoU=0.2500 21.1ms
2026-05-26 10:10:26 | INFO     | [T1] NLA_398919784EDR_F0030078NCAM00301M1 mIoU=0.2500 20.2ms
2026-05-26 10:10:26 | INFO     | [T1] NLA_402816231EDR_F0050104NCAM00450M1 mIoU=0.2193 19.7ms
2026-05-26 10:10:29 | INFO     | [T2] NLA_398561822EDR_F0030004NCAM00400M1 UnsafeR=0.0000 FNR=0.0000
2026-05-26 10:10:29 | INFO     | [T2] NLA_407975674EDR_F0050432NCAM07814M1 UnsafeR=0.0000 FNR=0.0000
2026-05-26 10:10:29 | INFO     | [T2] NLA_402117478EDR_F0043200NCAM00439M1 UnsafeR=0.0000 FNR=0.0000
2026-05-26 10:10:29 | INFO     | [T2] NLA_398920052EDR_F0030078NCAM00303M1 UnsafeR=0.0000 FNR=0.0000
2026-05-26 10:10:29 | INFO     | [T2] NLA_408145785EDR_F0050624NCAM00454M1 UnsafeR=0.0000 FNR=0.0000
2026-05-26 10:10:29 | INFO     | [T2] NLA_408145730EDR_F0050624NCAM00454M1 UnsafeR=0.0000 FNR=0.0000
2026-05-26 10:10:29 | INFO     | [T2] NLA_398920451EDR_F0030078NCAM00304M1 UnsafeR=0.0000 FNR=0.0000
2026-05-26 10:10:29 | INFO     | [T2] NLA_403977615EDR_F0050104NCAM00107M1 UnsafeR=0.6762 FNR=0.3238
2026-05-26 10:10:29 | INFO     | [T2] NLA_401855285EDR_F0042778NCAM00434M1 UnsafeR=0.0000 FNR=1.0000
2026-05-26 10:10:29 | INFO     | [T2] NLA_402648966EDR_F0050000NCAM00321M1 UnsafeR=0.9796 FNR=0.0204
2026-05-26 10:10:29 | INFO     | [T2] NLA_406647820EDR_F0050388NCAM07754M1 UnsafeR=0.0000 FNR=0.0000
2026-05-26 10:10:29 | INFO     | [T2] NLA_408145754EDR_F0050624NCAM00454M1 UnsafeR=0.0000 FNR=1.0000
2026-05-26 10:10:29 | INFO     | [T2] NLA_403441127EDR_F0050104NCAM00326M1 UnsafeR=1.0000 FNR=0.0000
2026-05-26 10:10:29 | INFO     | [T2] NLA_398919784EDR_F0030078NCAM00301M1 UnsafeR=0.0000 FNR=0.0000
2026-05-26 10:10:29 | INFO     | [T2] NLA_402816231EDR_F0050104NCAM00450M1 UnsafeR=0.8859 FNR=0.1141
2026-05-26 10:10:32 | INFO     | Excel saved: ../../outputs/excel_results/v2/mobilenetv2_unet_v2_results.xlsx
2026-05-26 10:10:38 | INFO     | ========== MOBILENETV2-UNET NOTEBOOK COMPLETED ==========
