2026-05-26 10:27:20 | INFO     | ========== RESNET18_UNET_V2 NOTEBOOK STARTED ==========
2026-05-26 10:27:29 | INFO     | Loaded train.txt: 70 pairs
2026-05-26 10:27:29 | INFO     | Loaded val.txt: 15 pairs
2026-05-26 10:27:29 | INFO     | Loaded test.txt: 15 pairs
2026-05-26 10:27:29 | INFO     | MarsTerrainDataset (ImageNet normalisation) defined.
2026-05-26 10:27:31 | INFO     | Model: ResNet18-UNet | Params: 14,413,636 | 54.98 MB
2026-05-26 10:27:32 | INFO     | Computing class weights...
2026-05-26 10:27:33 | INFO     | Weights: [0.0428 0.1026 0.0758 3.7788]
2026-05-26 10:27:38 | INFO     | Training: 50 epochs | lr=0.001 | batch=4
2026-05-26 10:27:43 | INFO     | Epoch 001/50 | Train: 2.1947 | Val: 11.3787 | mIoU: 0.0246
2026-05-26 10:27:43 | INFO     |   ✓ Best model saved (mIoU=0.0246)
2026-05-26 10:27:47 | INFO     | Epoch 002/50 | Train: 2.1075 | Val: 2.3111 | mIoU: 0.1288
2026-05-26 10:27:47 | INFO     |   ✓ Best model saved (mIoU=0.1288)
2026-05-26 10:27:51 | INFO     | Epoch 003/50 | Train: 1.9230 | Val: 3.6159 | mIoU: 0.0812
2026-05-26 10:27:54 | INFO     | Epoch 004/50 | Train: 1.9200 | Val: 1.9658 | mIoU: 0.1927
2026-05-26 10:27:55 | INFO     |   ✓ Best model saved (mIoU=0.1927)
2026-05-26 10:27:58 | INFO     | Epoch 005/50 | Train: 1.8468 | Val: 2.2406 | mIoU: 0.1154
2026-05-26 10:28:02 | INFO     | Epoch 006/50 | Train: 1.7193 | Val: 2.3753 | mIoU: 0.1175
2026-05-26 10:28:06 | INFO     | Epoch 007/50 | Train: 1.9822 | Val: 2.3007 | mIoU: 0.1401
2026-05-26 10:28:09 | INFO     | Epoch 008/50 | Train: 1.9340 | Val: 2.4847 | mIoU: 0.0451
2026-05-26 10:28:13 | INFO     | Epoch 009/50 | Train: 2.0168 | Val: 2.0709 | mIoU: 0.1238
2026-05-26 10:28:17 | INFO     | Epoch 010/50 | Train: 1.9029 | Val: 2.2099 | mIoU: 0.0883
2026-05-26 10:28:21 | INFO     | Epoch 011/50 | Train: 1.8739 | Val: 1.7559 | mIoU: 0.2363
2026-05-26 10:28:21 | INFO     |   ✓ Best model saved (mIoU=0.2363)
2026-05-26 10:28:24 | INFO     | Epoch 012/50 | Train: 1.8067 | Val: 1.7923 | mIoU: 0.2230
2026-05-26 10:28:28 | INFO     | Epoch 013/50 | Train: 1.7758 | Val: 1.6576 | mIoU: 0.1876
2026-05-26 10:28:32 | INFO     | Epoch 014/50 | Train: 1.6688 | Val: 1.6659 | mIoU: 0.2094
2026-05-26 10:28:35 | INFO     | Epoch 015/50 | Train: 1.7138 | Val: 1.4139 | mIoU: 0.2628
2026-05-26 10:28:35 | INFO     |   ✓ Best model saved (mIoU=0.2628)
2026-05-26 10:28:39 | INFO     | Epoch 016/50 | Train: 1.6070 | Val: 1.5968 | mIoU: 0.2114
2026-05-26 10:28:43 | INFO     | Epoch 017/50 | Train: 1.5464 | Val: 1.4621 | mIoU: 0.2415
2026-05-26 10:28:46 | INFO     | Epoch 018/50 | Train: 1.5235 | Val: 1.2180 | mIoU: 0.2720
2026-05-26 10:28:47 | INFO     |   ✓ Best model saved (mIoU=0.2720)
2026-05-26 10:28:50 | INFO     | Epoch 019/50 | Train: 1.6511 | Val: 1.7304 | mIoU: 0.2107
2026-05-26 10:28:54 | INFO     | Epoch 020/50 | Train: 1.6748 | Val: 1.5356 | mIoU: 0.2178
2026-05-26 10:28:57 | INFO     | Epoch 021/50 | Train: 1.5701 | Val: 1.9409 | mIoU: 0.1689
2026-05-26 10:29:01 | INFO     | Epoch 022/50 | Train: 1.5483 | Val: 1.4811 | mIoU: 0.2228
2026-05-26 10:29:05 | INFO     | Epoch 023/50 | Train: 1.5481 | Val: 1.6460 | mIoU: 0.2289
2026-05-26 10:29:08 | INFO     | Epoch 024/50 | Train: 1.5943 | Val: 1.3812 | mIoU: 0.2439
2026-05-26 10:29:12 | INFO     | Epoch 025/50 | Train: 1.5522 | Val: 1.8827 | mIoU: 0.1967
2026-05-26 10:29:16 | INFO     | Epoch 026/50 | Train: 1.4340 | Val: 1.2973 | mIoU: 0.2802
2026-05-26 10:29:16 | INFO     |   ✓ Best model saved (mIoU=0.2802)
2026-05-26 10:29:20 | INFO     | Epoch 027/50 | Train: 1.4885 | Val: 1.1855 | mIoU: 0.2936
2026-05-26 10:29:20 | INFO     |   ✓ Best model saved (mIoU=0.2936)
2026-05-26 10:29:23 | INFO     | Epoch 028/50 | Train: 1.4249 | Val: 1.8235 | mIoU: 0.2017
2026-05-26 10:29:27 | INFO     | Epoch 029/50 | Train: 1.3428 | Val: 1.3417 | mIoU: 0.2727
2026-05-26 10:29:31 | INFO     | Epoch 030/50 | Train: 1.4434 | Val: 1.8437 | mIoU: 0.1740
2026-05-26 10:29:34 | INFO     | Epoch 031/50 | Train: 1.5050 | Val: 1.4675 | mIoU: 0.2462
2026-05-26 10:29:38 | INFO     | Epoch 032/50 | Train: 1.4188 | Val: 1.6054 | mIoU: 0.2241
2026-05-26 10:29:41 | INFO     | Epoch 033/50 | Train: 1.4868 | Val: 1.3709 | mIoU: 0.2507
2026-05-26 10:29:45 | INFO     | Epoch 034/50 | Train: 1.4358 | Val: 1.1624 | mIoU: 0.2997
2026-05-26 10:29:45 | INFO     |   ✓ Best model saved (mIoU=0.2997)
2026-05-26 10:29:49 | INFO     | Epoch 035/50 | Train: 1.3609 | Val: 1.2815 | mIoU: 0.2789
2026-05-26 10:29:52 | INFO     | Epoch 036/50 | Train: 1.3546 | Val: 1.1225 | mIoU: 0.2963
2026-05-26 10:29:56 | INFO     | Epoch 037/50 | Train: 1.3660 | Val: 1.2825 | mIoU: 0.2663
2026-05-26 10:30:00 | INFO     | Epoch 038/50 | Train: 1.3521 | Val: 1.3242 | mIoU: 0.2684
2026-05-26 10:30:03 | INFO     | Epoch 039/50 | Train: 1.2633 | Val: 1.6441 | mIoU: 0.2175
2026-05-26 10:30:07 | INFO     | Epoch 040/50 | Train: 1.2519 | Val: 1.2056 | mIoU: 0.2892
2026-05-26 10:30:10 | INFO     | Epoch 041/50 | Train: 1.3996 | Val: 1.1204 | mIoU: 0.2976
2026-05-26 10:30:14 | INFO     | Epoch 042/50 | Train: 1.3106 | Val: 1.6404 | mIoU: 0.2201
2026-05-26 10:30:18 | INFO     | Epoch 043/50 | Train: 1.2420 | Val: 1.4419 | mIoU: 0.2459
2026-05-26 10:30:21 | INFO     | Epoch 044/50 | Train: 1.3527 | Val: 1.2038 | mIoU: 0.2836
2026-05-26 10:30:25 | INFO     | Epoch 045/50 | Train: 1.2119 | Val: 1.1762 | mIoU: 0.2898
2026-05-26 10:30:28 | INFO     | Epoch 046/50 | Train: 1.3040 | Val: 1.1400 | mIoU: 0.2963
2026-05-26 10:30:32 | INFO     | Epoch 047/50 | Train: 1.2091 | Val: 1.2723 | mIoU: 0.2789
2026-05-26 10:30:36 | INFO     | Epoch 048/50 | Train: 1.3165 | Val: 1.2803 | mIoU: 0.2750
2026-05-26 10:30:39 | INFO     | Epoch 049/50 | Train: 1.3264 | Val: 1.2735 | mIoU: 0.2767
2026-05-26 10:30:43 | INFO     | Epoch 050/50 | Train: 1.3477 | Val: 1.1878 | mIoU: 0.2875
2026-05-26 10:30:43 | INFO     | Training complete. Best epoch: 34, mIoU: 0.2997
2026-05-26 10:30:52 | INFO     | [T1] NLA_398561822EDR_F0030004NCAM00400M1 mIoU=0.2359 28.1ms
2026-05-26 10:30:52 | INFO     | [T1] NLA_407975674EDR_F0050432NCAM07814M1 mIoU=0.0000 12.8ms
2026-05-26 10:30:52 | INFO     | [T1] NLA_402117478EDR_F0043200NCAM00439M1 mIoU=0.1709 12.6ms
2026-05-26 10:30:52 | INFO     | [T1] NLA_398920052EDR_F0030078NCAM00303M1 mIoU=0.2259 13.0ms
2026-05-26 10:30:52 | INFO     | [T1] NLA_408145785EDR_F0050624NCAM00454M1 mIoU=0.1952 12.4ms
2026-05-26 10:30:52 | INFO     | [T1] NLA_408145730EDR_F0050624NCAM00454M1 mIoU=0.4346 14.2ms
2026-05-26 10:30:52 | INFO     | [T1] NLA_398920451EDR_F0030078NCAM00304M1 mIoU=0.2500 14.4ms
2026-05-26 10:30:52 | INFO     | [T1] NLA_403977615EDR_F0050104NCAM00107M1 mIoU=0.3527 10.2ms
2026-05-26 10:30:52 | INFO     | [T1] NLA_401855285EDR_F0042778NCAM00434M1 mIoU=0.2486 18.2ms
2026-05-26 10:30:52 | INFO     | [T1] NLA_402648966EDR_F0050000NCAM00321M1 mIoU=0.0564 11.4ms
2026-05-26 10:30:52 | INFO     | [T1] NLA_406647820EDR_F0050388NCAM07754M1 mIoU=0.2315 9.5ms
2026-05-26 10:30:52 | INFO     | [T1] NLA_408145754EDR_F0050624NCAM00454M1 mIoU=0.3378 12.3ms
2026-05-26 10:30:52 | INFO     | [T1] NLA_403441127EDR_F0050104NCAM00326M1 mIoU=0.2500 12.2ms
2026-05-26 10:30:52 | INFO     | [T1] NLA_398919784EDR_F0030078NCAM00301M1 mIoU=0.2500 17.7ms
2026-05-26 10:30:52 | INFO     | [T1] NLA_402816231EDR_F0050104NCAM00450M1 mIoU=0.2159 16.8ms
2026-05-26 10:30:54 | INFO     | [T2] NLA_398561822EDR_F0030004NCAM00400M1 UnsafeR=0.0000 FNR=0.0000
2026-05-26 10:30:54 | INFO     | [T2] NLA_407975674EDR_F0050432NCAM07814M1 UnsafeR=0.0000 FNR=0.0000
2026-05-26 10:30:55 | INFO     | [T2] NLA_402117478EDR_F0043200NCAM00439M1 UnsafeR=0.0000 FNR=0.0000
2026-05-26 10:30:55 | INFO     | [T2] NLA_398920052EDR_F0030078NCAM00303M1 UnsafeR=0.0000 FNR=0.0000
2026-05-26 10:30:55 | INFO     | [T2] NLA_408145785EDR_F0050624NCAM00454M1 UnsafeR=0.0000 FNR=0.0000
2026-05-26 10:30:55 | INFO     | [T2] NLA_408145730EDR_F0050624NCAM00454M1 UnsafeR=0.0000 FNR=0.0000
2026-05-26 10:30:55 | INFO     | [T2] NLA_398920451EDR_F0030078NCAM00304M1 UnsafeR=0.0000 FNR=0.0000
2026-05-26 10:30:55 | INFO     | [T2] NLA_403977615EDR_F0050104NCAM00107M1 UnsafeR=0.5420 FNR=0.4580
2026-05-26 10:30:55 | INFO     | [T2] NLA_401855285EDR_F0042778NCAM00434M1 UnsafeR=0.0000 FNR=1.0000
2026-05-26 10:30:55 | INFO     | [T2] NLA_402648966EDR_F0050000NCAM00321M1 UnsafeR=0.2925 FNR=0.7075
2026-05-26 10:30:55 | INFO     | [T2] NLA_406647820EDR_F0050388NCAM07754M1 UnsafeR=0.0000 FNR=0.0000
2026-05-26 10:30:55 | INFO     | [T2] NLA_408145754EDR_F0050624NCAM00454M1 UnsafeR=0.0000 FNR=1.0000
2026-05-26 10:30:55 | INFO     | [T2] NLA_403441127EDR_F0050104NCAM00326M1 UnsafeR=1.0000 FNR=0.0000
2026-05-26 10:30:55 | INFO     | [T2] NLA_398919784EDR_F0030078NCAM00301M1 UnsafeR=0.0000 FNR=0.0000
2026-05-26 10:30:55 | INFO     | [T2] NLA_402816231EDR_F0050104NCAM00450M1 UnsafeR=0.8823 FNR=0.1177
2026-05-26 10:30:58 | INFO     | Excel saved: ../../outputs/excel_results/v2/resnet18_unet_v2_results.xlsx
2026-05-26 10:31:05 | INFO     | ========== RESNET18-UNET NOTEBOOK COMPLETED ==========
