2026-05-26 08:39:13 | INFO     | ========== UNET_V2 NOTEBOOK STARTED ==========
2026-05-26 08:39:13 | INFO     | Device : mps
2026-05-26 08:39:13 | INFO     | Log file: ../outputs/logs/unet_v2.log
2026-05-26 08:39:13 | INFO     | Checking dataset paths...
2026-05-26 08:39:13 | INFO     | Dataset paths confirmed.
2026-05-26 08:39:13 | INFO     | Scanning dataset for class-diverse image-mask pairs...
2026-05-26 08:39:14 | INFO     | Total masks available: 16064
2026-05-26 08:39:17 | INFO     |   Scanned 500 masks... rare=159, bedrock=12, soil=329
2026-05-26 08:39:20 | INFO     |   Scanned 1000 masks... rare=274, bedrock=360, soil=366
2026-05-26 08:39:23 | INFO     |   Scanned 1500 masks... rare=383, bedrock=548, soil=569
2026-05-26 08:39:27 | INFO     |   Scanned 2000 masks... rare=482, bedrock=817, soil=701
2026-05-26 08:39:28 | INFO     | Scan complete — rare class: 500, bedrock: 821, soil-only: 878
2026-05-26 08:39:28 | INFO     | Final diverse selection: 500 pairs (rare=250, bedrock=125, soil=125)
2026-05-26 08:39:28 | ERROR    | Dataset loading failed: name 'create_split_files' is not defined
2026-05-26 08:40:26 | INFO     | Checking dataset paths...
2026-05-26 08:40:26 | INFO     | Dataset paths confirmed.
2026-05-26 08:40:26 | INFO     | Scanning dataset for class-diverse image-mask pairs...
2026-05-26 08:40:26 | INFO     | Total masks available: 16064
2026-05-26 08:40:29 | INFO     |   Scanned 500 masks... rare=159, bedrock=12, soil=329
2026-05-26 08:40:32 | INFO     |   Scanned 1000 masks... rare=274, bedrock=360, soil=366
2026-05-26 08:40:35 | INFO     |   Scanned 1500 masks... rare=383, bedrock=548, soil=569
2026-05-26 08:40:38 | INFO     |   Scanned 2000 masks... rare=482, bedrock=817, soil=701
2026-05-26 08:40:40 | INFO     | Scan complete — rare class: 500, bedrock: 821, soil-only: 878
2026-05-26 08:40:40 | INFO     | Final diverse selection: 500 pairs (rare=250, bedrock=125, soil=125)
2026-05-26 08:40:40 | INFO     | Train: 350 | Val: 75 | Test: 75
2026-05-26 08:40:40 | INFO     | Split confirmed — Train: 350, Val: 75, Test: 75
2026-05-26 08:40:42 | INFO     | MarsTerrainDataset class defined successfully.
2026-05-26 08:40:44 | INFO     | Augmentation function defined.
2026-05-26 08:40:46 | INFO     | Building datasets and dataloaders...
2026-05-26 08:40:46 | INFO     | Train batches : 88
2026-05-26 08:40:46 | INFO     | Val samples   : 75
2026-05-26 08:40:46 | INFO     | Test samples  : 75
2026-05-26 08:40:46 | INFO     | Image preprocessing completed.
2026-05-26 08:40:46 | INFO     | Augmentation applied to training data.
2026-05-26 08:40:47 | INFO     | Model created   : U-Net
2026-05-26 08:40:47 | INFO     | Parameters      : 31,385,028
2026-05-26 08:40:47 | INFO     | Model size      : 119.72 MB
2026-05-26 08:40:47 | INFO     | Device          : mps
2026-05-26 08:40:48 | INFO     | Computing class weights from training masks...
2026-05-26 08:40:50 | INFO     | Class pixel counts : [86350197 80823973 21157475  2729178]
2026-05-26 08:40:50 | INFO     | Class weights      : [0.1059 0.1131 0.432  3.3491]
2026-05-26 08:40:50 | INFO     | Loss function ready: Weighted CrossEntropyLoss + DiceLoss
2026-05-26 08:40:52 | INFO     | Task 1 metrics function defined.
2026-05-26 08:40:54 | INFO     | Task 2 metrics function defined.
2026-05-26 08:40:57 | INFO     | Training started — 50 epochs, lr=0.001
2026-05-26 08:41:58 | INFO     | Epoch 001/50 | Train Loss: 1.9998 | Val Loss: 1.9495 | Val mIoU: 0.1487
2026-05-26 08:41:59 | INFO     | Best model saved at epoch 1 (mIoU=0.1487)
2026-05-26 08:42:56 | INFO     | Epoch 002/50 | Train Loss: 1.9481 | Val Loss: 2.0312 | Val mIoU: 0.1418
2026-05-26 08:43:53 | INFO     | Epoch 003/50 | Train Loss: 1.8677 | Val Loss: 1.9845 | Val mIoU: 0.1349
2026-05-26 08:44:50 | INFO     | Epoch 004/50 | Train Loss: 1.8290 | Val Loss: 1.7821 | Val mIoU: 0.1848
2026-05-26 08:44:51 | INFO     | Best model saved at epoch 4 (mIoU=0.1848)
2026-05-26 08:45:48 | INFO     | Epoch 005/50 | Train Loss: 1.8387 | Val Loss: 1.7455 | Val mIoU: 0.1881
2026-05-26 08:45:49 | INFO     | Best model saved at epoch 5 (mIoU=0.1881)
2026-05-26 08:46:46 | INFO     | Epoch 006/50 | Train Loss: 1.7106 | Val Loss: 1.8586 | Val mIoU: 0.1990
2026-05-26 08:46:47 | INFO     | Best model saved at epoch 6 (mIoU=0.1990)
2026-05-26 08:47:46 | INFO     | Epoch 007/50 | Train Loss: 1.7148 | Val Loss: 1.7494 | Val mIoU: 0.1900
2026-05-26 08:48:46 | INFO     | Epoch 008/50 | Train Loss: 1.7428 | Val Loss: 1.7903 | Val mIoU: 0.1905
2026-05-26 08:49:48 | INFO     | Epoch 009/50 | Train Loss: 1.6666 | Val Loss: 2.2052 | Val mIoU: 0.1518
2026-05-26 08:50:48 | INFO     | Epoch 010/50 | Train Loss: 1.7144 | Val Loss: 1.8227 | Val mIoU: 0.1845
2026-05-26 08:51:47 | INFO     | Epoch 011/50 | Train Loss: 1.6522 | Val Loss: 2.0884 | Val mIoU: 0.1297
2026-05-26 08:52:45 | INFO     | Epoch 012/50 | Train Loss: 1.7222 | Val Loss: 1.9137 | Val mIoU: 0.1799
2026-05-26 08:53:44 | INFO     | Epoch 013/50 | Train Loss: 1.5360 | Val Loss: 1.6361 | Val mIoU: 0.2049
2026-05-26 08:53:44 | INFO     | Best model saved at epoch 13 (mIoU=0.2049)
2026-05-26 08:54:42 | INFO     | Epoch 014/50 | Train Loss: 1.4568 | Val Loss: 1.6675 | Val mIoU: 0.1982
2026-05-26 08:55:41 | INFO     | Epoch 015/50 | Train Loss: 1.5318 | Val Loss: 1.5531 | Val mIoU: 0.2299
2026-05-26 08:55:41 | INFO     | Best model saved at epoch 15 (mIoU=0.2299)
2026-05-26 08:56:40 | INFO     | Epoch 016/50 | Train Loss: 1.4849 | Val Loss: 1.5765 | Val mIoU: 0.2132
2026-05-26 08:57:38 | INFO     | Epoch 017/50 | Train Loss: 1.4061 | Val Loss: 1.6388 | Val mIoU: 0.1932
2026-05-26 08:58:36 | INFO     | Epoch 018/50 | Train Loss: 1.4029 | Val Loss: 1.7128 | Val mIoU: 0.2161
2026-05-26 08:59:34 | INFO     | Epoch 019/50 | Train Loss: 1.4236 | Val Loss: 1.4848 | Val mIoU: 0.2430
2026-05-26 08:59:34 | INFO     | Best model saved at epoch 19 (mIoU=0.2430)
2026-05-26 09:00:33 | INFO     | Epoch 020/50 | Train Loss: 1.4323 | Val Loss: 1.5197 | Val mIoU: 0.2158
2026-05-26 09:01:33 | INFO     | Epoch 021/50 | Train Loss: 1.4144 | Val Loss: 1.4842 | Val mIoU: 0.2312
2026-05-26 09:02:31 | INFO     | Epoch 022/50 | Train Loss: 1.3764 | Val Loss: 1.5635 | Val mIoU: 0.2082
2026-05-26 09:03:29 | INFO     | Epoch 023/50 | Train Loss: 1.3444 | Val Loss: 1.4662 | Val mIoU: 0.2308
2026-05-26 09:04:27 | INFO     | Epoch 024/50 | Train Loss: 1.3844 | Val Loss: 1.5283 | Val mIoU: 0.2354
2026-05-26 09:05:24 | INFO     | Epoch 025/50 | Train Loss: 1.3412 | Val Loss: 2.0730 | Val mIoU: 0.1732
2026-05-26 09:06:23 | INFO     | Epoch 026/50 | Train Loss: 1.3308 | Val Loss: 1.4951 | Val mIoU: 0.2238
2026-05-26 09:07:21 | INFO     | Epoch 027/50 | Train Loss: 1.3114 | Val Loss: 1.3870 | Val mIoU: 0.2552
2026-05-26 09:07:21 | INFO     | Best model saved at epoch 27 (mIoU=0.2552)
2026-05-26 09:08:23 | INFO     | Epoch 028/50 | Train Loss: 1.3549 | Val Loss: 1.5868 | Val mIoU: 0.2062
2026-05-26 09:09:21 | INFO     | Epoch 029/50 | Train Loss: 1.3096 | Val Loss: 1.5494 | Val mIoU: 0.2170
2026-05-26 09:10:18 | INFO     | Epoch 030/50 | Train Loss: 1.3076 | Val Loss: 1.5547 | Val mIoU: 0.2280
2026-05-26 09:11:16 | INFO     | Epoch 031/50 | Train Loss: 1.2091 | Val Loss: 1.6931 | Val mIoU: 0.2144
2026-05-26 09:12:14 | INFO     | Epoch 032/50 | Train Loss: 1.2446 | Val Loss: 1.3397 | Val mIoU: 0.2526
2026-05-26 09:13:13 | INFO     | Epoch 033/50 | Train Loss: 1.2650 | Val Loss: 1.5180 | Val mIoU: 0.2462
2026-05-26 09:14:11 | INFO     | Epoch 034/50 | Train Loss: 1.1961 | Val Loss: 1.6111 | Val mIoU: 0.2205
2026-05-26 09:15:08 | INFO     | Epoch 035/50 | Train Loss: 1.2120 | Val Loss: 1.4492 | Val mIoU: 0.2399
2026-05-26 09:16:06 | INFO     | Epoch 036/50 | Train Loss: 1.1897 | Val Loss: 1.4628 | Val mIoU: 0.2355
2026-05-26 09:17:05 | INFO     | Epoch 037/50 | Train Loss: 1.1523 | Val Loss: 1.4536 | Val mIoU: 0.2331
2026-05-26 09:18:02 | INFO     | Epoch 038/50 | Train Loss: 1.2193 | Val Loss: 1.6027 | Val mIoU: 0.2174
2026-05-26 09:19:00 | INFO     | Epoch 039/50 | Train Loss: 1.0987 | Val Loss: 1.6328 | Val mIoU: 0.2194
2026-05-26 09:19:58 | INFO     | Epoch 040/50 | Train Loss: 1.1267 | Val Loss: 1.3886 | Val mIoU: 0.2497
2026-05-26 09:20:55 | INFO     | Epoch 041/50 | Train Loss: 1.0940 | Val Loss: 1.5035 | Val mIoU: 0.2318
2026-05-26 09:21:52 | INFO     | Epoch 042/50 | Train Loss: 1.1162 | Val Loss: 1.4661 | Val mIoU: 0.2408
2026-05-26 09:22:49 | INFO     | Epoch 043/50 | Train Loss: 1.1603 | Val Loss: 1.4924 | Val mIoU: 0.2328
2026-05-26 09:23:47 | INFO     | Epoch 044/50 | Train Loss: 1.1033 | Val Loss: 1.5868 | Val mIoU: 0.2243
2026-05-26 09:24:46 | INFO     | Epoch 045/50 | Train Loss: 1.0971 | Val Loss: 1.5286 | Val mIoU: 0.2335
2026-05-26 09:25:43 | INFO     | Epoch 046/50 | Train Loss: 1.0743 | Val Loss: 1.3939 | Val mIoU: 0.2494
2026-05-26 09:26:40 | INFO     | Epoch 047/50 | Train Loss: 1.1018 | Val Loss: 1.5338 | Val mIoU: 0.2311
2026-05-26 09:27:39 | INFO     | Epoch 048/50 | Train Loss: 1.1419 | Val Loss: 1.5185 | Val mIoU: 0.2346
2026-05-26 09:28:38 | INFO     | Epoch 049/50 | Train Loss: 1.0400 | Val Loss: 1.5375 | Val mIoU: 0.2261
2026-05-26 09:29:36 | INFO     | Epoch 050/50 | Train Loss: 1.1130 | Val Loss: 1.4669 | Val mIoU: 0.2340
2026-05-26 09:29:36 | INFO     | Training completed. Best epoch: 27, Best mIoU: 0.2552
2026-05-26 09:29:42 | INFO     | Loading best model weights for Task 1 evaluation...
2026-05-26 09:29:42 | INFO     | Task 1 evaluation started...
2026-05-26 09:29:42 | INFO     | [Task1] NLA_593684604EDR_F0722464NCAM00275M1 | mIoU=0.1300 | Dice=0.2152 | 50.8ms
2026-05-26 09:29:42 | INFO     | [Task1] NLA_398920191EDR_F0030078NCAM00304M1 | mIoU=0.2496 | Dice=0.2498 | 32.3ms
2026-05-26 09:29:42 | INFO     | [Task1] NLA_402463490EDR_F0043422NCAM00444M1 | mIoU=0.4317 | Dice=0.4629 | 33.0ms
2026-05-26 09:29:42 | INFO     | [Task1] NLA_412582904EDR_F0060000NCAM00366M1 | mIoU=0.1447 | Dice=0.1833 | 32.1ms
2026-05-26 09:29:42 | INFO     | [Task1] NLA_402380795EDR_F0043416NCAM00441M1 | mIoU=0.4420 | Dice=0.5519 | 32.4ms
2026-05-26 09:29:42 | INFO     | [Task1] NLA_408594626EDR_F0051398NCAM05134M1 | mIoU=0.2696 | Dice=0.2973 | 32.6ms
2026-05-26 09:29:42 | INFO     | [Task1] NLA_407536852EDR_F0050432NCAM07753M1 | mIoU=0.2173 | Dice=0.2325 | 32.2ms
2026-05-26 09:29:42 | INFO     | [Task1] NLA_408331649EDR_F0050938NCAM00218M1 | mIoU=0.3964 | Dice=0.4411 | 32.8ms
2026-05-26 09:29:43 | INFO     | [Task1] NLA_408331684EDR_F0050938NCAM00218M1 | mIoU=0.1666 | Dice=0.2000 | 32.6ms
2026-05-26 09:29:43 | INFO     | [Task1] NLA_605150496EDR_F0740762NCAM00223M1 | mIoU=0.2429 | Dice=0.3354 | 32.8ms
2026-05-26 09:29:43 | INFO     | [Task1] NLA_398920017EDR_F0030078NCAM00303M1 | mIoU=0.2109 | Dice=0.2288 | 32.2ms
2026-05-26 09:29:43 | INFO     | [Task1] NLA_408420278EDR_F0051070NCAM00218M1 | mIoU=0.2764 | Dice=0.3674 | 32.7ms
2026-05-26 09:29:43 | INFO     | [Task1] NLA_601600213EDR_F0731944NCAM00312M1 | mIoU=0.2422 | Dice=0.2460 | 32.7ms
2026-05-26 09:29:43 | INFO     | [Task1] NLA_404064541EDR_F0050104NCAM00336M1 | mIoU=0.3683 | Dice=0.4231 | 32.2ms
2026-05-26 09:29:43 | INFO     | [Task1] NLA_597243077EDR_F0730722NCAM00354M1 | mIoU=0.2461 | Dice=0.2480 | 32.7ms
2026-05-26 09:29:43 | INFO     | [Task1] NLA_594662519EDR_F0730448NCAM00312M1 | mIoU=0.1458 | Dice=0.1842 | 32.8ms
2026-05-26 09:29:43 | INFO     | [Task1] NLA_602842660EDR_F0740000NCAM00274M1 | mIoU=0.1942 | Dice=0.2744 | 32.7ms
2026-05-26 09:29:43 | INFO     | [Task1] NLA_603289646EDR_F0740210NCAM00207M1 | mIoU=0.3562 | Dice=0.4141 | 32.5ms
2026-05-26 09:29:43 | INFO     | [Task1] NLA_601687192EDR_F0732112NCAM07753M1 | mIoU=0.3256 | Dice=0.3825 | 32.8ms
2026-05-26 09:29:43 | INFO     | [Task1] NLA_401225829EDR_F0041632NCAM00426M1 | mIoU=0.2471 | Dice=0.2485 | 32.8ms
2026-05-26 09:29:43 | INFO     | [Task1] NLA_402816098EDR_F0050104NCAM00451M1 | mIoU=0.1349 | Dice=0.1752 | 32.6ms
2026-05-26 09:29:43 | INFO     | [Task1] NLA_401582090EDR_F0042100NCAM15001M1 | mIoU=0.3459 | Dice=0.4081 | 32.7ms
2026-05-26 09:29:43 | INFO     | [Task1] NLA_594662785EDR_F0730448NCAM00280M1 | mIoU=0.2312 | Dice=0.2403 | 32.7ms
2026-05-26 09:29:43 | INFO     | [Task1] NLA_401317063EDR_F0042002NCAM00431M1 | mIoU=0.4486 | Dice=0.4726 | 32.6ms
2026-05-26 09:29:43 | INFO     | [Task1] NLA_402832750EDR_F0050104NCAM00323M1 | mIoU=0.3072 | Dice=0.3786 | 32.6ms
2026-05-26 09:29:43 | INFO     | [Task1] NLB_421450219EDR_F0060000NCAM05794M1 | mIoU=0.2462 | Dice=0.2850 | 33.2ms
2026-05-26 09:29:43 | INFO     | [Task1] NLA_397681339EDR_F0020000AUT_04096M1 | mIoU=0.2486 | Dice=0.2493 | 33.9ms
2026-05-26 09:29:44 | INFO     | [Task1] NLA_405393975EDR_F0050104NCAM00307M1 | mIoU=0.2165 | Dice=0.2348 | 34.1ms
2026-05-26 09:29:44 | INFO     | [Task1] NLA_412866868EDR_F0060000NCAM00322M1 | mIoU=0.2191 | Dice=0.2335 | 33.9ms
2026-05-26 09:29:44 | INFO     | [Task1] NLA_398561738EDR_F0030004NCAM00400M1 | mIoU=0.0216 | Dice=0.0398 | 32.7ms
2026-05-26 09:29:44 | INFO     | [Task1] NLA_399807200EDR_F0030530NCAM00414M1 | mIoU=0.2486 | Dice=0.2493 | 32.8ms
2026-05-26 09:29:44 | INFO     | [Task1] NLB_421449848EDR_F0060000NCAM12754M1 | mIoU=0.1232 | Dice=0.1650 | 32.8ms
2026-05-26 09:29:44 | INFO     | [Task1] NLA_398646643EDR_F0030004NCAM15000M1 | mIoU=0.2487 | Dice=0.2493 | 32.6ms
2026-05-26 09:29:44 | INFO     | [Task1] NLA_400686490EDR_F0040000NCAM00420M1 | mIoU=0.2499 | Dice=0.2500 | 32.8ms
2026-05-26 09:29:44 | INFO     | [Task1] NLA_400071660EDR_F0040000NCAM00419M1 | mIoU=0.2500 | Dice=0.2500 | 32.5ms
2026-05-26 09:29:44 | INFO     | [Task1] NLA_402388793EDR_F0043416NCAM00442M1 | mIoU=0.0028 | Dice=0.0056 | 32.6ms
2026-05-26 09:29:44 | INFO     | [Task1] NLA_411789010EDR_F0051986NCAM00320M1 | mIoU=0.1830 | Dice=0.2113 | 32.7ms
2026-05-26 09:29:44 | INFO     | [Task1] NLB_426258133EDR_F0060804NCAM00207M1 | mIoU=0.1802 | Dice=0.2098 | 32.7ms
2026-05-26 09:29:44 | INFO     | [Task1] NLA_594757202EDR_F0730550NCAM00364M1 | mIoU=0.2768 | Dice=0.3529 | 32.6ms
2026-05-26 09:29:44 | INFO     | [Task1] NLB_427068562EDR_F0080000NCAM07753M1 | mIoU=0.2490 | Dice=0.2495 | 33.1ms
2026-05-26 09:29:44 | INFO     | [Task1] NLA_401399955EDR_F0042002NCAM00201M1 | mIoU=0.1728 | Dice=0.2043 | 32.7ms
2026-05-26 09:29:44 | INFO     | [Task1] NLB_417300554EDR_F0060000NCAM12754M1 | mIoU=0.0420 | Dice=0.0760 | 33.4ms
2026-05-26 09:29:44 | INFO     | [Task1] NLA_406550905EDR_F0050202NCAM00453M1 | mIoU=0.0336 | Dice=0.0593 | 32.4ms
2026-05-26 09:29:44 | INFO     | [Task1] NLA_398920087EDR_F0030078NCAM00303M1 | mIoU=0.2394 | Dice=0.2446 | 31.7ms
2026-05-26 09:29:44 | INFO     | [Task1] NLB_423862601EDR_F0060224NCAM00242M1 | mIoU=0.2372 | Dice=0.2434 | 31.8ms
2026-05-26 09:29:44 | INFO     | [Task1] NLA_405482754EDR_F0050104NCAM00320M1 | mIoU=0.4311 | Dice=0.4630 | 32.3ms
2026-05-26 09:29:45 | INFO     | [Task1] NLB_424134427EDR_F0060308NCAM05134M1 | mIoU=0.2274 | Dice=0.2382 | 31.7ms
2026-05-26 09:29:45 | INFO     | [Task1] NLB_421360091EDR_F0060000NCAM00372M1 | mIoU=0.1931 | Dice=0.2179 | 31.7ms
2026-05-26 09:29:45 | INFO     | [Task1] NLA_601686540EDR_F0732112NCAM00261M1 | mIoU=0.2195 | Dice=0.2686 | 31.7ms
2026-05-26 09:29:45 | INFO     | [Task1] NLA_602038780EDR_F0732394NCAM00266M1 | mIoU=0.2421 | Dice=0.2511 | 31.6ms
2026-05-26 09:29:45 | INFO     | [Task1] NLA_409307139EDR_F0051858NCAM05133M1 | mIoU=0.2035 | Dice=0.2891 | 31.8ms
2026-05-26 09:29:45 | INFO     | [Task1] NLA_402562658EDR_F0050000NCAM00445M1 | mIoU=0.2600 | Dice=0.2787 | 33.3ms
2026-05-26 09:29:45 | INFO     | [Task1] NLA_403977159EDR_F0050104NCAM00107M1 | mIoU=0.3986 | Dice=0.4436 | 31.8ms
2026-05-26 09:29:45 | INFO     | [Task1] NLB_421639061EDR_F0060012NCAM00373M1 | mIoU=0.3102 | Dice=0.3796 | 31.8ms
2026-05-26 09:29:45 | INFO     | [Task1] NLA_402109626EDR_F0043076NCAM00437M1 | mIoU=0.2157 | Dice=0.2316 | 31.7ms
2026-05-26 09:29:45 | INFO     | [Task1] NLA_602484522EDR_F0732514NCAM00203M1 | mIoU=0.3096 | Dice=0.3865 | 31.8ms
2026-05-26 09:29:45 | INFO     | [Task1] NLA_408420048EDR_F0051070NCAM05134M1 | mIoU=0.3362 | Dice=0.4020 | 34.1ms
2026-05-26 09:29:45 | INFO     | [Task1] NLA_594837495EDR_F0730550NCAM00223M1 | mIoU=0.2209 | Dice=0.3063 | 31.7ms
2026-05-26 09:29:45 | INFO     | [Task1] NLA_397682534EDR_F0020000AUT_04096M1 | mIoU=0.0685 | Dice=0.1076 | 31.7ms
2026-05-26 09:29:45 | INFO     | [Task1] NLA_411875128EDR_F0052094NCAM05544M1 | mIoU=0.2403 | Dice=0.2450 | 31.8ms
2026-05-26 09:29:45 | INFO     | [Task1] NLA_401848313EDR_F0042778NCAM00409M1 | mIoU=0.1851 | Dice=0.2127 | 31.8ms
2026-05-26 09:29:45 | INFO     | [Task1] NLA_594751427EDR_F0730550NCAM00281M1 | mIoU=0.1920 | Dice=0.2773 | 31.9ms
2026-05-26 09:29:45 | INFO     | [Task1] NLA_400335692EDR_F0040000NCAM00107M1 | mIoU=0.2175 | Dice=0.2326 | 32.6ms
2026-05-26 09:29:45 | INFO     | [Task1] NLA_402109514EDR_F0043076NCAM00437M1 | mIoU=0.2301 | Dice=0.2397 | 31.7ms
2026-05-26 09:29:45 | INFO     | [Task1] NLA_603466480EDR_F0740540NCAM00281M1 | mIoU=0.2451 | Dice=0.2737 | 31.8ms
2026-05-26 09:29:46 | INFO     | [Task1] NLA_401665939EDR_F0042100NCAM00309M1 | mIoU=0.1298 | Dice=0.1709 | 31.8ms
2026-05-26 09:29:46 | INFO     | [Task1] NLB_425281306EDR_F0060704NCAM00247M1 | mIoU=0.2628 | Dice=0.3316 | 31.8ms
2026-05-26 09:29:46 | INFO     | [Task1] NLA_399365204EDR_F0030100NCAM00305M1 | mIoU=0.2057 | Dice=0.2257 | 31.8ms
2026-05-26 09:29:46 | INFO     | [Task1] NLA_403441127EDR_F0050104NCAM00326M1 | mIoU=0.2397 | Dice=0.2447 | 31.8ms
2026-05-26 09:29:46 | INFO     | [Task1] NLA_403797481EDR_F0050104NCAM00322M1 | mIoU=0.3990 | Dice=0.4472 | 31.9ms
2026-05-26 09:29:46 | INFO     | [Task1] NLB_427068856EDR_F0080000NCAM00354M1 | mIoU=0.2574 | Dice=0.2737 | 31.7ms
2026-05-26 09:29:46 | INFO     | [Task1] NLA_402468425EDR_F0043474NCAM00317M1 | mIoU=0.3430 | Dice=0.3855 | 31.9ms
2026-05-26 09:29:46 | INFO     | [Task1] NLB_421991360EDR_F0060082NCAM00320M1 | mIoU=0.2286 | Dice=0.2388 | 31.8ms
2026-05-26 09:29:46 | INFO     | [Task1] NLA_401317028EDR_F0042002NCAM00430M1 | mIoU=0.2500 | Dice=0.2500 | 31.8ms
2026-05-26 09:29:46 | INFO     | [Task1] NLB_421821186EDR_F0060082NCAM05703M1 | mIoU=0.2931 | Dice=0.3981 | 31.7ms
2026-05-26 09:29:46 | INFO     | Task 1 evaluation completed for 75 images.
2026-05-26 09:29:46 | INFO     | Task 1 predicted masks saved to: ../outputs/predictions_task1/unet_v2
2026-05-26 09:29:48 | INFO     | Task 2 safe/unsafe conversion started...
2026-05-26 09:29:48 | INFO     | [Task2] NLA_593684604EDR_F0722464NCAM00275M1 | Unsafe Recall=0.0698 | Hazard FNR=0.9302
2026-05-26 09:29:48 | INFO     | [Task2] NLA_398920191EDR_F0030078NCAM00304M1 | Unsafe Recall=0.0000 | Hazard FNR=0.0000
2026-05-26 09:29:48 | INFO     | [Task2] NLA_402463490EDR_F0043422NCAM00444M1 | Unsafe Recall=0.8277 | Hazard FNR=0.1723
2026-05-26 09:29:48 | INFO     | [Task2] NLA_412582904EDR_F0060000NCAM00366M1 | Unsafe Recall=0.0000 | Hazard FNR=0.0000
2026-05-26 09:29:48 | INFO     | [Task2] NLA_402380795EDR_F0043416NCAM00441M1 | Unsafe Recall=0.7261 | Hazard FNR=0.2739
2026-05-26 09:29:48 | INFO     | [Task2] NLA_408594626EDR_F0051398NCAM05134M1 | Unsafe Recall=1.0000 | Hazard FNR=0.0000
2026-05-26 09:29:48 | INFO     | [Task2] NLA_407536852EDR_F0050432NCAM07753M1 | Unsafe Recall=0.0000 | Hazard FNR=0.0000
2026-05-26 09:29:48 | INFO     | [Task2] NLA_408331649EDR_F0050938NCAM00218M1 | Unsafe Recall=0.0000 | Hazard FNR=0.0000
2026-05-26 09:29:48 | INFO     | [Task2] NLA_408331684EDR_F0050938NCAM00218M1 | Unsafe Recall=0.0000 | Hazard FNR=1.0000
2026-05-26 09:29:48 | INFO     | [Task2] NLA_605150496EDR_F0740762NCAM00223M1 | Unsafe Recall=0.9275 | Hazard FNR=0.0725
2026-05-26 09:29:48 | INFO     | [Task2] NLA_398920017EDR_F0030078NCAM00303M1 | Unsafe Recall=0.0000 | Hazard FNR=0.0000
2026-05-26 09:29:48 | INFO     | [Task2] NLA_408420278EDR_F0051070NCAM00218M1 | Unsafe Recall=1.0000 | Hazard FNR=0.0000
2026-05-26 09:29:48 | INFO     | [Task2] NLA_601600213EDR_F0731944NCAM00312M1 | Unsafe Recall=0.0000 | Hazard FNR=0.0000
2026-05-26 09:29:48 | INFO     | [Task2] NLA_404064541EDR_F0050104NCAM00336M1 | Unsafe Recall=0.8886 | Hazard FNR=0.1114
2026-05-26 09:29:48 | INFO     | [Task2] NLA_597243077EDR_F0730722NCAM00354M1 | Unsafe Recall=0.0000 | Hazard FNR=0.0000
2026-05-26 09:29:48 | INFO     | [Task2] NLA_594662519EDR_F0730448NCAM00312M1 | Unsafe Recall=0.0000 | Hazard FNR=0.0000
2026-05-26 09:29:48 | INFO     | [Task2] NLA_602842660EDR_F0740000NCAM00274M1 | Unsafe Recall=0.2803 | Hazard FNR=0.7197
2026-05-26 09:29:48 | INFO     | [Task2] NLA_603289646EDR_F0740210NCAM00207M1 | Unsafe Recall=0.0000 | Hazard FNR=0.0000
2026-05-26 09:29:48 | INFO     | [Task2] NLA_601687192EDR_F0732112NCAM07753M1 | Unsafe Recall=0.0000 | Hazard FNR=0.0000
2026-05-26 09:29:48 | INFO     | [Task2] NLA_401225829EDR_F0041632NCAM00426M1 | Unsafe Recall=0.0000 | Hazard FNR=0.0000
2026-05-26 09:29:48 | INFO     | [Task2] NLA_402816098EDR_F0050104NCAM00451M1 | Unsafe Recall=0.0000 | Hazard FNR=0.0000
2026-05-26 09:29:48 | INFO     | [Task2] NLA_401582090EDR_F0042100NCAM15001M1 | Unsafe Recall=0.8003 | Hazard FNR=0.1997
2026-05-26 09:29:48 | INFO     | [Task2] NLA_594662785EDR_F0730448NCAM00280M1 | Unsafe Recall=0.0000 | Hazard FNR=0.0000
2026-05-26 09:29:48 | INFO     | [Task2] NLA_401317063EDR_F0042002NCAM00431M1 | Unsafe Recall=0.9808 | Hazard FNR=0.0192
2026-05-26 09:29:48 | INFO     | [Task2] NLA_402832750EDR_F0050104NCAM00323M1 | Unsafe Recall=0.7057 | Hazard FNR=0.2943
2026-05-26 09:29:48 | INFO     | [Task2] NLB_421450219EDR_F0060000NCAM05794M1 | Unsafe Recall=1.0000 | Hazard FNR=0.0000
2026-05-26 09:29:48 | INFO     | [Task2] NLA_397681339EDR_F0020000AUT_04096M1 | Unsafe Recall=0.0000 | Hazard FNR=0.0000
2026-05-26 09:29:48 | INFO     | [Task2] NLA_405393975EDR_F0050104NCAM00307M1 | Unsafe Recall=0.8669 | Hazard FNR=0.1331
2026-05-26 09:29:48 | INFO     | [Task2] NLA_412866868EDR_F0060000NCAM00322M1 | Unsafe Recall=0.0000 | Hazard FNR=1.0000
2026-05-26 09:29:48 | INFO     | [Task2] NLA_398561738EDR_F0030004NCAM00400M1 | Unsafe Recall=0.0000 | Hazard FNR=0.0000
2026-05-26 09:29:48 | INFO     | [Task2] NLA_399807200EDR_F0030530NCAM00414M1 | Unsafe Recall=0.0000 | Hazard FNR=0.0000
2026-05-26 09:29:48 | INFO     | [Task2] NLB_421449848EDR_F0060000NCAM12754M1 | Unsafe Recall=0.0000 | Hazard FNR=0.0000
2026-05-26 09:29:48 | INFO     | [Task2] NLA_398646643EDR_F0030004NCAM15000M1 | Unsafe Recall=0.0000 | Hazard FNR=0.0000
2026-05-26 09:29:48 | INFO     | [Task2] NLA_400686490EDR_F0040000NCAM00420M1 | Unsafe Recall=0.0000 | Hazard FNR=0.0000
2026-05-26 09:29:48 | INFO     | [Task2] NLA_400071660EDR_F0040000NCAM00419M1 | Unsafe Recall=0.0000 | Hazard FNR=0.0000
2026-05-26 09:29:48 | INFO     | [Task2] NLA_402388793EDR_F0043416NCAM00442M1 | Unsafe Recall=0.0000 | Hazard FNR=0.0000
2026-05-26 09:29:48 | INFO     | [Task2] NLA_411789010EDR_F0051986NCAM00320M1 | Unsafe Recall=0.0000 | Hazard FNR=0.0000
2026-05-26 09:29:48 | INFO     | [Task2] NLB_426258133EDR_F0060804NCAM00207M1 | Unsafe Recall=1.0000 | Hazard FNR=0.0000
2026-05-26 09:29:48 | INFO     | [Task2] NLA_594757202EDR_F0730550NCAM00364M1 | Unsafe Recall=0.4934 | Hazard FNR=0.5066
2026-05-26 09:29:48 | INFO     | [Task2] NLB_427068562EDR_F0080000NCAM07753M1 | Unsafe Recall=0.0000 | Hazard FNR=1.0000
2026-05-26 09:29:48 | INFO     | [Task2] NLA_401399955EDR_F0042002NCAM00201M1 | Unsafe Recall=0.0000 | Hazard FNR=0.0000
2026-05-26 09:29:48 | INFO     | [Task2] NLB_417300554EDR_F0060000NCAM12754M1 | Unsafe Recall=0.1216 | Hazard FNR=0.8784
2026-05-26 09:29:48 | INFO     | [Task2] NLA_406550905EDR_F0050202NCAM00453M1 | Unsafe Recall=0.1385 | Hazard FNR=0.8615
2026-05-26 09:29:48 | INFO     | [Task2] NLA_398920087EDR_F0030078NCAM00303M1 | Unsafe Recall=0.0000 | Hazard FNR=0.0000
2026-05-26 09:29:48 | INFO     | [Task2] NLB_423862601EDR_F0060224NCAM00242M1 | Unsafe Recall=0.0000 | Hazard FNR=0.0000
2026-05-26 09:29:48 | INFO     | [Task2] NLA_405482754EDR_F0050104NCAM00320M1 | Unsafe Recall=0.8998 | Hazard FNR=0.1002
2026-05-26 09:29:48 | INFO     | [Task2] NLB_424134427EDR_F0060308NCAM05134M1 | Unsafe Recall=0.0000 | Hazard FNR=0.0000
2026-05-26 09:29:48 | INFO     | [Task2] NLB_421360091EDR_F0060000NCAM00372M1 | Unsafe Recall=0.0000 | Hazard FNR=0.0000
2026-05-26 09:29:48 | INFO     | [Task2] NLA_601686540EDR_F0732112NCAM00261M1 | Unsafe Recall=0.0000 | Hazard FNR=0.0000
2026-05-26 09:29:48 | INFO     | [Task2] NLA_602038780EDR_F0732394NCAM00266M1 | Unsafe Recall=1.0000 | Hazard FNR=0.0000
2026-05-26 09:29:48 | INFO     | [Task2] NLA_409307139EDR_F0051858NCAM05133M1 | Unsafe Recall=0.9859 | Hazard FNR=0.0141
2026-05-26 09:29:48 | INFO     | [Task2] NLA_402562658EDR_F0050000NCAM00445M1 | Unsafe Recall=0.1894 | Hazard FNR=0.8106
2026-05-26 09:29:48 | INFO     | [Task2] NLA_403977159EDR_F0050104NCAM00107M1 | Unsafe Recall=0.8263 | Hazard FNR=0.1737
2026-05-26 09:29:48 | INFO     | [Task2] NLB_421639061EDR_F0060012NCAM00373M1 | Unsafe Recall=0.2073 | Hazard FNR=0.7927
2026-05-26 09:29:48 | INFO     | [Task2] NLA_402109626EDR_F0043076NCAM00437M1 | Unsafe Recall=0.0000 | Hazard FNR=0.0000
2026-05-26 09:29:48 | INFO     | [Task2] NLA_602484522EDR_F0732514NCAM00203M1 | Unsafe Recall=0.9774 | Hazard FNR=0.0226
2026-05-26 09:29:48 | INFO     | [Task2] NLA_408420048EDR_F0051070NCAM05134M1 | Unsafe Recall=0.8506 | Hazard FNR=0.1494
2026-05-26 09:29:48 | INFO     | [Task2] NLA_594837495EDR_F0730550NCAM00223M1 | Unsafe Recall=0.7173 | Hazard FNR=0.2827
2026-05-26 09:29:48 | INFO     | [Task2] NLA_397682534EDR_F0020000AUT_04096M1 | Unsafe Recall=0.0000 | Hazard FNR=0.0000
2026-05-26 09:29:48 | INFO     | [Task2] NLA_411875128EDR_F0052094NCAM05544M1 | Unsafe Recall=0.0000 | Hazard FNR=0.0000
2026-05-26 09:29:48 | INFO     | [Task2] NLA_401848313EDR_F0042778NCAM00409M1 | Unsafe Recall=0.0000 | Hazard FNR=0.0000
2026-05-26 09:29:48 | INFO     | [Task2] NLA_594751427EDR_F0730550NCAM00281M1 | Unsafe Recall=0.0000 | Hazard FNR=0.0000
2026-05-26 09:29:48 | INFO     | [Task2] NLA_400335692EDR_F0040000NCAM00107M1 | Unsafe Recall=0.0000 | Hazard FNR=0.0000
2026-05-26 09:29:48 | INFO     | [Task2] NLA_402109514EDR_F0043076NCAM00437M1 | Unsafe Recall=0.0000 | Hazard FNR=0.0000
2026-05-26 09:29:48 | INFO     | [Task2] NLA_603466480EDR_F0740540NCAM00281M1 | Unsafe Recall=0.0947 | Hazard FNR=0.9053
2026-05-26 09:29:48 | INFO     | [Task2] NLA_401665939EDR_F0042100NCAM00309M1 | Unsafe Recall=0.0000 | Hazard FNR=0.0000
2026-05-26 09:29:48 | INFO     | [Task2] NLB_425281306EDR_F0060704NCAM00247M1 | Unsafe Recall=0.7066 | Hazard FNR=0.2934
2026-05-26 09:29:48 | INFO     | [Task2] NLA_399365204EDR_F0030100NCAM00305M1 | Unsafe Recall=0.0000 | Hazard FNR=0.0000
2026-05-26 09:29:48 | INFO     | [Task2] NLA_403441127EDR_F0050104NCAM00326M1 | Unsafe Recall=0.9641 | Hazard FNR=0.0359
2026-05-26 09:29:48 | INFO     | [Task2] NLA_403797481EDR_F0050104NCAM00322M1 | Unsafe Recall=0.7589 | Hazard FNR=0.2411
2026-05-26 09:29:48 | INFO     | [Task2] NLB_427068856EDR_F0080000NCAM00354M1 | Unsafe Recall=0.0579 | Hazard FNR=0.9421
2026-05-26 09:29:48 | INFO     | [Task2] NLA_402468425EDR_F0043474NCAM00317M1 | Unsafe Recall=0.3719 | Hazard FNR=0.6281
2026-05-26 09:29:48 | INFO     | [Task2] NLB_421991360EDR_F0060082NCAM00320M1 | Unsafe Recall=0.0000 | Hazard FNR=0.0000
2026-05-26 09:29:48 | INFO     | [Task2] NLA_401317028EDR_F0042002NCAM00430M1 | Unsafe Recall=0.0000 | Hazard FNR=0.0000
2026-05-26 09:29:48 | INFO     | [Task2] NLB_421821186EDR_F0060082NCAM05703M1 | Unsafe Recall=0.4136 | Hazard FNR=0.5864
2026-05-26 09:29:48 | INFO     | Task 2 metrics calculated for 75 images.
2026-05-26 09:29:49 | INFO     | Task 2 traversability maps saved to: ../outputs/traversability_task2/unet_v2
2026-05-26 09:29:52 | INFO     | Excel file saved: ../outputs/excel_results/unet_v2_results.xlsx
2026-05-26 09:29:54 | INFO     | Saving visual comparison images...
2026-05-26 09:30:16 | INFO     | Visual results saved to: ../outputs/visual_results/unet_v2
2026-05-26 09:30:22 | INFO     | ========== U-NET NOTEBOOK COMPLETED SUCCESSFULLY ==========
