2026-05-25 10:01:32 | INFO     | ========== ATTENTION_UNET NOTEBOOK STARTED ==========
2026-05-25 10:01:34 | INFO     | Loaded train.txt: 70 pairs
2026-05-25 10:01:34 | INFO     | Loaded val.txt: 15 pairs
2026-05-25 10:01:34 | INFO     | Loaded test.txt: 15 pairs
2026-05-25 10:01:35 | INFO     | MarsTerrainDataset defined.
2026-05-25 10:01:39 | INFO     | Model: Attention U-Net | Params: 31,910,640 | Size: 121.73 MB
2026-05-25 10:01:44 | INFO     | Computing class weights...
2026-05-25 10:01:45 | INFO     | Weights: [0.0428 0.1026 0.0758 3.7788]
2026-05-25 10:02:09 | INFO     | Training: 50 epochs | lr=0.001 | batch=4
2026-05-25 10:02:34 | INFO     | Epoch 001/50 | Train: 2.1678 | Val: 2.2613 | mIoU: 0.1004
2026-05-25 10:02:35 | INFO     |   ✓ Best model saved (mIoU=0.1004)
2026-05-25 10:02:47 | INFO     | Epoch 002/50 | Train: 2.0837 | Val: 1.9244 | mIoU: 0.1036
2026-05-25 10:02:47 | INFO     |   ✓ Best model saved (mIoU=0.1036)
2026-05-25 10:03:00 | INFO     | Epoch 003/50 | Train: 2.1158 | Val: 1.9057 | mIoU: 0.1478
2026-05-25 10:03:00 | INFO     |   ✓ Best model saved (mIoU=0.1478)
2026-05-25 10:03:13 | INFO     | Epoch 004/50 | Train: 2.0699 | Val: 1.8632 | mIoU: 0.1741
2026-05-25 10:03:13 | INFO     |   ✓ Best model saved (mIoU=0.1741)
2026-05-25 10:03:26 | INFO     | Epoch 005/50 | Train: 2.0145 | Val: 2.3068 | mIoU: 0.0754
2026-05-25 10:03:38 | INFO     | Epoch 006/50 | Train: 2.1038 | Val: 1.8756 | mIoU: 0.1672
2026-05-25 10:03:51 | INFO     | Epoch 007/50 | Train: 2.0193 | Val: 1.8257 | mIoU: 0.1545
2026-05-25 10:04:03 | INFO     | Epoch 008/50 | Train: 1.9936 | Val: 1.8639 | mIoU: 0.1376
2026-05-25 10:04:16 | INFO     | Epoch 009/50 | Train: 2.0067 | Val: 2.1370 | mIoU: 0.1433
2026-05-25 10:04:29 | INFO     | Epoch 010/50 | Train: 2.0588 | Val: 2.0193 | mIoU: 0.1633
2026-05-25 10:04:41 | INFO     | Epoch 011/50 | Train: 2.0139 | Val: 1.8395 | mIoU: 0.1901
2026-05-25 10:04:41 | INFO     |   ✓ Best model saved (mIoU=0.1901)
2026-05-25 10:04:54 | INFO     | Epoch 012/50 | Train: 1.9107 | Val: 1.8270 | mIoU: 0.1574
2026-05-25 10:05:07 | INFO     | Epoch 013/50 | Train: 1.9074 | Val: 2.0369 | mIoU: 0.1146
2026-05-25 10:05:20 | INFO     | Epoch 014/50 | Train: 1.8144 | Val: 1.7262 | mIoU: 0.1809
2026-05-25 10:05:32 | INFO     | Epoch 015/50 | Train: 1.7930 | Val: 1.8910 | mIoU: 0.1289
2026-05-25 10:05:45 | INFO     | Epoch 016/50 | Train: 1.7961 | Val: 1.6716 | mIoU: 0.1819
2026-05-25 10:05:58 | INFO     | Epoch 017/50 | Train: 1.7811 | Val: 2.0060 | mIoU: 0.1075
2026-05-25 10:06:10 | INFO     | Epoch 018/50 | Train: 1.7334 | Val: 1.6356 | mIoU: 0.1927
2026-05-25 10:06:10 | INFO     |   ✓ Best model saved (mIoU=0.1927)
2026-05-25 10:06:23 | INFO     | Epoch 019/50 | Train: 1.8173 | Val: 1.8039 | mIoU: 0.1801
2026-05-25 10:06:36 | INFO     | Epoch 020/50 | Train: 1.7499 | Val: 1.6216 | mIoU: 0.1990
2026-05-25 10:06:36 | INFO     |   ✓ Best model saved (mIoU=0.1990)
2026-05-25 10:06:49 | INFO     | Epoch 021/50 | Train: 1.7381 | Val: 1.5896 | mIoU: 0.2039
2026-05-25 10:06:49 | INFO     |   ✓ Best model saved (mIoU=0.2039)
2026-05-25 10:07:02 | INFO     | Epoch 022/50 | Train: 1.8295 | Val: 1.6305 | mIoU: 0.1981
2026-05-25 10:07:14 | INFO     | Epoch 023/50 | Train: 1.7556 | Val: 1.7621 | mIoU: 0.1653
2026-05-25 10:07:27 | INFO     | Epoch 024/50 | Train: 1.6565 | Val: 1.8265 | mIoU: 0.1571
2026-05-25 10:07:40 | INFO     | Epoch 025/50 | Train: 1.6927 | Val: 1.7636 | mIoU: 0.1679
2026-05-25 10:07:52 | INFO     | Epoch 026/50 | Train: 1.6971 | Val: 1.7097 | mIoU: 0.1819
2026-05-25 10:08:05 | INFO     | Epoch 027/50 | Train: 1.6862 | Val: 1.8726 | mIoU: 0.1563
2026-05-25 10:08:17 | INFO     | Epoch 028/50 | Train: 1.7187 | Val: 1.6370 | mIoU: 0.1863
2026-05-25 10:08:30 | INFO     | Epoch 029/50 | Train: 1.6393 | Val: 1.6350 | mIoU: 0.1983
2026-05-25 10:08:42 | INFO     | Epoch 030/50 | Train: 1.5812 | Val: 1.6352 | mIoU: 0.2076
2026-05-25 10:08:43 | INFO     |   ✓ Best model saved (mIoU=0.2076)
2026-05-25 10:08:55 | INFO     | Epoch 031/50 | Train: 1.6715 | Val: 2.0032 | mIoU: 0.1898
2026-05-25 10:09:08 | INFO     | Epoch 032/50 | Train: 1.6097 | Val: 1.5923 | mIoU: 0.2114
2026-05-25 10:09:08 | INFO     |   ✓ Best model saved (mIoU=0.2114)
2026-05-25 10:09:21 | INFO     | Epoch 033/50 | Train: 1.5636 | Val: 1.5382 | mIoU: 0.2153
2026-05-25 10:09:21 | INFO     |   ✓ Best model saved (mIoU=0.2153)
2026-05-25 10:09:34 | INFO     | Epoch 034/50 | Train: 1.5673 | Val: 1.7888 | mIoU: 0.1770
2026-05-25 10:09:46 | INFO     | Epoch 035/50 | Train: 1.6014 | Val: 1.7775 | mIoU: 0.1789
2026-05-25 10:09:59 | INFO     | Epoch 036/50 | Train: 1.6862 | Val: 2.1538 | mIoU: 0.2085
2026-05-25 10:10:12 | INFO     | Epoch 037/50 | Train: 1.6905 | Val: 1.7719 | mIoU: 0.1667
2026-05-25 10:10:24 | INFO     | Epoch 038/50 | Train: 1.5893 | Val: 1.5942 | mIoU: 0.2122
2026-05-25 10:10:37 | INFO     | Epoch 039/50 | Train: 1.6038 | Val: 1.7748 | mIoU: 0.1720
2026-05-25 10:10:50 | INFO     | Epoch 040/50 | Train: 1.5906 | Val: 1.5784 | mIoU: 0.2200
2026-05-25 10:10:50 | INFO     |   ✓ Best model saved (mIoU=0.2200)
2026-05-25 10:11:03 | INFO     | Epoch 041/50 | Train: 1.5823 | Val: 1.5563 | mIoU: 0.2287
2026-05-25 10:11:03 | INFO     |   ✓ Best model saved (mIoU=0.2287)
2026-05-25 10:11:16 | INFO     | Epoch 042/50 | Train: 1.5212 | Val: 1.6105 | mIoU: 0.2140
2026-05-25 10:11:28 | INFO     | Epoch 043/50 | Train: 1.6299 | Val: 1.5906 | mIoU: 0.2161
2026-05-25 10:11:41 | INFO     | Epoch 044/50 | Train: 1.6055 | Val: 1.5920 | mIoU: 0.2175
2026-05-25 10:11:53 | INFO     | Epoch 045/50 | Train: 1.5245 | Val: 1.5967 | mIoU: 0.2165
2026-05-25 10:12:06 | INFO     | Epoch 046/50 | Train: 1.5355 | Val: 1.5267 | mIoU: 0.2296
2026-05-25 10:12:06 | INFO     |   ✓ Best model saved (mIoU=0.2296)
2026-05-25 10:12:19 | INFO     | Epoch 047/50 | Train: 1.5716 | Val: 1.5801 | mIoU: 0.2205
2026-05-25 10:12:32 | INFO     | Epoch 048/50 | Train: 1.6275 | Val: 1.6840 | mIoU: 0.2105
2026-05-25 10:12:44 | INFO     | Epoch 049/50 | Train: 1.6157 | Val: 1.6460 | mIoU: 0.2156
2026-05-25 10:12:57 | INFO     | Epoch 050/50 | Train: 1.5564 | Val: 1.5479 | mIoU: 0.2350
2026-05-25 10:12:57 | INFO     |   ✓ Best model saved (mIoU=0.2350)
2026-05-25 10:12:57 | INFO     | Training complete. Best epoch: 50, mIoU: 0.2350
2026-05-25 10:13:23 | INFO     | [T1] NLA_398561822EDR_F0030004NCAM00400M1 mIoU=0.2002 Dice=0.2223 50.2ms
2026-05-25 10:13:23 | INFO     | [T1] NLA_407975674EDR_F0050432NCAM07814M1 mIoU=0.0000 Dice=0.0000 37.9ms
2026-05-25 10:13:24 | INFO     | [T1] NLA_402117478EDR_F0043200NCAM00439M1 mIoU=0.1844 Dice=0.2692 37.4ms
2026-05-25 10:13:24 | INFO     | [T1] NLA_398920052EDR_F0030078NCAM00303M1 mIoU=0.0544 Dice=0.0894 37.4ms
2026-05-25 10:13:24 | INFO     | [T1] NLA_408145785EDR_F0050624NCAM00454M1 mIoU=0.1583 Dice=0.2400 37.7ms
2026-05-25 10:13:24 | INFO     | [T1] NLA_408145730EDR_F0050624NCAM00454M1 mIoU=0.2906 Dice=0.3597 37.9ms
2026-05-25 10:13:24 | INFO     | [T1] NLA_398920451EDR_F0030078NCAM00304M1 mIoU=0.2111 Dice=0.2289 37.2ms
2026-05-25 10:13:24 | INFO     | [T1] NLA_403977615EDR_F0050104NCAM00107M1 mIoU=0.3118 Dice=0.3841 36.5ms
2026-05-25 10:13:24 | INFO     | [T1] NLA_401855285EDR_F0042778NCAM00434M1 mIoU=0.1671 Dice=0.2056 36.4ms
2026-05-25 10:13:24 | INFO     | [T1] NLA_402648966EDR_F0050000NCAM00321M1 mIoU=0.0897 Dice=0.1320 36.2ms
2026-05-25 10:13:24 | INFO     | [T1] NLA_406647820EDR_F0050388NCAM07754M1 mIoU=0.2845 Dice=0.3106 37.8ms
2026-05-25 10:13:24 | INFO     | [T1] NLA_408145754EDR_F0050624NCAM00454M1 mIoU=0.4114 Dice=0.5201 37.6ms
2026-05-25 10:13:24 | INFO     | [T1] NLA_403441127EDR_F0050104NCAM00326M1 mIoU=0.2139 Dice=0.2306 37.3ms
2026-05-25 10:13:24 | INFO     | [T1] NLA_398919784EDR_F0030078NCAM00301M1 mIoU=0.1518 Dice=0.1889 37.7ms
2026-05-25 10:13:24 | INFO     | [T1] NLA_402816231EDR_F0050104NCAM00450M1 mIoU=0.1914 Dice=0.2168 37.5ms
2026-05-25 10:13:27 | INFO     | [T2] NLA_398561822EDR_F0030004NCAM00400M1 UnsafeR=0.0000 FNR=0.0000
2026-05-25 10:13:27 | INFO     | [T2] NLA_407975674EDR_F0050432NCAM07814M1 UnsafeR=0.0000 FNR=0.0000
2026-05-25 10:13:27 | INFO     | [T2] NLA_402117478EDR_F0043200NCAM00439M1 UnsafeR=0.0000 FNR=0.0000
2026-05-25 10:13:27 | INFO     | [T2] NLA_398920052EDR_F0030078NCAM00303M1 UnsafeR=0.0000 FNR=0.0000
2026-05-25 10:13:27 | INFO     | [T2] NLA_408145785EDR_F0050624NCAM00454M1 UnsafeR=0.0000 FNR=0.0000
2026-05-25 10:13:27 | INFO     | [T2] NLA_408145730EDR_F0050624NCAM00454M1 UnsafeR=0.0000 FNR=0.0000
2026-05-25 10:13:27 | INFO     | [T2] NLA_398920451EDR_F0030078NCAM00304M1 UnsafeR=0.0000 FNR=0.0000
2026-05-25 10:13:27 | INFO     | [T2] NLA_403977615EDR_F0050104NCAM00107M1 UnsafeR=0.6523 FNR=0.3477
2026-05-25 10:13:27 | INFO     | [T2] NLA_401855285EDR_F0042778NCAM00434M1 UnsafeR=0.9901 FNR=0.0099
2026-05-25 10:13:27 | INFO     | [T2] NLA_402648966EDR_F0050000NCAM00321M1 UnsafeR=0.4346 FNR=0.5654
2026-05-25 10:13:27 | INFO     | [T2] NLA_406647820EDR_F0050388NCAM07754M1 UnsafeR=0.0000 FNR=0.0000
2026-05-25 10:13:27 | INFO     | [T2] NLA_408145754EDR_F0050624NCAM00454M1 UnsafeR=0.8947 FNR=0.1053
2026-05-25 10:13:27 | INFO     | [T2] NLA_403441127EDR_F0050104NCAM00326M1 UnsafeR=0.8563 FNR=0.1437
2026-05-25 10:13:27 | INFO     | [T2] NLA_398919784EDR_F0030078NCAM00301M1 UnsafeR=0.0000 FNR=0.0000
2026-05-25 10:13:27 | INFO     | [T2] NLA_402816231EDR_F0050104NCAM00450M1 UnsafeR=0.8744 FNR=0.1256
2026-05-25 10:13:31 | INFO     | Excel saved: ../outputs/excel_results/attention_unet_results.xlsx
2026-05-25 10:13:39 | INFO     | ========== ATTENTION U-NET NOTEBOOK COMPLETED ==========
