2026-05-25 10:43:26 | INFO     | ========== EFFICIENTNET_B0_UNET NOTEBOOK STARTED ==========
2026-05-25 10:43:27 | INFO     | Loaded train.txt: 70 pairs
2026-05-25 10:43:27 | INFO     | Loaded val.txt: 15 pairs
2026-05-25 10:43:27 | INFO     | Loaded test.txt: 15 pairs
2026-05-25 10:43:29 | INFO     | MarsTerrainDataset (ImageNet normalisation) defined.
2026-05-25 10:43:34 | INFO     | Model: EfficientNet-B0-UNet | Params: 8,458,624 | 32.27 MB
2026-05-25 10:43:39 | INFO     | Computing class weights...
2026-05-25 10:43:39 | INFO     | Weights: [0.0428 0.1026 0.0758 3.7788]
2026-05-25 10:43:46 | INFO     | Training: 50 epochs | lr=0.001 | batch=4
2026-05-25 10:44:07 | INFO     | Epoch 001/50 | Train: 2.0792 | Val: 1.8920 | mIoU: 0.2215
2026-05-25 10:44:07 | INFO     |   ✓ Best model saved (mIoU=0.2215)
2026-05-25 10:44:12 | INFO     | Epoch 002/50 | Train: 1.8877 | Val: 1.4564 | mIoU: 0.2787
2026-05-25 10:44:12 | INFO     |   ✓ Best model saved (mIoU=0.2787)
2026-05-25 10:44:16 | INFO     | Epoch 003/50 | Train: 1.7036 | Val: 1.6412 | mIoU: 0.2599
2026-05-25 10:44:21 | INFO     | Epoch 004/50 | Train: 1.7330 | Val: 1.3676 | mIoU: 0.2389
2026-05-25 10:44:25 | INFO     | Epoch 005/50 | Train: 1.7278 | Val: 1.2439 | mIoU: 0.2765
2026-05-25 10:44:30 | INFO     | Epoch 006/50 | Train: 1.4367 | Val: 1.2267 | mIoU: 0.2914
2026-05-25 10:44:30 | INFO     |   ✓ Best model saved (mIoU=0.2914)
2026-05-25 10:44:34 | INFO     | Epoch 007/50 | Train: 1.5050 | Val: 1.3100 | mIoU: 0.2863
2026-05-25 10:44:38 | INFO     | Epoch 008/50 | Train: 1.3316 | Val: 1.3228 | mIoU: 0.2624
2026-05-25 10:44:43 | INFO     | Epoch 009/50 | Train: 1.5512 | Val: 1.4964 | mIoU: 0.2393
2026-05-25 10:44:47 | INFO     | Epoch 010/50 | Train: 1.5208 | Val: 1.4081 | mIoU: 0.2783
2026-05-25 10:44:52 | INFO     | Epoch 011/50 | Train: 1.3595 | Val: 1.3645 | mIoU: 0.2743
2026-05-25 10:44:56 | INFO     | Epoch 012/50 | Train: 1.1750 | Val: 1.3680 | mIoU: 0.2743
2026-05-25 10:45:01 | INFO     | Epoch 013/50 | Train: 1.2826 | Val: 1.2980 | mIoU: 0.2956
2026-05-25 10:45:01 | INFO     |   ✓ Best model saved (mIoU=0.2956)
2026-05-25 10:45:05 | INFO     | Epoch 014/50 | Train: 1.1226 | Val: 1.2378 | mIoU: 0.3143
2026-05-25 10:45:06 | INFO     |   ✓ Best model saved (mIoU=0.3143)
2026-05-25 10:45:10 | INFO     | Epoch 015/50 | Train: 1.1223 | Val: 1.2684 | mIoU: 0.3022
2026-05-25 10:45:15 | INFO     | Epoch 016/50 | Train: 1.2994 | Val: 1.3524 | mIoU: 0.2702
2026-05-25 10:45:19 | INFO     | Epoch 017/50 | Train: 1.0921 | Val: 1.4153 | mIoU: 0.2625
2026-05-25 10:45:23 | INFO     | Epoch 018/50 | Train: 1.2920 | Val: 1.7343 | mIoU: 0.2602
2026-05-25 10:45:28 | INFO     | Epoch 019/50 | Train: 1.0379 | Val: 1.1708 | mIoU: 0.2994
2026-05-25 10:45:32 | INFO     | Epoch 020/50 | Train: 1.0228 | Val: 1.1652 | mIoU: 0.3045
2026-05-25 10:45:37 | INFO     | Epoch 021/50 | Train: 0.9730 | Val: 1.1410 | mIoU: 0.3134
2026-05-25 10:45:41 | INFO     | Epoch 022/50 | Train: 0.9437 | Val: 1.1053 | mIoU: 0.3229
2026-05-25 10:45:41 | INFO     |   ✓ Best model saved (mIoU=0.3229)
2026-05-25 10:45:46 | INFO     | Epoch 023/50 | Train: 0.8392 | Val: 1.1369 | mIoU: 0.3117
2026-05-25 10:45:50 | INFO     | Epoch 024/50 | Train: 0.8694 | Val: 1.1024 | mIoU: 0.3220
2026-05-25 10:45:54 | INFO     | Epoch 025/50 | Train: 0.9205 | Val: 1.1578 | mIoU: 0.3065
2026-05-25 10:45:59 | INFO     | Epoch 026/50 | Train: 0.9982 | Val: 1.1774 | mIoU: 0.2829
2026-05-25 10:46:04 | INFO     | Epoch 027/50 | Train: 0.9165 | Val: 1.1262 | mIoU: 0.3028
2026-05-25 10:46:08 | INFO     | Epoch 028/50 | Train: 0.8333 | Val: 1.1431 | mIoU: 0.3106
2026-05-25 10:46:12 | INFO     | Epoch 029/50 | Train: 0.9442 | Val: 1.1581 | mIoU: 0.3071
2026-05-25 10:46:17 | INFO     | Epoch 030/50 | Train: 0.9229 | Val: 1.1645 | mIoU: 0.3007
2026-05-25 10:46:21 | INFO     | Epoch 031/50 | Train: 0.7857 | Val: 1.1047 | mIoU: 0.3085
2026-05-25 10:46:26 | INFO     | Epoch 032/50 | Train: 0.9289 | Val: 1.0801 | mIoU: 0.3089
2026-05-25 10:46:30 | INFO     | Epoch 033/50 | Train: 0.9476 | Val: 1.1091 | mIoU: 0.3059
2026-05-25 10:46:35 | INFO     | Epoch 034/50 | Train: 0.7768 | Val: 1.1500 | mIoU: 0.2988
2026-05-25 10:46:39 | INFO     | Epoch 035/50 | Train: 0.9882 | Val: 1.1682 | mIoU: 0.2894
2026-05-25 10:46:43 | INFO     | Epoch 036/50 | Train: 0.8065 | Val: 1.1570 | mIoU: 0.3019
2026-05-25 10:46:48 | INFO     | Epoch 037/50 | Train: 0.7245 | Val: 1.1579 | mIoU: 0.2980
2026-05-25 10:46:52 | INFO     | Epoch 038/50 | Train: 0.7739 | Val: 1.1553 | mIoU: 0.2950
2026-05-25 10:46:57 | INFO     | Epoch 039/50 | Train: 0.7751 | Val: 1.1724 | mIoU: 0.2947
2026-05-25 10:47:01 | INFO     | Epoch 040/50 | Train: 0.7438 | Val: 1.1303 | mIoU: 0.3106
2026-05-25 10:47:06 | INFO     | Epoch 041/50 | Train: 0.8825 | Val: 1.0854 | mIoU: 0.3216
2026-05-25 10:47:10 | INFO     | Epoch 042/50 | Train: 0.8763 | Val: 1.1774 | mIoU: 0.2961
2026-05-25 10:47:15 | INFO     | Epoch 043/50 | Train: 0.6766 | Val: 1.0964 | mIoU: 0.3141
2026-05-25 10:47:19 | INFO     | Epoch 044/50 | Train: 0.7719 | Val: 1.0834 | mIoU: 0.3123
2026-05-25 10:47:24 | INFO     | Epoch 045/50 | Train: 0.8435 | Val: 1.0595 | mIoU: 0.3256
2026-05-25 10:47:24 | INFO     |   ✓ Best model saved (mIoU=0.3256)
2026-05-25 10:47:28 | INFO     | Epoch 046/50 | Train: 0.8746 | Val: 1.1154 | mIoU: 0.3153
2026-05-25 10:47:33 | INFO     | Epoch 047/50 | Train: 0.9272 | Val: 1.0626 | mIoU: 0.3269
2026-05-25 10:47:33 | INFO     |   ✓ Best model saved (mIoU=0.3269)
2026-05-25 10:47:37 | INFO     | Epoch 048/50 | Train: 0.7342 | Val: 1.0639 | mIoU: 0.3259
2026-05-25 10:47:42 | INFO     | Epoch 049/50 | Train: 0.7288 | Val: 1.1137 | mIoU: 0.3144
2026-05-25 10:47:46 | INFO     | Epoch 050/50 | Train: 0.7657 | Val: 1.0854 | mIoU: 0.3251
2026-05-25 10:47:46 | INFO     | Training complete. Best epoch: 47, mIoU: 0.3269
2026-05-25 10:47:52 | INFO     | [T1] NLA_398561822EDR_F0030004NCAM00400M1 mIoU=0.2500 30.9ms
2026-05-25 10:47:52 | INFO     | [T1] NLA_407975674EDR_F0050432NCAM07814M1 mIoU=0.0569 18.6ms
2026-05-25 10:47:52 | INFO     | [T1] NLA_402117478EDR_F0043200NCAM00439M1 mIoU=0.1784 24.7ms
2026-05-25 10:47:52 | INFO     | [T1] NLA_398920052EDR_F0030078NCAM00303M1 mIoU=0.2468 19.6ms
2026-05-25 10:47:52 | INFO     | [T1] NLA_408145785EDR_F0050624NCAM00454M1 mIoU=0.3363 24.8ms
2026-05-25 10:47:52 | INFO     | [T1] NLA_408145730EDR_F0050624NCAM00454M1 mIoU=0.4089 23.2ms
2026-05-25 10:47:52 | INFO     | [T1] NLA_398920451EDR_F0030078NCAM00304M1 mIoU=0.0980 21.1ms
2026-05-25 10:47:52 | INFO     | [T1] NLA_403977615EDR_F0050104NCAM00107M1 mIoU=0.4628 23.7ms
2026-05-25 10:47:52 | INFO     | [T1] NLA_401855285EDR_F0042778NCAM00434M1 mIoU=0.2486 23.9ms
2026-05-25 10:47:52 | INFO     | [T1] NLA_402648966EDR_F0050000NCAM00321M1 mIoU=0.2495 23.1ms
2026-05-25 10:47:52 | INFO     | [T1] NLA_406647820EDR_F0050388NCAM07754M1 mIoU=0.2750 24.3ms
2026-05-25 10:47:52 | INFO     | [T1] NLA_408145754EDR_F0050624NCAM00454M1 mIoU=0.4915 46.2ms
2026-05-25 10:47:52 | INFO     | [T1] NLA_403441127EDR_F0050104NCAM00326M1 mIoU=0.2500 19.2ms
2026-05-25 10:47:52 | INFO     | [T1] NLA_398919784EDR_F0030078NCAM00301M1 mIoU=0.2423 19.5ms
2026-05-25 10:47:52 | INFO     | [T1] NLA_402816231EDR_F0050104NCAM00450M1 mIoU=0.2307 26.4ms
2026-05-25 10:47:55 | INFO     | [T2] NLA_398561822EDR_F0030004NCAM00400M1 UnsafeR=0.0000 FNR=0.0000
2026-05-25 10:47:55 | INFO     | [T2] NLA_407975674EDR_F0050432NCAM07814M1 UnsafeR=0.0000 FNR=0.0000
2026-05-25 10:47:55 | INFO     | [T2] NLA_402117478EDR_F0043200NCAM00439M1 UnsafeR=0.0000 FNR=0.0000
2026-05-25 10:47:55 | INFO     | [T2] NLA_398920052EDR_F0030078NCAM00303M1 UnsafeR=0.0000 FNR=0.0000
2026-05-25 10:47:55 | INFO     | [T2] NLA_408145785EDR_F0050624NCAM00454M1 UnsafeR=0.0000 FNR=0.0000
2026-05-25 10:47:55 | INFO     | [T2] NLA_408145730EDR_F0050624NCAM00454M1 UnsafeR=0.0000 FNR=0.0000
2026-05-25 10:47:55 | INFO     | [T2] NLA_398920451EDR_F0030078NCAM00304M1 UnsafeR=0.0000 FNR=0.0000
2026-05-25 10:47:55 | INFO     | [T2] NLA_403977615EDR_F0050104NCAM00107M1 UnsafeR=0.9621 FNR=0.0379
2026-05-25 10:47:55 | INFO     | [T2] NLA_401855285EDR_F0042778NCAM00434M1 UnsafeR=0.0000 FNR=1.0000
2026-05-25 10:47:55 | INFO     | [T2] NLA_402648966EDR_F0050000NCAM00321M1 UnsafeR=0.9980 FNR=0.0020
2026-05-25 10:47:55 | INFO     | [T2] NLA_406647820EDR_F0050388NCAM07754M1 UnsafeR=0.0000 FNR=0.0000
2026-05-25 10:47:55 | INFO     | [T2] NLA_408145754EDR_F0050624NCAM00454M1 UnsafeR=1.0000 FNR=0.0000
2026-05-25 10:47:55 | INFO     | [T2] NLA_403441127EDR_F0050104NCAM00326M1 UnsafeR=1.0000 FNR=0.0000
2026-05-25 10:47:55 | INFO     | [T2] NLA_398919784EDR_F0030078NCAM00301M1 UnsafeR=0.0000 FNR=0.0000
2026-05-25 10:47:55 | INFO     | [T2] NLA_402816231EDR_F0050104NCAM00450M1 UnsafeR=0.9603 FNR=0.0397
2026-05-25 10:47:59 | INFO     | Excel saved: ../outputs/excel_results/efficientnet_b0_unet_results.xlsx
2026-05-25 10:48:07 | INFO     | ========== EFFICIENTNET-B0-UNET NOTEBOOK COMPLETED ==========
