2026-05-25 10:32:45 | INFO     | ========== MOBILENETV3_UNET NOTEBOOK STARTED ==========
2026-05-25 10:32:46 | INFO     | Loaded train.txt: 70 pairs
2026-05-25 10:32:46 | INFO     | Loaded val.txt: 15 pairs
2026-05-25 10:32:46 | INFO     | Loaded test.txt: 15 pairs
2026-05-25 10:32:47 | INFO     | MarsTerrainDataset (ImageNet normalisation) defined.
2026-05-25 10:32:53 | INFO     | Model: MobileNetV3-UNet | Params: 6,685,748 | 25.50 MB
2026-05-25 10:32:58 | INFO     | Computing class weights...
2026-05-25 10:32:58 | INFO     | Weights: [0.0428 0.1026 0.0758 3.7788]
2026-05-25 10:33:07 | INFO     | Training: 50 epochs | lr=0.001 | batch=4
2026-05-25 10:33:28 | INFO     | Epoch 001/50 | Train: 2.0800 | Val: 2.8836 | mIoU: 0.0992
2026-05-25 10:33:29 | INFO     |   ✓ Best model saved (mIoU=0.0992)
2026-05-25 10:33:32 | INFO     | Epoch 002/50 | Train: 1.7883 | Val: 2.5371 | mIoU: 0.2065
2026-05-25 10:33:32 | INFO     |   ✓ Best model saved (mIoU=0.2065)
2026-05-25 10:33:36 | INFO     | Epoch 003/50 | Train: 1.7510 | Val: 1.8840 | mIoU: 0.1854
2026-05-25 10:33:40 | INFO     | Epoch 004/50 | Train: 1.6209 | Val: 1.5673 | mIoU: 0.2765
2026-05-25 10:33:40 | INFO     |   ✓ Best model saved (mIoU=0.2765)
2026-05-25 10:33:43 | INFO     | Epoch 005/50 | Train: 1.4732 | Val: 1.8746 | mIoU: 0.2455
2026-05-25 10:33:47 | INFO     | Epoch 006/50 | Train: 1.4553 | Val: 1.7338 | mIoU: 0.2594
2026-05-25 10:33:50 | INFO     | Epoch 007/50 | Train: 1.4458 | Val: 1.4242 | mIoU: 0.2687
2026-05-25 10:33:54 | INFO     | Epoch 008/50 | Train: 1.3243 | Val: 1.3934 | mIoU: 0.2148
2026-05-25 10:33:57 | INFO     | Epoch 009/50 | Train: 1.3174 | Val: 1.3266 | mIoU: 0.2515
2026-05-25 10:34:01 | INFO     | Epoch 010/50 | Train: 1.3643 | Val: 1.4004 | mIoU: 0.2367
2026-05-25 10:34:04 | INFO     | Epoch 011/50 | Train: 1.3258 | Val: 1.8296 | mIoU: 0.2075
2026-05-25 10:34:08 | INFO     | Epoch 012/50 | Train: 1.1638 | Val: 1.1147 | mIoU: 0.2827
2026-05-25 10:34:08 | INFO     |   ✓ Best model saved (mIoU=0.2827)
2026-05-25 10:34:12 | INFO     | Epoch 013/50 | Train: 1.1451 | Val: 1.2829 | mIoU: 0.2705
2026-05-25 10:34:15 | INFO     | Epoch 014/50 | Train: 1.1646 | Val: 1.2896 | mIoU: 0.2647
2026-05-25 10:34:19 | INFO     | Epoch 015/50 | Train: 0.9964 | Val: 1.3567 | mIoU: 0.2610
2026-05-25 10:34:22 | INFO     | Epoch 016/50 | Train: 0.9383 | Val: 1.3832 | mIoU: 0.2597
2026-05-25 10:34:26 | INFO     | Epoch 017/50 | Train: 0.9809 | Val: 1.1392 | mIoU: 0.2859
2026-05-25 10:34:26 | INFO     |   ✓ Best model saved (mIoU=0.2859)
2026-05-25 10:34:29 | INFO     | Epoch 018/50 | Train: 1.0730 | Val: 1.0906 | mIoU: 0.2956
2026-05-25 10:34:30 | INFO     |   ✓ Best model saved (mIoU=0.2956)
2026-05-25 10:34:33 | INFO     | Epoch 019/50 | Train: 0.8761 | Val: 1.2088 | mIoU: 0.2993
2026-05-25 10:34:33 | INFO     |   ✓ Best model saved (mIoU=0.2993)
2026-05-25 10:34:37 | INFO     | Epoch 020/50 | Train: 0.9142 | Val: 1.0298 | mIoU: 0.3190
2026-05-25 10:34:37 | INFO     |   ✓ Best model saved (mIoU=0.3190)
2026-05-25 10:34:41 | INFO     | Epoch 021/50 | Train: 0.9137 | Val: 1.1741 | mIoU: 0.2996
2026-05-25 10:34:44 | INFO     | Epoch 022/50 | Train: 0.7100 | Val: 1.1329 | mIoU: 0.3133
2026-05-25 10:34:48 | INFO     | Epoch 023/50 | Train: 0.9112 | Val: 1.3676 | mIoU: 0.2873
2026-05-25 10:34:51 | INFO     | Epoch 024/50 | Train: 0.8675 | Val: 1.1632 | mIoU: 0.2826
2026-05-25 10:34:55 | INFO     | Epoch 025/50 | Train: 1.0968 | Val: 1.2206 | mIoU: 0.3052
2026-05-25 10:34:58 | INFO     | Epoch 026/50 | Train: 0.9401 | Val: 1.3715 | mIoU: 0.2748
2026-05-25 10:35:02 | INFO     | Epoch 027/50 | Train: 0.8887 | Val: 1.3118 | mIoU: 0.2870
2026-05-25 10:35:05 | INFO     | Epoch 028/50 | Train: 0.9197 | Val: 1.2735 | mIoU: 0.3021
2026-05-25 10:35:08 | INFO     | Epoch 029/50 | Train: 0.6834 | Val: 1.1591 | mIoU: 0.3193
2026-05-25 10:35:09 | INFO     |   ✓ Best model saved (mIoU=0.3193)
2026-05-25 10:35:12 | INFO     | Epoch 030/50 | Train: 0.9329 | Val: 1.1271 | mIoU: 0.3196
2026-05-25 10:35:12 | INFO     |   ✓ Best model saved (mIoU=0.3196)
2026-05-25 10:35:16 | INFO     | Epoch 031/50 | Train: 0.7405 | Val: 1.1395 | mIoU: 0.2944
2026-05-25 10:35:19 | INFO     | Epoch 032/50 | Train: 0.7898 | Val: 1.1095 | mIoU: 0.3077
2026-05-25 10:35:23 | INFO     | Epoch 033/50 | Train: 0.7816 | Val: 1.1062 | mIoU: 0.3145
2026-05-25 10:35:26 | INFO     | Epoch 034/50 | Train: 0.7200 | Val: 1.0803 | mIoU: 0.3201
2026-05-25 10:35:26 | INFO     |   ✓ Best model saved (mIoU=0.3201)
2026-05-25 10:35:30 | INFO     | Epoch 035/50 | Train: 0.6468 | Val: 1.1010 | mIoU: 0.3176
2026-05-25 10:35:33 | INFO     | Epoch 036/50 | Train: 0.7845 | Val: 1.1047 | mIoU: 0.3204
2026-05-25 10:35:33 | INFO     |   ✓ Best model saved (mIoU=0.3204)
2026-05-25 10:35:37 | INFO     | Epoch 037/50 | Train: 0.6855 | Val: 1.0750 | mIoU: 0.3188
2026-05-25 10:35:40 | INFO     | Epoch 038/50 | Train: 0.6283 | Val: 0.9718 | mIoU: 0.3375
2026-05-25 10:35:40 | INFO     |   ✓ Best model saved (mIoU=0.3375)
2026-05-25 10:35:44 | INFO     | Epoch 039/50 | Train: 0.6778 | Val: 1.0504 | mIoU: 0.3387
2026-05-25 10:35:44 | INFO     |   ✓ Best model saved (mIoU=0.3387)
2026-05-25 10:35:48 | INFO     | Epoch 040/50 | Train: 0.6081 | Val: 1.0435 | mIoU: 0.3366
2026-05-25 10:35:51 | INFO     | Epoch 041/50 | Train: 0.6466 | Val: 1.0949 | mIoU: 0.3113
2026-05-25 10:35:54 | INFO     | Epoch 042/50 | Train: 0.6608 | Val: 1.3511 | mIoU: 0.2983
2026-05-25 10:35:58 | INFO     | Epoch 043/50 | Train: 0.6039 | Val: 1.1053 | mIoU: 0.3263
2026-05-25 10:36:01 | INFO     | Epoch 044/50 | Train: 0.6851 | Val: 1.0802 | mIoU: 0.3194
2026-05-25 10:36:05 | INFO     | Epoch 045/50 | Train: 0.6237 | Val: 1.2004 | mIoU: 0.2934
2026-05-25 10:36:08 | INFO     | Epoch 046/50 | Train: 0.6117 | Val: 1.2233 | mIoU: 0.2921
2026-05-25 10:36:12 | INFO     | Epoch 047/50 | Train: 0.7127 | Val: 1.1411 | mIoU: 0.3009
2026-05-25 10:36:15 | INFO     | Epoch 048/50 | Train: 0.5836 | Val: 1.1459 | mIoU: 0.3052
2026-05-25 10:36:19 | INFO     | Epoch 049/50 | Train: 0.6019 | Val: 1.1830 | mIoU: 0.3018
2026-05-25 10:36:23 | INFO     | Epoch 050/50 | Train: 0.5383 | Val: 1.1497 | mIoU: 0.3074
2026-05-25 10:36:23 | INFO     | Training complete. Best epoch: 39, mIoU: 0.3387
2026-05-25 10:36:28 | INFO     | [T1] NLA_398561822EDR_F0030004NCAM00400M1 mIoU=0.2500 25.6ms
2026-05-25 10:36:28 | INFO     | [T1] NLA_407975674EDR_F0050432NCAM07814M1 mIoU=0.0000 18.1ms
2026-05-25 10:36:28 | INFO     | [T1] NLA_402117478EDR_F0043200NCAM00439M1 mIoU=0.1783 21.2ms
2026-05-25 10:36:28 | INFO     | [T1] NLA_398920052EDR_F0030078NCAM00303M1 mIoU=0.2500 21.5ms
2026-05-25 10:36:28 | INFO     | [T1] NLA_408145785EDR_F0050624NCAM00454M1 mIoU=0.2361 20.9ms
2026-05-25 10:36:28 | INFO     | [T1] NLA_408145730EDR_F0050624NCAM00454M1 mIoU=0.4259 27.2ms
2026-05-25 10:36:28 | INFO     | [T1] NLA_398920451EDR_F0030078NCAM00304M1 mIoU=0.2500 17.8ms
2026-05-25 10:36:28 | INFO     | [T1] NLA_403977615EDR_F0050104NCAM00107M1 mIoU=0.3899 19.5ms
2026-05-25 10:36:28 | INFO     | [T1] NLA_401855285EDR_F0042778NCAM00434M1 mIoU=0.2486 19.5ms
2026-05-25 10:36:28 | INFO     | [T1] NLA_402648966EDR_F0050000NCAM00321M1 mIoU=0.2413 23.9ms
2026-05-25 10:36:28 | INFO     | [T1] NLA_406647820EDR_F0050388NCAM07754M1 mIoU=0.5000 19.1ms
2026-05-25 10:36:28 | INFO     | [T1] NLA_408145754EDR_F0050624NCAM00454M1 mIoU=0.4691 24.9ms
2026-05-25 10:36:28 | INFO     | [T1] NLA_403441127EDR_F0050104NCAM00326M1 mIoU=0.2500 18.5ms
2026-05-25 10:36:28 | INFO     | [T1] NLA_398919784EDR_F0030078NCAM00301M1 mIoU=0.2500 20.0ms
2026-05-25 10:36:28 | INFO     | [T1] NLA_402816231EDR_F0050104NCAM00450M1 mIoU=0.2493 23.5ms
2026-05-25 10:36:31 | INFO     | [T2] NLA_398561822EDR_F0030004NCAM00400M1 UnsafeR=0.0000 FNR=0.0000
2026-05-25 10:36:31 | INFO     | [T2] NLA_407975674EDR_F0050432NCAM07814M1 UnsafeR=0.0000 FNR=0.0000
2026-05-25 10:36:31 | INFO     | [T2] NLA_402117478EDR_F0043200NCAM00439M1 UnsafeR=0.0000 FNR=0.0000
2026-05-25 10:36:31 | INFO     | [T2] NLA_398920052EDR_F0030078NCAM00303M1 UnsafeR=0.0000 FNR=0.0000
2026-05-25 10:36:31 | INFO     | [T2] NLA_408145785EDR_F0050624NCAM00454M1 UnsafeR=0.0000 FNR=0.0000
2026-05-25 10:36:31 | INFO     | [T2] NLA_408145730EDR_F0050624NCAM00454M1 UnsafeR=0.0000 FNR=0.0000
2026-05-25 10:36:31 | INFO     | [T2] NLA_398920451EDR_F0030078NCAM00304M1 UnsafeR=0.0000 FNR=0.0000
2026-05-25 10:36:31 | INFO     | [T2] NLA_403977615EDR_F0050104NCAM00107M1 UnsafeR=0.6380 FNR=0.3620
2026-05-25 10:36:31 | INFO     | [T2] NLA_401855285EDR_F0042778NCAM00434M1 UnsafeR=0.0000 FNR=1.0000
2026-05-25 10:36:31 | INFO     | [T2] NLA_402648966EDR_F0050000NCAM00321M1 UnsafeR=0.9650 FNR=0.0350
2026-05-25 10:36:31 | INFO     | [T2] NLA_406647820EDR_F0050388NCAM07754M1 UnsafeR=0.0000 FNR=0.0000
2026-05-25 10:36:31 | INFO     | [T2] NLA_408145754EDR_F0050624NCAM00454M1 UnsafeR=0.0000 FNR=1.0000
2026-05-25 10:36:31 | INFO     | [T2] NLA_403441127EDR_F0050104NCAM00326M1 UnsafeR=1.0000 FNR=0.0000
2026-05-25 10:36:31 | INFO     | [T2] NLA_398919784EDR_F0030078NCAM00301M1 UnsafeR=0.0000 FNR=0.0000
2026-05-25 10:36:31 | INFO     | [T2] NLA_402816231EDR_F0050104NCAM00450M1 UnsafeR=0.9974 FNR=0.0026
2026-05-25 10:36:36 | INFO     | Excel saved: ../outputs/excel_results/mobilenetv3_unet_results.xlsx
2026-05-25 10:36:44 | INFO     | ========== MOBILENETV3-UNET NOTEBOOK COMPLETED ==========
