2026-05-25 10:21:11 | INFO     | ========== MOBILENETV2_UNET NOTEBOOK STARTED ==========
2026-05-25 10:21:13 | INFO     | Loaded train.txt: 70 pairs
2026-05-25 10:21:13 | INFO     | Loaded val.txt: 15 pairs
2026-05-25 10:21:13 | INFO     | Loaded test.txt: 15 pairs
2026-05-25 10:21:14 | INFO     | MarsTerrainDataset (with ImageNet normalisation) defined.
2026-05-25 10:21:19 | INFO     | Model: MobileNetV2-UNet | Params: 6,628,868 | 25.29 MB
2026-05-25 10:21:23 | INFO     | Computing class weights...
2026-05-25 10:21:23 | INFO     | Weights: [0.0428 0.1026 0.0758 3.7788]
2026-05-25 10:21:29 | INFO     | Training: 50 epochs | lr=0.001 | batch=4
2026-05-25 10:21:47 | INFO     | Epoch 001/50 | Train: 2.1862 | Val: 2.8350 | mIoU: 0.1708
2026-05-25 10:21:47 | INFO     |   ✓ Best model saved (mIoU=0.1708)
2026-05-25 10:21:50 | INFO     | Epoch 002/50 | Train: 2.1268 | Val: 2.9731 | mIoU: 0.2397
2026-05-25 10:21:50 | INFO     |   ✓ Best model saved (mIoU=0.2397)
2026-05-25 10:21:54 | INFO     | Epoch 003/50 | Train: 1.9684 | Val: 1.8258 | mIoU: 0.1706
2026-05-25 10:21:57 | INFO     | Epoch 004/50 | Train: 1.9162 | Val: 1.4390 | mIoU: 0.2606
2026-05-25 10:21:57 | INFO     |   ✓ Best model saved (mIoU=0.2606)
2026-05-25 10:22:01 | INFO     | Epoch 005/50 | Train: 1.8232 | Val: 1.5635 | mIoU: 0.2603
2026-05-25 10:22:04 | INFO     | Epoch 006/50 | Train: 1.7597 | Val: 1.2923 | mIoU: 0.2774
2026-05-25 10:22:04 | INFO     |   ✓ Best model saved (mIoU=0.2774)
2026-05-25 10:22:08 | INFO     | Epoch 007/50 | Train: 1.6486 | Val: 1.2075 | mIoU: 0.3125
2026-05-25 10:22:08 | INFO     |   ✓ Best model saved (mIoU=0.3125)
2026-05-25 10:22:11 | INFO     | Epoch 008/50 | Train: 1.7482 | Val: 1.4662 | mIoU: 0.2357
2026-05-25 10:22:15 | INFO     | Epoch 009/50 | Train: 1.5046 | Val: 1.5003 | mIoU: 0.2396
2026-05-25 10:22:18 | INFO     | Epoch 010/50 | Train: 1.5904 | Val: 1.3349 | mIoU: 0.2592
2026-05-25 10:22:21 | INFO     | Epoch 011/50 | Train: 1.5009 | Val: 1.3063 | mIoU: 0.2960
2026-05-25 10:22:25 | INFO     | Epoch 012/50 | Train: 1.5245 | Val: 1.2613 | mIoU: 0.3011
2026-05-25 10:22:28 | INFO     | Epoch 013/50 | Train: 1.5993 | Val: 1.3053 | mIoU: 0.2740
2026-05-25 10:22:32 | INFO     | Epoch 014/50 | Train: 1.5953 | Val: 1.5494 | mIoU: 0.2482
2026-05-25 10:22:35 | INFO     | Epoch 015/50 | Train: 1.3250 | Val: 1.3656 | mIoU: 0.2865
2026-05-25 10:22:38 | INFO     | Epoch 016/50 | Train: 1.2941 | Val: 1.4941 | mIoU: 0.2586
2026-05-25 10:22:42 | INFO     | Epoch 017/50 | Train: 1.3346 | Val: 1.4377 | mIoU: 0.2717
2026-05-25 10:22:45 | INFO     | Epoch 018/50 | Train: 1.4782 | Val: 1.2181 | mIoU: 0.3039
2026-05-25 10:22:48 | INFO     | Epoch 019/50 | Train: 1.2540 | Val: 1.3167 | mIoU: 0.2916
2026-05-25 10:22:52 | INFO     | Epoch 020/50 | Train: 1.2339 | Val: 1.3446 | mIoU: 0.2917
2026-05-25 10:22:55 | INFO     | Epoch 021/50 | Train: 1.2639 | Val: 1.3411 | mIoU: 0.2950
2026-05-25 10:22:58 | INFO     | Epoch 022/50 | Train: 1.0637 | Val: 1.2546 | mIoU: 0.3093
2026-05-25 10:23:02 | INFO     | Epoch 023/50 | Train: 1.2040 | Val: 1.2249 | mIoU: 0.3086
2026-05-25 10:23:05 | INFO     | Epoch 024/50 | Train: 1.1302 | Val: 1.2213 | mIoU: 0.3071
2026-05-25 10:23:08 | INFO     | Epoch 025/50 | Train: 1.1680 | Val: 1.3248 | mIoU: 0.2957
2026-05-25 10:23:12 | INFO     | Epoch 026/50 | Train: 1.0730 | Val: 1.3435 | mIoU: 0.2947
2026-05-25 10:23:15 | INFO     | Epoch 027/50 | Train: 1.0900 | Val: 1.3541 | mIoU: 0.2848
2026-05-25 10:23:18 | INFO     | Epoch 028/50 | Train: 1.0405 | Val: 1.2012 | mIoU: 0.3068
2026-05-25 10:23:22 | INFO     | Epoch 029/50 | Train: 1.0114 | Val: 1.2581 | mIoU: 0.2982
2026-05-25 10:23:25 | INFO     | Epoch 030/50 | Train: 1.0156 | Val: 1.2211 | mIoU: 0.3126
2026-05-25 10:23:25 | INFO     |   ✓ Best model saved (mIoU=0.3126)
2026-05-25 10:23:29 | INFO     | Epoch 031/50 | Train: 1.0045 | Val: 1.1928 | mIoU: 0.3195
2026-05-25 10:23:29 | INFO     |   ✓ Best model saved (mIoU=0.3195)
2026-05-25 10:23:32 | INFO     | Epoch 032/50 | Train: 1.0564 | Val: 1.1831 | mIoU: 0.3060
2026-05-25 10:23:35 | INFO     | Epoch 033/50 | Train: 1.0019 | Val: 1.2352 | mIoU: 0.2928
2026-05-25 10:23:39 | INFO     | Epoch 034/50 | Train: 0.9876 | Val: 1.2244 | mIoU: 0.3027
2026-05-25 10:23:42 | INFO     | Epoch 035/50 | Train: 1.0283 | Val: 1.2424 | mIoU: 0.2925
2026-05-25 10:23:46 | INFO     | Epoch 036/50 | Train: 1.0436 | Val: 1.2541 | mIoU: 0.2969
2026-05-25 10:23:49 | INFO     | Epoch 037/50 | Train: 0.9993 | Val: 1.2791 | mIoU: 0.2847
2026-05-25 10:23:52 | INFO     | Epoch 038/50 | Train: 1.0171 | Val: 1.2071 | mIoU: 0.2986
2026-05-25 10:23:55 | INFO     | Epoch 039/50 | Train: 0.9675 | Val: 1.2037 | mIoU: 0.3045
2026-05-25 10:23:59 | INFO     | Epoch 040/50 | Train: 0.9852 | Val: 1.1640 | mIoU: 0.3090
2026-05-25 10:24:02 | INFO     | Epoch 041/50 | Train: 1.0169 | Val: 1.2119 | mIoU: 0.3034
2026-05-25 10:24:05 | INFO     | Epoch 042/50 | Train: 0.9849 | Val: 1.2437 | mIoU: 0.2974
2026-05-25 10:24:09 | INFO     | Epoch 043/50 | Train: 0.9813 | Val: 1.1756 | mIoU: 0.3064
2026-05-25 10:24:12 | INFO     | Epoch 044/50 | Train: 0.9391 | Val: 1.1965 | mIoU: 0.3053
2026-05-25 10:24:15 | INFO     | Epoch 045/50 | Train: 0.9316 | Val: 1.2136 | mIoU: 0.3048
2026-05-25 10:24:19 | INFO     | Epoch 046/50 | Train: 1.0439 | Val: 1.2088 | mIoU: 0.2990
2026-05-25 10:24:22 | INFO     | Epoch 047/50 | Train: 0.9973 | Val: 1.2728 | mIoU: 0.2932
2026-05-25 10:24:25 | INFO     | Epoch 048/50 | Train: 0.8955 | Val: 1.2211 | mIoU: 0.3008
2026-05-25 10:24:29 | INFO     | Epoch 049/50 | Train: 0.9515 | Val: 1.1992 | mIoU: 0.3043
2026-05-25 10:24:32 | INFO     | Epoch 050/50 | Train: 0.8867 | Val: 1.2137 | mIoU: 0.3009
2026-05-25 10:24:32 | INFO     | Training complete. Best epoch: 31, mIoU: 0.3195
2026-05-25 10:24:57 | INFO     | [T1] NLA_398561822EDR_F0030004NCAM00400M1 mIoU=0.2500 23.6ms
2026-05-25 10:24:57 | INFO     | [T1] NLA_407975674EDR_F0050432NCAM07814M1 mIoU=0.0016 18.1ms
2026-05-25 10:24:57 | INFO     | [T1] NLA_402117478EDR_F0043200NCAM00439M1 mIoU=0.1783 17.9ms
2026-05-25 10:24:57 | INFO     | [T1] NLA_398920052EDR_F0030078NCAM00303M1 mIoU=0.2500 19.8ms
2026-05-25 10:24:57 | INFO     | [T1] NLA_408145785EDR_F0050624NCAM00454M1 mIoU=0.1850 20.8ms
2026-05-25 10:24:58 | INFO     | [T1] NLA_408145730EDR_F0050624NCAM00454M1 mIoU=0.2045 20.8ms
2026-05-25 10:24:58 | INFO     | [T1] NLA_398920451EDR_F0030078NCAM00304M1 mIoU=0.2500 19.0ms
2026-05-25 10:24:58 | INFO     | [T1] NLA_403977615EDR_F0050104NCAM00107M1 mIoU=0.4393 18.5ms
2026-05-25 10:24:58 | INFO     | [T1] NLA_401855285EDR_F0042778NCAM00434M1 mIoU=0.2486 19.1ms
2026-05-25 10:24:58 | INFO     | [T1] NLA_402648966EDR_F0050000NCAM00321M1 mIoU=0.2300 18.7ms
2026-05-25 10:24:58 | INFO     | [T1] NLA_406647820EDR_F0050388NCAM07754M1 mIoU=0.2315 19.6ms
2026-05-25 10:24:58 | INFO     | [T1] NLA_408145754EDR_F0050624NCAM00454M1 mIoU=0.1607 18.5ms
2026-05-25 10:24:58 | INFO     | [T1] NLA_403441127EDR_F0050104NCAM00326M1 mIoU=0.2500 19.9ms
2026-05-25 10:24:58 | INFO     | [T1] NLA_398919784EDR_F0030078NCAM00301M1 mIoU=0.2500 16.3ms
2026-05-25 10:24:58 | INFO     | [T1] NLA_402816231EDR_F0050104NCAM00450M1 mIoU=0.2478 22.9ms
2026-05-25 10:25:14 | INFO     | [T2] NLA_398561822EDR_F0030004NCAM00400M1 UnsafeR=0.0000 FNR=0.0000
2026-05-25 10:25:14 | INFO     | [T2] NLA_407975674EDR_F0050432NCAM07814M1 UnsafeR=0.0000 FNR=0.0000
2026-05-25 10:25:14 | INFO     | [T2] NLA_402117478EDR_F0043200NCAM00439M1 UnsafeR=0.0000 FNR=0.0000
2026-05-25 10:25:14 | INFO     | [T2] NLA_398920052EDR_F0030078NCAM00303M1 UnsafeR=0.0000 FNR=0.0000
2026-05-25 10:25:14 | INFO     | [T2] NLA_408145785EDR_F0050624NCAM00454M1 UnsafeR=0.0000 FNR=0.0000
2026-05-25 10:25:14 | INFO     | [T2] NLA_408145730EDR_F0050624NCAM00454M1 UnsafeR=0.0000 FNR=0.0000
2026-05-25 10:25:14 | INFO     | [T2] NLA_398920451EDR_F0030078NCAM00304M1 UnsafeR=0.0000 FNR=0.0000
2026-05-25 10:25:14 | INFO     | [T2] NLA_403977615EDR_F0050104NCAM00107M1 UnsafeR=0.8206 FNR=0.1794
2026-05-25 10:25:14 | INFO     | [T2] NLA_401855285EDR_F0042778NCAM00434M1 UnsafeR=0.0000 FNR=1.0000
2026-05-25 10:25:14 | INFO     | [T2] NLA_402648966EDR_F0050000NCAM00321M1 UnsafeR=0.9748 FNR=0.0252
2026-05-25 10:25:14 | INFO     | [T2] NLA_406647820EDR_F0050388NCAM07754M1 UnsafeR=0.0000 FNR=0.0000
2026-05-25 10:25:14 | INFO     | [T2] NLA_408145754EDR_F0050624NCAM00454M1 UnsafeR=0.0000 FNR=1.0000
2026-05-25 10:25:14 | INFO     | [T2] NLA_403441127EDR_F0050104NCAM00326M1 UnsafeR=1.0000 FNR=0.0000
2026-05-25 10:25:14 | INFO     | [T2] NLA_398919784EDR_F0030078NCAM00301M1 UnsafeR=0.0000 FNR=0.0000
2026-05-25 10:25:14 | INFO     | [T2] NLA_402816231EDR_F0050104NCAM00450M1 UnsafeR=0.9929 FNR=0.0071
2026-05-25 10:25:31 | INFO     | Excel saved: ../outputs/excel_results/mobilenetv2_unet_results.xlsx
2026-05-25 10:25:49 | INFO     | ========== MOBILENETV2-UNET NOTEBOOK COMPLETED ==========
