2026-05-25 10:58:57 | INFO     | ========== RESNET18_UNET NOTEBOOK STARTED ==========
2026-05-25 10:58:59 | INFO     | Loaded train.txt: 70 pairs
2026-05-25 10:58:59 | INFO     | Loaded val.txt: 15 pairs
2026-05-25 10:58:59 | INFO     | Loaded test.txt: 15 pairs
2026-05-25 10:59:00 | INFO     | MarsTerrainDataset (ImageNet normalisation) defined.
2026-05-25 10:59:08 | INFO     | Model: ResNet18-UNet | Params: 14,413,636 | 54.98 MB
2026-05-25 10:59:11 | INFO     | Computing class weights...
2026-05-25 10:59:12 | INFO     | Weights: [0.0428 0.1026 0.0758 3.7788]
2026-05-25 10:59:18 | INFO     | Training: 50 epochs | lr=0.001 | batch=4
2026-05-25 10:59:32 | INFO     | Epoch 001/50 | Train: 2.0932 | Val: 1.9013 | mIoU: 0.1342
2026-05-25 10:59:32 | INFO     |   ✓ Best model saved (mIoU=0.1342)
2026-05-25 10:59:36 | INFO     | Epoch 002/50 | Train: 2.0621 | Val: 12.7097 | mIoU: 0.0987
2026-05-25 10:59:39 | INFO     | Epoch 003/50 | Train: 1.9327 | Val: 2.3862 | mIoU: 0.0879
2026-05-25 10:59:43 | INFO     | Epoch 004/50 | Train: 2.0878 | Val: 6.7297 | mIoU: 0.0746
2026-05-25 10:59:47 | INFO     | Epoch 005/50 | Train: 1.9520 | Val: 1.8097 | mIoU: 0.1761
2026-05-25 10:59:48 | INFO     |   ✓ Best model saved (mIoU=0.1761)
2026-05-25 10:59:52 | INFO     | Epoch 006/50 | Train: 1.9492 | Val: 2.1449 | mIoU: 0.1281
2026-05-25 10:59:56 | INFO     | Epoch 007/50 | Train: 1.9318 | Val: 2.0465 | mIoU: 0.1364
2026-05-25 10:59:59 | INFO     | Epoch 008/50 | Train: 1.7806 | Val: 1.7647 | mIoU: 0.1797
2026-05-25 11:00:00 | INFO     |   ✓ Best model saved (mIoU=0.1797)
2026-05-25 11:00:03 | INFO     | Epoch 009/50 | Train: 1.7086 | Val: 1.7256 | mIoU: 0.1877
2026-05-25 11:00:03 | INFO     |   ✓ Best model saved (mIoU=0.1877)
2026-05-25 11:00:07 | INFO     | Epoch 010/50 | Train: 1.7256 | Val: 1.9593 | mIoU: 0.1734
2026-05-25 11:00:11 | INFO     | Epoch 011/50 | Train: 1.7704 | Val: 2.2886 | mIoU: 0.1098
2026-05-25 11:00:15 | INFO     | Epoch 012/50 | Train: 1.7850 | Val: 1.9092 | mIoU: 0.1523
2026-05-25 11:00:19 | INFO     | Epoch 013/50 | Train: 1.6143 | Val: 2.0921 | mIoU: 0.1677
2026-05-25 11:00:22 | INFO     | Epoch 014/50 | Train: 1.6254 | Val: 1.6709 | mIoU: 0.2177
2026-05-25 11:00:23 | INFO     |   ✓ Best model saved (mIoU=0.2177)
2026-05-25 11:00:26 | INFO     | Epoch 015/50 | Train: 1.6759 | Val: 1.7182 | mIoU: 0.1988
2026-05-25 11:00:30 | INFO     | Epoch 016/50 | Train: 1.6200 | Val: 1.9823 | mIoU: 0.1740
2026-05-25 11:00:34 | INFO     | Epoch 017/50 | Train: 1.7961 | Val: 2.3913 | mIoU: 0.1078
2026-05-25 11:00:38 | INFO     | Epoch 018/50 | Train: 1.9168 | Val: 1.9746 | mIoU: 0.1389
2026-05-25 11:00:42 | INFO     | Epoch 019/50 | Train: 1.5966 | Val: 2.0455 | mIoU: 0.1661
2026-05-25 11:00:46 | INFO     | Epoch 020/50 | Train: 1.6202 | Val: 2.1643 | mIoU: 0.1339
2026-05-25 11:00:49 | INFO     | Epoch 021/50 | Train: 1.6738 | Val: 1.5878 | mIoU: 0.2153
2026-05-25 11:00:53 | INFO     | Epoch 022/50 | Train: 1.5940 | Val: 1.9389 | mIoU: 0.1667
2026-05-25 11:00:57 | INFO     | Epoch 023/50 | Train: 1.4762 | Val: 1.8358 | mIoU: 0.1601
2026-05-25 11:01:01 | INFO     | Epoch 024/50 | Train: 1.5436 | Val: 1.4990 | mIoU: 0.2362
2026-05-25 11:01:01 | INFO     |   ✓ Best model saved (mIoU=0.2362)
2026-05-25 11:01:05 | INFO     | Epoch 025/50 | Train: 1.4832 | Val: 1.6706 | mIoU: 0.2200
2026-05-25 11:01:08 | INFO     | Epoch 026/50 | Train: 1.4103 | Val: 1.3933 | mIoU: 0.2520
2026-05-25 11:01:08 | INFO     |   ✓ Best model saved (mIoU=0.2520)
2026-05-25 11:01:12 | INFO     | Epoch 027/50 | Train: 1.4161 | Val: 1.5400 | mIoU: 0.2150
2026-05-25 11:01:16 | INFO     | Epoch 028/50 | Train: 1.3717 | Val: 1.4979 | mIoU: 0.2386
2026-05-25 11:01:19 | INFO     | Epoch 029/50 | Train: 1.4605 | Val: 1.5216 | mIoU: 0.2186
2026-05-25 11:01:23 | INFO     | Epoch 030/50 | Train: 1.2708 | Val: 1.5673 | mIoU: 0.2328
2026-05-25 11:01:27 | INFO     | Epoch 031/50 | Train: 1.5462 | Val: 1.9946 | mIoU: 0.1582
2026-05-25 11:01:31 | INFO     | Epoch 032/50 | Train: 1.6117 | Val: 1.6034 | mIoU: 0.1996
2026-05-25 11:01:34 | INFO     | Epoch 033/50 | Train: 1.4349 | Val: 1.3872 | mIoU: 0.2434
2026-05-25 11:01:38 | INFO     | Epoch 034/50 | Train: 1.6015 | Val: 2.3393 | mIoU: 0.1143
2026-05-25 11:01:42 | INFO     | Epoch 035/50 | Train: 1.5375 | Val: 1.7094 | mIoU: 0.1780
2026-05-25 11:01:45 | INFO     | Epoch 036/50 | Train: 1.4805 | Val: 1.5611 | mIoU: 0.2222
2026-05-25 11:01:49 | INFO     | Epoch 037/50 | Train: 1.3743 | Val: 1.3379 | mIoU: 0.2602
2026-05-25 11:01:49 | INFO     |   ✓ Best model saved (mIoU=0.2602)
2026-05-25 11:01:53 | INFO     | Epoch 038/50 | Train: 1.3415 | Val: 1.2403 | mIoU: 0.2813
2026-05-25 11:01:53 | INFO     |   ✓ Best model saved (mIoU=0.2813)
2026-05-25 11:01:57 | INFO     | Epoch 039/50 | Train: 1.2863 | Val: 1.5409 | mIoU: 0.2232
2026-05-25 11:02:01 | INFO     | Epoch 040/50 | Train: 1.3475 | Val: 1.3931 | mIoU: 0.2441
2026-05-25 11:02:05 | INFO     | Epoch 041/50 | Train: 1.3506 | Val: 1.2961 | mIoU: 0.2586
2026-05-25 11:02:09 | INFO     | Epoch 042/50 | Train: 1.4503 | Val: 1.3564 | mIoU: 0.2549
2026-05-25 11:02:13 | INFO     | Epoch 043/50 | Train: 1.3731 | Val: 1.2657 | mIoU: 0.2641
2026-05-25 11:02:17 | INFO     | Epoch 044/50 | Train: 1.2519 | Val: 1.3309 | mIoU: 0.2556
2026-05-25 11:02:21 | INFO     | Epoch 045/50 | Train: 1.2366 | Val: 1.4892 | mIoU: 0.2231
2026-05-25 11:02:24 | INFO     | Epoch 046/50 | Train: 1.2255 | Val: 1.3979 | mIoU: 0.2554
2026-05-25 11:02:28 | INFO     | Epoch 047/50 | Train: 1.2000 | Val: 1.7828 | mIoU: 0.1868
2026-05-25 11:02:32 | INFO     | Epoch 048/50 | Train: 1.1890 | Val: 1.4740 | mIoU: 0.2332
2026-05-25 11:02:36 | INFO     | Epoch 049/50 | Train: 1.2685 | Val: 1.3301 | mIoU: 0.2685
2026-05-25 11:02:40 | INFO     | Epoch 050/50 | Train: 1.2461 | Val: 1.2566 | mIoU: 0.2676
2026-05-25 11:02:40 | INFO     | Training complete. Best epoch: 38, mIoU: 0.2813
2026-05-25 11:03:11 | INFO     | [T1] NLA_398561822EDR_F0030004NCAM00400M1 mIoU=0.2281 72.4ms
2026-05-25 11:03:11 | INFO     | [T1] NLA_407975674EDR_F0050432NCAM07814M1 mIoU=0.0000 22.4ms
2026-05-25 11:03:11 | INFO     | [T1] NLA_402117478EDR_F0043200NCAM00439M1 mIoU=0.1085 20.6ms
2026-05-25 11:03:11 | INFO     | [T1] NLA_398920052EDR_F0030078NCAM00303M1 mIoU=0.1265 12.6ms
2026-05-25 11:03:11 | INFO     | [T1] NLA_408145785EDR_F0050624NCAM00454M1 mIoU=0.1151 12.1ms
2026-05-25 11:03:11 | INFO     | [T1] NLA_408145730EDR_F0050624NCAM00454M1 mIoU=0.3087 16.4ms
2026-05-25 11:03:11 | INFO     | [T1] NLA_398920451EDR_F0030078NCAM00304M1 mIoU=0.2500 12.4ms
2026-05-25 11:03:11 | INFO     | [T1] NLA_403977615EDR_F0050104NCAM00107M1 mIoU=0.3822 12.3ms
2026-05-25 11:03:11 | INFO     | [T1] NLA_401855285EDR_F0042778NCAM00434M1 mIoU=0.2486 12.8ms
2026-05-25 11:03:12 | INFO     | [T1] NLA_402648966EDR_F0050000NCAM00321M1 mIoU=0.1273 21.5ms
2026-05-25 11:03:12 | INFO     | [T1] NLA_406647820EDR_F0050388NCAM07754M1 mIoU=0.3679 16.7ms
2026-05-25 11:03:12 | INFO     | [T1] NLA_408145754EDR_F0050624NCAM00454M1 mIoU=0.2023 14.9ms
2026-05-25 11:03:12 | INFO     | [T1] NLA_403441127EDR_F0050104NCAM00326M1 mIoU=0.2465 14.5ms
2026-05-25 11:03:12 | INFO     | [T1] NLA_398919784EDR_F0030078NCAM00301M1 mIoU=0.2500 14.6ms
2026-05-25 11:03:12 | INFO     | [T1] NLA_402816231EDR_F0050104NCAM00450M1 mIoU=0.2239 14.8ms
2026-05-25 11:03:16 | INFO     | [T2] NLA_398561822EDR_F0030004NCAM00400M1 UnsafeR=0.0000 FNR=0.0000
2026-05-25 11:03:16 | INFO     | [T2] NLA_407975674EDR_F0050432NCAM07814M1 UnsafeR=0.0000 FNR=0.0000
2026-05-25 11:03:16 | INFO     | [T2] NLA_402117478EDR_F0043200NCAM00439M1 UnsafeR=0.0000 FNR=0.0000
2026-05-25 11:03:16 | INFO     | [T2] NLA_398920052EDR_F0030078NCAM00303M1 UnsafeR=0.0000 FNR=0.0000
2026-05-25 11:03:16 | INFO     | [T2] NLA_408145785EDR_F0050624NCAM00454M1 UnsafeR=0.0000 FNR=0.0000
2026-05-25 11:03:16 | INFO     | [T2] NLA_408145730EDR_F0050624NCAM00454M1 UnsafeR=0.0000 FNR=0.0000
2026-05-25 11:03:16 | INFO     | [T2] NLA_398920451EDR_F0030078NCAM00304M1 UnsafeR=0.0000 FNR=0.0000
2026-05-25 11:03:16 | INFO     | [T2] NLA_403977615EDR_F0050104NCAM00107M1 UnsafeR=0.6390 FNR=0.3610
2026-05-25 11:03:16 | INFO     | [T2] NLA_401855285EDR_F0042778NCAM00434M1 UnsafeR=0.0000 FNR=1.0000
2026-05-25 11:03:16 | INFO     | [T2] NLA_402648966EDR_F0050000NCAM00321M1 UnsafeR=0.5829 FNR=0.4171
2026-05-25 11:03:16 | INFO     | [T2] NLA_406647820EDR_F0050388NCAM07754M1 UnsafeR=0.0000 FNR=0.0000
2026-05-25 11:03:16 | INFO     | [T2] NLA_408145754EDR_F0050624NCAM00454M1 UnsafeR=0.0000 FNR=1.0000
2026-05-25 11:03:16 | INFO     | [T2] NLA_403441127EDR_F0050104NCAM00326M1 UnsafeR=0.9861 FNR=0.0139
2026-05-25 11:03:16 | INFO     | [T2] NLA_398919784EDR_F0030078NCAM00301M1 UnsafeR=0.0000 FNR=0.0000
2026-05-25 11:03:16 | INFO     | [T2] NLA_402816231EDR_F0050104NCAM00450M1 UnsafeR=0.9426 FNR=0.0574
2026-05-25 11:03:20 | INFO     | Excel saved: ../outputs/excel_results/resnet18_unet_results.xlsx
2026-05-25 11:03:29 | INFO     | ========== RESNET18-UNET NOTEBOOK COMPLETED ==========
