2026-05-31 17:20:03 | INFO     | ========== ATTENTION_UNET_V3 NOTEBOOK STARTED ==========
2026-05-31 17:20:13 | INFO     | Loaded train.txt: 700 pairs
2026-05-31 17:20:13 | INFO     | Loaded val.txt: 150 pairs
2026-05-31 17:20:13 | INFO     | Loaded test.txt: 15 pairs
2026-05-31 17:20:15 | INFO     | MarsTerrainDataset defined.
2026-05-31 17:20:17 | INFO     | Model: Attention U-Net | Params: 31,910,640 | Size: 121.73 MB
2026-05-31 17:20:21 | INFO     | Computing class weights...
2026-05-31 17:20:26 | INFO     | Weights: [0.1083 0.1681 0.4985 3.2251]
2026-05-31 17:20:28 | INFO     | Training: 50 epochs | lr=0.001 | batch=4
2026-05-31 17:22:48 | INFO     | Epoch 001/50 | Train: 1.9970 | Val: 2.7162 | mIoU: 0.0843
2026-05-31 17:22:48 | INFO     |   ✓ Best model saved (mIoU=0.0843)
2026-05-31 17:24:59 | INFO     | Epoch 002/50 | Train: 1.8306 | Val: 2.1288 | mIoU: 0.1277
2026-05-31 17:24:59 | INFO     |   ✓ Best model saved (mIoU=0.1277)
2026-05-31 17:27:11 | INFO     | Epoch 003/50 | Train: 1.7797 | Val: 1.7903 | mIoU: 0.1684
2026-05-31 17:27:11 | INFO     |   ✓ Best model saved (mIoU=0.1684)
2026-05-31 17:29:23 | INFO     | Epoch 004/50 | Train: 1.6980 | Val: 2.1279 | mIoU: 0.1121
2026-05-31 17:31:32 | INFO     | Epoch 005/50 | Train: 1.7053 | Val: 1.8165 | mIoU: 0.1788
2026-05-31 17:31:32 | INFO     |   ✓ Best model saved (mIoU=0.1788)
2026-05-31 17:33:42 | INFO     | Epoch 006/50 | Train: 1.6438 | Val: 1.6895 | mIoU: 0.2030
2026-05-31 17:33:42 | INFO     |   ✓ Best model saved (mIoU=0.2030)
2026-05-31 17:35:53 | INFO     | Epoch 007/50 | Train: 1.5711 | Val: 1.6921 | mIoU: 0.2020
2026-05-31 17:38:04 | INFO     | Epoch 008/50 | Train: 1.5839 | Val: 1.6942 | mIoU: 0.2018
2026-05-31 17:50:19 | INFO     | Epoch 009/50 | Train: 1.5518 | Val: 1.9029 | mIoU: 0.1692
2026-05-31 18:32:07 | INFO     | Epoch 010/50 | Train: 1.5634 | Val: 1.5218 | mIoU: 0.2288
2026-05-31 18:32:07 | INFO     |   ✓ Best model saved (mIoU=0.2288)
2026-05-31 18:34:19 | INFO     | Epoch 011/50 | Train: 1.5320 | Val: 1.5839 | mIoU: 0.2162
2026-05-31 18:36:32 | INFO     | Epoch 012/50 | Train: 1.5103 | Val: 1.7997 | mIoU: 0.2031
2026-05-31 18:38:44 | INFO     | Epoch 013/50 | Train: 1.4454 | Val: 1.5103 | mIoU: 0.2194
2026-05-31 18:40:56 | INFO     | Epoch 014/50 | Train: 1.5208 | Val: 1.7189 | mIoU: 0.1973
2026-05-31 18:43:08 | INFO     | Epoch 015/50 | Train: 1.4369 | Val: 1.9403 | mIoU: 0.1525
2026-05-31 18:45:22 | INFO     | Epoch 016/50 | Train: 1.4138 | Val: 1.8864 | mIoU: 0.1774
2026-05-31 18:47:34 | INFO     | Epoch 017/50 | Train: 1.3963 | Val: 1.7755 | mIoU: 0.1934
2026-05-31 18:49:48 | INFO     | Epoch 018/50 | Train: 1.3587 | Val: 1.5326 | mIoU: 0.2147
2026-05-31 18:52:00 | INFO     | Epoch 019/50 | Train: 1.3236 | Val: 1.5191 | mIoU: 0.2120
2026-05-31 18:54:11 | INFO     | Epoch 020/50 | Train: 1.3600 | Val: 1.4560 | mIoU: 0.2293
2026-05-31 18:54:11 | INFO     |   ✓ Best model saved (mIoU=0.2293)
2026-05-31 18:56:21 | INFO     | Epoch 021/50 | Train: 1.2711 | Val: 1.5314 | mIoU: 0.2171
2026-05-31 18:58:34 | INFO     | Epoch 022/50 | Train: 1.2558 | Val: 1.5260 | mIoU: 0.2212
2026-05-31 19:00:47 | INFO     | Epoch 023/50 | Train: 1.2517 | Val: 1.3804 | mIoU: 0.2481
2026-05-31 19:00:48 | INFO     |   ✓ Best model saved (mIoU=0.2481)
2026-05-31 19:02:59 | INFO     | Epoch 024/50 | Train: 1.2559 | Val: 1.6259 | mIoU: 0.2191
2026-05-31 19:05:09 | INFO     | Epoch 025/50 | Train: 1.2533 | Val: 1.3646 | mIoU: 0.2450
2026-05-31 19:07:19 | INFO     | Epoch 026/50 | Train: 1.1609 | Val: 1.5632 | mIoU: 0.2274
2026-05-31 19:09:27 | INFO     | Epoch 027/50 | Train: 1.2048 | Val: 1.6432 | mIoU: 0.2135
2026-05-31 19:11:36 | INFO     | Epoch 028/50 | Train: 1.2318 | Val: 1.9256 | mIoU: 0.1943
2026-05-31 19:13:45 | INFO     | Epoch 029/50 | Train: 1.1989 | Val: 1.5958 | mIoU: 0.2180
2026-05-31 19:15:54 | INFO     | Epoch 030/50 | Train: 1.1051 | Val: 1.5090 | mIoU: 0.2269
2026-05-31 19:18:07 | INFO     | Epoch 031/50 | Train: 1.0843 | Val: 1.4546 | mIoU: 0.2376
2026-05-31 19:53:01 | INFO     | Epoch 032/50 | Train: 1.0841 | Val: 1.4659 | mIoU: 0.2274
2026-05-31 19:55:42 | INFO     | Epoch 033/50 | Train: 1.0366 | Val: 1.4831 | mIoU: 0.2284
2026-05-31 19:57:52 | INFO     | Epoch 034/50 | Train: 1.0526 | Val: 1.4159 | mIoU: 0.2405
2026-05-31 20:00:01 | INFO     | Epoch 035/50 | Train: 1.0288 | Val: 1.3401 | mIoU: 0.2539
2026-05-31 20:00:01 | INFO     |   ✓ Best model saved (mIoU=0.2539)
2026-05-31 20:02:10 | INFO     | Epoch 036/50 | Train: 1.0489 | Val: 1.3005 | mIoU: 0.2616
2026-05-31 20:02:10 | INFO     |   ✓ Best model saved (mIoU=0.2616)
2026-05-31 20:04:19 | INFO     | Epoch 037/50 | Train: 1.0276 | Val: 1.3881 | mIoU: 0.2514
2026-05-31 20:06:29 | INFO     | Epoch 038/50 | Train: 1.0174 | Val: 1.8494 | mIoU: 0.1989
2026-05-31 20:15:49 | INFO     | Epoch 039/50 | Train: 1.0061 | Val: 1.4703 | mIoU: 0.2314
2026-05-31 20:19:56 | INFO     | Epoch 040/50 | Train: 0.9811 | Val: 1.3139 | mIoU: 0.2535
2026-05-31 20:22:05 | INFO     | Epoch 041/50 | Train: 0.9773 | Val: 1.4266 | mIoU: 0.2423
2026-05-31 20:24:16 | INFO     | Epoch 042/50 | Train: 0.9990 | Val: 1.4139 | mIoU: 0.2334
2026-05-31 20:26:25 | INFO     | Epoch 043/50 | Train: 0.9454 | Val: 1.4612 | mIoU: 0.2368
2026-05-31 20:28:33 | INFO     | Epoch 044/50 | Train: 0.9321 | Val: 1.5469 | mIoU: 0.2178
2026-05-31 20:30:42 | INFO     | Epoch 045/50 | Train: 0.9574 | Val: 1.5166 | mIoU: 0.2385
2026-05-31 20:32:53 | INFO     | Epoch 046/50 | Train: 0.8704 | Val: 1.3422 | mIoU: 0.2556
2026-05-31 20:35:05 | INFO     | Epoch 047/50 | Train: 0.8972 | Val: 1.3888 | mIoU: 0.2528
2026-05-31 20:37:14 | INFO     | Epoch 048/50 | Train: 0.9125 | Val: 1.2250 | mIoU: 0.2699
2026-05-31 20:37:14 | INFO     |   ✓ Best model saved (mIoU=0.2699)
2026-05-31 20:39:24 | INFO     | Epoch 049/50 | Train: 0.8692 | Val: 1.4028 | mIoU: 0.2537
2026-05-31 20:41:33 | INFO     | Epoch 050/50 | Train: 0.8771 | Val: 1.2958 | mIoU: 0.2633
2026-05-31 20:41:33 | INFO     | Training complete. Best epoch: 48, mIoU: 0.2699
2026-05-31 20:41:41 | INFO     | [T1] NLB_429284450EDR_F0120000NCAM00267M1 mIoU=0.2404 Dice=0.2451 52.3ms
2026-05-31 20:41:41 | INFO     | [T1] NLA_401936894EDR_F0042956NCAM00435M1 mIoU=0.2334 Dice=0.2414 37.1ms
2026-05-31 20:41:41 | INFO     | [T1] NLA_402815600EDR_F0050104NCAM00452M1 mIoU=0.2012 Dice=0.2229 36.1ms
2026-05-31 20:41:41 | INFO     | [T1] NLB_417301160EDR_F0060000NCAM07754M1 mIoU=0.2230 Dice=0.2357 35.5ms
2026-05-31 20:41:41 | INFO     | [T1] NLA_602488056EDR_F0732676NCAM00270M1 mIoU=0.2498 Dice=0.2499 36.1ms
2026-05-31 20:41:41 | INFO     | [T1] NLA_401137937EDR_F0041238NCAM00425M1 mIoU=0.2057 Dice=0.2257 35.8ms
2026-05-31 20:41:41 | INFO     | [T1] NLB_445615972EDR_F0261274NCAM00266M1 mIoU=0.2499 Dice=0.2500 36.4ms
2026-05-31 20:41:42 | INFO     | [T1] NLA_401317063EDR_F0042002NCAM00431M1 mIoU=0.4277 Dice=0.4608 36.2ms
2026-05-31 20:41:42 | INFO     | [T1] NLA_405747258EDR_F0050104NCAM00324M1 mIoU=0.4367 Dice=0.4656 35.8ms
2026-05-31 20:41:42 | INFO     | [T1] NLB_444991236EDR_F0260366NCAM00263M1 mIoU=0.2500 Dice=0.2500 37.5ms
2026-05-31 20:41:42 | INFO     | [T1] NLA_602485314EDR_F0732550NCAM00203M1 mIoU=0.1497 Dice=0.1879 35.9ms
2026-05-31 20:41:42 | INFO     | [T1] NLB_425638714EDR_F0060764NCAM00382M1 mIoU=0.2447 Dice=0.2473 36.0ms
2026-05-31 20:41:42 | INFO     | [T1] NLA_401317028EDR_F0042002NCAM00430M1 mIoU=0.2500 Dice=0.2500 36.1ms
2026-05-31 20:41:42 | INFO     | [T1] NLA_401937086EDR_F0042956NCAM00435M1 mIoU=0.2387 Dice=0.2442 35.8ms
2026-05-31 20:41:42 | INFO     | [T1] NLB_451296365EDR_F0311256NCAM00273M1 mIoU=0.3259 Dice=0.4302 36.0ms
2026-05-31 20:41:45 | INFO     | [T2] NLB_429284450EDR_F0120000NCAM00267M1 UnsafeR=0.0000 FNR=1.0000
2026-05-31 20:41:45 | INFO     | [T2] NLA_401936894EDR_F0042956NCAM00435M1 UnsafeR=0.0000 FNR=0.0000
2026-05-31 20:41:45 | INFO     | [T2] NLA_402815600EDR_F0050104NCAM00452M1 UnsafeR=0.8926 FNR=0.1074
2026-05-31 20:41:45 | INFO     | [T2] NLB_417301160EDR_F0060000NCAM07754M1 UnsafeR=0.0000 FNR=0.0000
2026-05-31 20:41:45 | INFO     | [T2] NLA_602488056EDR_F0732676NCAM00270M1 UnsafeR=0.9993 FNR=0.0007
2026-05-31 20:41:45 | INFO     | [T2] NLA_401137937EDR_F0041238NCAM00425M1 UnsafeR=0.0000 FNR=0.0000
2026-05-31 20:41:45 | INFO     | [T2] NLB_445615972EDR_F0261274NCAM00266M1 UnsafeR=0.0000 FNR=1.0000
2026-05-31 20:41:45 | INFO     | [T2] NLA_401317063EDR_F0042002NCAM00431M1 UnsafeR=0.8590 FNR=0.1410
2026-05-31 20:41:45 | INFO     | [T2] NLA_405747258EDR_F0050104NCAM00324M1 UnsafeR=0.9964 FNR=0.0036
2026-05-31 20:41:45 | INFO     | [T2] NLB_444991236EDR_F0260366NCAM00263M1 UnsafeR=1.0000 FNR=0.0000
2026-05-31 20:41:45 | INFO     | [T2] NLA_602485314EDR_F0732550NCAM00203M1 UnsafeR=0.9615 FNR=0.0385
2026-05-31 20:41:45 | INFO     | [T2] NLB_425638714EDR_F0060764NCAM00382M1 UnsafeR=0.0000 FNR=0.0000
2026-05-31 20:41:45 | INFO     | [T2] NLA_401317028EDR_F0042002NCAM00430M1 UnsafeR=0.0000 FNR=0.0000
2026-05-31 20:41:45 | INFO     | [T2] NLA_401937086EDR_F0042956NCAM00435M1 UnsafeR=0.0000 FNR=0.0000
2026-05-31 20:41:45 | INFO     | [T2] NLB_451296365EDR_F0311256NCAM00273M1 UnsafeR=0.6860 FNR=0.3140
2026-05-31 20:41:50 | INFO     | Excel saved: ../../outputs/excel_results/v3/attention_unet_v3_results.xlsx
2026-05-31 20:41:57 | INFO     | ========== ATTENTION U-NET NOTEBOOK COMPLETED ==========
