2026-06-01 06:38:16 | INFO     | ========== EFFICIENTNET_B0_UNET_V3 NOTEBOOK STARTED ==========
2026-06-01 06:38:18 | INFO     | Loaded train.txt: 700 pairs
2026-06-01 06:38:18 | INFO     | Loaded val.txt: 150 pairs
2026-06-01 06:38:18 | INFO     | Loaded test.txt: 15 pairs
2026-06-01 06:38:19 | INFO     | MarsTerrainDataset (ImageNet normalisation) defined.
2026-06-01 06:38:22 | INFO     | Model: EfficientNet-B0-UNet | Params: 8,458,624 | 32.27 MB
2026-06-01 06:38:25 | INFO     | Computing class weights...
2026-06-01 06:38:30 | INFO     | Weights: [0.1083 0.1681 0.4985 3.2251]
2026-06-01 06:38:53 | INFO     | Training: 50 epochs | lr=0.001 | batch=4
2026-06-01 06:39:43 | INFO     | Epoch 001/50 | Train: 1.6188 | Val: 1.6608 | mIoU: 0.2064
2026-06-01 06:39:43 | INFO     |   ✓ Best model saved (mIoU=0.2064)
2026-06-01 06:40:28 | INFO     | Epoch 002/50 | Train: 1.3475 | Val: 1.5514 | mIoU: 0.2412
2026-06-01 06:40:28 | INFO     |   ✓ Best model saved (mIoU=0.2412)
2026-06-01 06:41:13 | INFO     | Epoch 003/50 | Train: 1.2951 | Val: 2.2198 | mIoU: 0.1704
2026-06-01 06:41:58 | INFO     | Epoch 004/50 | Train: 1.2204 | Val: 1.3416 | mIoU: 0.2630
2026-06-01 06:41:58 | INFO     |   ✓ Best model saved (mIoU=0.2630)
2026-06-01 06:44:48 | INFO     | Epoch 005/50 | Train: 1.1431 | Val: 1.5314 | mIoU: 0.2554
2026-06-01 06:45:33 | INFO     | Epoch 006/50 | Train: 1.1464 | Val: 1.4769 | mIoU: 0.2431
2026-06-01 06:46:18 | INFO     | Epoch 007/50 | Train: 1.0839 | Val: 1.5146 | mIoU: 0.2401
2026-06-01 06:47:03 | INFO     | Epoch 008/50 | Train: 1.1093 | Val: 1.3668 | mIoU: 0.2618
2026-06-01 06:47:48 | INFO     | Epoch 009/50 | Train: 1.0567 | Val: 1.4432 | mIoU: 0.2613
2026-06-01 06:48:33 | INFO     | Epoch 010/50 | Train: 0.9743 | Val: 1.4509 | mIoU: 0.2569
2026-06-01 06:49:18 | INFO     | Epoch 011/50 | Train: 0.8957 | Val: 2.0584 | mIoU: 0.2516
2026-06-01 06:50:03 | INFO     | Epoch 012/50 | Train: 0.8174 | Val: 3.3893 | mIoU: 0.2558
2026-06-01 06:50:48 | INFO     | Epoch 013/50 | Train: 0.7646 | Val: 1.8562 | mIoU: 0.2763
2026-06-01 06:50:48 | INFO     |   ✓ Best model saved (mIoU=0.2763)
2026-06-01 06:51:33 | INFO     | Epoch 014/50 | Train: 0.7766 | Val: 1.3887 | mIoU: 0.2783
2026-06-01 06:51:34 | INFO     |   ✓ Best model saved (mIoU=0.2783)
2026-06-01 06:52:19 | INFO     | Epoch 015/50 | Train: 0.7986 | Val: 1.3199 | mIoU: 0.2651
2026-06-01 06:53:04 | INFO     | Epoch 016/50 | Train: 0.7245 | Val: 1.2212 | mIoU: 0.2844
2026-06-01 06:53:04 | INFO     |   ✓ Best model saved (mIoU=0.2844)
2026-06-01 06:53:49 | INFO     | Epoch 017/50 | Train: 0.7177 | Val: 1.3426 | mIoU: 0.2868
2026-06-01 06:53:49 | INFO     |   ✓ Best model saved (mIoU=0.2868)
2026-06-01 06:54:34 | INFO     | Epoch 018/50 | Train: 0.7241 | Val: 1.2539 | mIoU: 0.2842
2026-06-01 06:55:19 | INFO     | Epoch 019/50 | Train: 0.6737 | Val: 1.4700 | mIoU: 0.2851
2026-06-01 06:56:04 | INFO     | Epoch 020/50 | Train: 0.7039 | Val: 1.4447 | mIoU: 0.2860
2026-06-01 06:56:49 | INFO     | Epoch 021/50 | Train: 0.6779 | Val: 1.7171 | mIoU: 0.2721
2026-06-01 06:57:33 | INFO     | Epoch 022/50 | Train: 0.6934 | Val: 1.2192 | mIoU: 0.2886
2026-06-01 06:57:34 | INFO     |   ✓ Best model saved (mIoU=0.2886)
2026-06-01 06:58:18 | INFO     | Epoch 023/50 | Train: 0.5982 | Val: 1.1928 | mIoU: 0.2961
2026-06-01 06:58:19 | INFO     |   ✓ Best model saved (mIoU=0.2961)
2026-06-01 06:59:03 | INFO     | Epoch 024/50 | Train: 0.6342 | Val: 1.5392 | mIoU: 0.2828
2026-06-01 06:59:48 | INFO     | Epoch 025/50 | Train: 0.6078 | Val: 2.0619 | mIoU: 0.2752
2026-06-01 07:00:39 | INFO     | Epoch 026/50 | Train: 0.5999 | Val: 1.2083 | mIoU: 0.2981
2026-06-01 07:00:39 | INFO     |   ✓ Best model saved (mIoU=0.2981)
2026-06-01 07:01:24 | INFO     | Epoch 027/50 | Train: 0.6053 | Val: 1.5730 | mIoU: 0.2835
2026-06-01 07:02:09 | INFO     | Epoch 028/50 | Train: 0.5866 | Val: 1.5199 | mIoU: 0.2956
2026-06-01 07:11:25 | INFO     | Epoch 029/50 | Train: 0.5855 | Val: 1.8622 | mIoU: 0.2713
2026-06-01 07:12:10 | INFO     | Epoch 030/50 | Train: 0.6491 | Val: 1.4791 | mIoU: 0.2910
2026-06-01 07:12:55 | INFO     | Epoch 031/50 | Train: 0.5777 | Val: 2.5908 | mIoU: 0.2911
2026-06-01 07:13:40 | INFO     | Epoch 032/50 | Train: 0.5369 | Val: 2.3481 | mIoU: 0.2699
2026-06-01 07:14:25 | INFO     | Epoch 033/50 | Train: 0.5114 | Val: 1.6890 | mIoU: 0.2979
2026-06-01 07:15:09 | INFO     | Epoch 034/50 | Train: 0.4924 | Val: 1.1532 | mIoU: 0.3103
2026-06-01 07:15:09 | INFO     |   ✓ Best model saved (mIoU=0.3103)
2026-06-01 07:15:54 | INFO     | Epoch 035/50 | Train: 0.4979 | Val: 2.0093 | mIoU: 0.2817
2026-06-01 07:16:39 | INFO     | Epoch 036/50 | Train: 0.5163 | Val: 2.1202 | mIoU: 0.2833
2026-06-01 07:17:24 | INFO     | Epoch 037/50 | Train: 0.4877 | Val: 1.2406 | mIoU: 0.3073
2026-06-01 07:18:09 | INFO     | Epoch 038/50 | Train: 0.4767 | Val: 1.9642 | mIoU: 0.2960
2026-06-01 07:18:54 | INFO     | Epoch 039/50 | Train: 0.4457 | Val: 1.6851 | mIoU: 0.3031
2026-06-01 07:19:38 | INFO     | Epoch 040/50 | Train: 0.4298 | Val: 1.2519 | mIoU: 0.3110
2026-06-01 07:19:38 | INFO     |   ✓ Best model saved (mIoU=0.3110)
2026-06-01 07:30:33 | INFO     | Epoch 041/50 | Train: 0.4367 | Val: 1.2751 | mIoU: 0.3070
2026-06-01 07:50:03 | INFO     | Epoch 042/50 | Train: 0.4130 | Val: 1.5704 | mIoU: 0.2987
2026-06-01 08:07:07 | INFO     | Epoch 043/50 | Train: 0.4187 | Val: 1.5114 | mIoU: 0.3072
2026-06-01 08:20:42 | INFO     | Epoch 044/50 | Train: 0.4383 | Val: 1.2031 | mIoU: 0.3114
2026-06-01 08:20:42 | INFO     |   ✓ Best model saved (mIoU=0.3114)
2026-06-01 08:51:53 | INFO     | Epoch 045/50 | Train: 0.4209 | Val: 1.2492 | mIoU: 0.3112
2026-06-01 09:11:14 | INFO     | Epoch 046/50 | Train: 0.4238 | Val: 1.2962 | mIoU: 0.3079
2026-06-01 09:12:09 | INFO     | Epoch 047/50 | Train: 0.4006 | Val: 1.3283 | mIoU: 0.2974
2026-06-01 09:21:37 | INFO     | Epoch 048/50 | Train: 0.4306 | Val: 1.2228 | mIoU: 0.3088
2026-06-01 09:54:27 | INFO     | Epoch 049/50 | Train: 0.4243 | Val: 1.1758 | mIoU: 0.3099
2026-06-01 09:55:13 | INFO     | Epoch 050/50 | Train: 0.4244 | Val: 1.1420 | mIoU: 0.3182
2026-06-01 09:55:13 | INFO     |   ✓ Best model saved (mIoU=0.3182)
2026-06-01 09:55:13 | INFO     | Training complete. Best epoch: 50, mIoU: 0.3182
2026-06-01 09:55:19 | INFO     | [T1] NLB_429284450EDR_F0120000NCAM00267M1 mIoU=0.2486 32.5ms
2026-06-01 09:55:19 | INFO     | [T1] NLA_401936894EDR_F0042956NCAM00435M1 mIoU=0.2500 19.2ms
2026-06-01 09:55:19 | INFO     | [T1] NLA_402815600EDR_F0050104NCAM00452M1 mIoU=0.2167 21.5ms
2026-06-01 09:55:19 | INFO     | [T1] NLB_417301160EDR_F0060000NCAM07754M1 mIoU=0.2396 22.8ms
2026-06-01 09:55:19 | INFO     | [T1] NLA_602488056EDR_F0732676NCAM00270M1 mIoU=0.0612 22.7ms
2026-06-01 09:55:19 | INFO     | [T1] NLA_401137937EDR_F0041238NCAM00425M1 mIoU=0.2500 19.8ms
2026-06-01 09:55:20 | INFO     | [T1] NLB_445615972EDR_F0261274NCAM00266M1 mIoU=0.2499 17.8ms
2026-06-01 09:55:20 | INFO     | [T1] NLA_401317063EDR_F0042002NCAM00431M1 mIoU=0.4451 19.9ms
2026-06-01 09:55:20 | INFO     | [T1] NLA_405747258EDR_F0050104NCAM00324M1 mIoU=0.4635 19.0ms
2026-06-01 09:55:20 | INFO     | [T1] NLB_444991236EDR_F0260366NCAM00263M1 mIoU=0.2486 19.7ms
2026-06-01 09:55:20 | INFO     | [T1] NLA_602485314EDR_F0732550NCAM00203M1 mIoU=0.2498 23.0ms
2026-06-01 09:55:20 | INFO     | [T1] NLB_425638714EDR_F0060764NCAM00382M1 mIoU=0.2496 22.8ms
2026-06-01 09:55:20 | INFO     | [T1] NLA_401317028EDR_F0042002NCAM00430M1 mIoU=0.2500 20.5ms
2026-06-01 09:55:20 | INFO     | [T1] NLA_401937086EDR_F0042956NCAM00435M1 mIoU=0.2500 22.9ms
2026-06-01 09:55:20 | INFO     | [T1] NLB_451296365EDR_F0311256NCAM00273M1 mIoU=0.3664 21.1ms
2026-06-01 09:55:24 | INFO     | [T2] NLB_429284450EDR_F0120000NCAM00267M1 UnsafeR=0.0000 FNR=1.0000
2026-06-01 09:55:24 | INFO     | [T2] NLA_401936894EDR_F0042956NCAM00435M1 UnsafeR=0.0000 FNR=0.0000
2026-06-01 09:55:24 | INFO     | [T2] NLA_402815600EDR_F0050104NCAM00452M1 UnsafeR=0.8667 FNR=0.1333
2026-06-01 09:55:24 | INFO     | [T2] NLB_417301160EDR_F0060000NCAM07754M1 UnsafeR=0.0000 FNR=0.0000
2026-06-01 09:55:24 | INFO     | [T2] NLA_602488056EDR_F0732676NCAM00270M1 UnsafeR=0.2450 FNR=0.7550
2026-06-01 09:55:24 | INFO     | [T2] NLA_401137937EDR_F0041238NCAM00425M1 UnsafeR=0.0000 FNR=0.0000
2026-06-01 09:55:24 | INFO     | [T2] NLB_445615972EDR_F0261274NCAM00266M1 UnsafeR=0.0000 FNR=1.0000
2026-06-01 09:55:24 | INFO     | [T2] NLA_401317063EDR_F0042002NCAM00431M1 UnsafeR=0.9994 FNR=0.0006
2026-06-01 09:55:24 | INFO     | [T2] NLA_405747258EDR_F0050104NCAM00324M1 UnsafeR=1.0000 FNR=0.0000
2026-06-01 09:55:24 | INFO     | [T2] NLB_444991236EDR_F0260366NCAM00263M1 UnsafeR=1.0000 FNR=0.0000
2026-06-01 09:55:24 | INFO     | [T2] NLA_602485314EDR_F0732550NCAM00203M1 UnsafeR=0.0769 FNR=0.9231
2026-06-01 09:55:24 | INFO     | [T2] NLB_425638714EDR_F0060764NCAM00382M1 UnsafeR=0.0000 FNR=0.0000
2026-06-01 09:55:24 | INFO     | [T2] NLA_401317028EDR_F0042002NCAM00430M1 UnsafeR=0.0000 FNR=0.0000
2026-06-01 09:55:24 | INFO     | [T2] NLA_401937086EDR_F0042956NCAM00435M1 UnsafeR=0.0000 FNR=0.0000
2026-06-01 09:55:24 | INFO     | [T2] NLB_451296365EDR_F0311256NCAM00273M1 UnsafeR=0.6342 FNR=0.3658
2026-06-01 09:55:28 | INFO     | Excel saved: ../../outputs/excel_results/v3/efficientnet_b0_unet_v3_results.xlsx
2026-06-01 09:55:36 | INFO     | ========== EFFICIENTNET-B0-UNET NOTEBOOK COMPLETED ==========
