2026-05-31 20:44:14 | INFO     | ========== MOBILENETV2_UNET_V3 NOTEBOOK STARTED ==========
2026-05-31 20:44:16 | INFO     | Loaded train.txt: 700 pairs
2026-05-31 20:44:16 | INFO     | Loaded val.txt: 150 pairs
2026-05-31 20:44:16 | INFO     | Loaded test.txt: 15 pairs
2026-05-31 20:44:17 | INFO     | MarsTerrainDataset (with ImageNet normalisation) defined.
2026-05-31 20:44:20 | INFO     | Model: MobileNetV2-UNet | Params: 6,628,868 | 25.29 MB
2026-05-31 20:44:26 | INFO     | Computing class weights...
2026-05-31 20:44:31 | INFO     | Weights: [0.1083 0.1681 0.4985 3.2251]
2026-05-31 20:44:41 | INFO     | Training: 50 epochs | lr=0.001 | batch=4
2026-05-31 20:45:28 | INFO     | Epoch 001/50 | Train: 1.7989 | Val: 1.6853 | mIoU: 0.2308
2026-05-31 20:45:28 | INFO     |   ✓ Best model saved (mIoU=0.2308)
2026-05-31 20:46:04 | INFO     | Epoch 002/50 | Train: 1.4771 | Val: 1.8740 | mIoU: 0.1894
2026-05-31 20:46:40 | INFO     | Epoch 003/50 | Train: 1.4253 | Val: 1.8985 | mIoU: 0.1949
2026-05-31 20:47:18 | INFO     | Epoch 004/50 | Train: 1.3403 | Val: 2.1877 | mIoU: 0.1917
2026-05-31 20:47:55 | INFO     | Epoch 005/50 | Train: 1.2801 | Val: 1.6248 | mIoU: 0.2149
2026-05-31 20:48:32 | INFO     | Epoch 006/50 | Train: 1.2501 | Val: 1.6460 | mIoU: 0.2367
2026-05-31 20:48:32 | INFO     |   ✓ Best model saved (mIoU=0.2367)
2026-05-31 20:49:09 | INFO     | Epoch 007/50 | Train: 1.2170 | Val: 1.4540 | mIoU: 0.2354
2026-05-31 20:49:46 | INFO     | Epoch 008/50 | Train: 1.2087 | Val: 1.4621 | mIoU: 0.2408
2026-05-31 20:49:46 | INFO     |   ✓ Best model saved (mIoU=0.2408)
2026-05-31 20:50:23 | INFO     | Epoch 009/50 | Train: 1.2340 | Val: 1.5890 | mIoU: 0.2324
2026-05-31 20:50:59 | INFO     | Epoch 010/50 | Train: 1.1380 | Val: 1.5766 | mIoU: 0.2451
2026-05-31 20:50:59 | INFO     |   ✓ Best model saved (mIoU=0.2451)
2026-05-31 20:51:36 | INFO     | Epoch 011/50 | Train: 1.2077 | Val: 1.8390 | mIoU: 0.2115
2026-05-31 20:52:14 | INFO     | Epoch 012/50 | Train: 1.1717 | Val: 1.5436 | mIoU: 0.2307
2026-05-31 20:52:50 | INFO     | Epoch 013/50 | Train: 1.1378 | Val: 1.6752 | mIoU: 0.2382
2026-05-31 20:53:25 | INFO     | Epoch 014/50 | Train: 1.1445 | Val: 1.1988 | mIoU: 0.2712
2026-05-31 20:53:25 | INFO     |   ✓ Best model saved (mIoU=0.2712)
2026-05-31 20:54:00 | INFO     | Epoch 015/50 | Train: 1.0297 | Val: 1.3477 | mIoU: 0.2851
2026-05-31 20:54:01 | INFO     |   ✓ Best model saved (mIoU=0.2851)
2026-05-31 20:54:36 | INFO     | Epoch 016/50 | Train: 1.0711 | Val: 1.4834 | mIoU: 0.2478
2026-05-31 20:55:12 | INFO     | Epoch 017/50 | Train: 1.1087 | Val: 1.4144 | mIoU: 0.2721
2026-05-31 20:55:47 | INFO     | Epoch 018/50 | Train: 1.0458 | Val: 1.4611 | mIoU: 0.2569
2026-05-31 20:56:22 | INFO     | Epoch 019/50 | Train: 1.0684 | Val: 1.2711 | mIoU: 0.2766
2026-05-31 20:56:57 | INFO     | Epoch 020/50 | Train: 1.0012 | Val: 1.3010 | mIoU: 0.2743
2026-05-31 20:57:32 | INFO     | Epoch 021/50 | Train: 1.0024 | Val: 1.5812 | mIoU: 0.2296
2026-05-31 20:58:08 | INFO     | Epoch 022/50 | Train: 0.9169 | Val: 1.3330 | mIoU: 0.2626
2026-05-31 20:58:43 | INFO     | Epoch 023/50 | Train: 0.8432 | Val: 1.2072 | mIoU: 0.2847
2026-05-31 20:59:19 | INFO     | Epoch 024/50 | Train: 0.8424 | Val: 1.3717 | mIoU: 0.2517
2026-05-31 20:59:55 | INFO     | Epoch 025/50 | Train: 0.9147 | Val: 1.5039 | mIoU: 0.2512
2026-05-31 21:00:30 | INFO     | Epoch 026/50 | Train: 0.8505 | Val: 1.3576 | mIoU: 0.2578
2026-05-31 21:01:05 | INFO     | Epoch 027/50 | Train: 0.7896 | Val: 1.5180 | mIoU: 0.2525
2026-05-31 21:01:41 | INFO     | Epoch 028/50 | Train: 0.7610 | Val: 1.4049 | mIoU: 0.2695
2026-05-31 21:02:16 | INFO     | Epoch 029/50 | Train: 0.7352 | Val: 1.2791 | mIoU: 0.2759
2026-05-31 21:02:52 | INFO     | Epoch 030/50 | Train: 0.7302 | Val: 1.3112 | mIoU: 0.2731
2026-05-31 21:03:28 | INFO     | Epoch 031/50 | Train: 0.7479 | Val: 1.4044 | mIoU: 0.2658
2026-05-31 21:04:03 | INFO     | Epoch 032/50 | Train: 0.7549 | Val: 1.3594 | mIoU: 0.2653
2026-05-31 21:04:39 | INFO     | Epoch 033/50 | Train: 0.7150 | Val: 1.2412 | mIoU: 0.2798
2026-05-31 21:05:14 | INFO     | Epoch 034/50 | Train: 0.6820 | Val: 1.2403 | mIoU: 0.2830
2026-05-31 21:05:50 | INFO     | Epoch 035/50 | Train: 0.6342 | Val: 1.3925 | mIoU: 0.2681
2026-05-31 21:06:26 | INFO     | Epoch 036/50 | Train: 0.6651 | Val: 1.3702 | mIoU: 0.2836
2026-05-31 21:09:18 | INFO     | Epoch 037/50 | Train: 0.6840 | Val: 1.2580 | mIoU: 0.2856
2026-05-31 21:09:18 | INFO     |   ✓ Best model saved (mIoU=0.2856)
2026-05-31 21:25:09 | INFO     | Epoch 038/50 | Train: 0.6259 | Val: 1.2381 | mIoU: 0.2862
2026-05-31 21:25:09 | INFO     |   ✓ Best model saved (mIoU=0.2862)
2026-05-31 21:25:52 | INFO     | Epoch 039/50 | Train: 0.6494 | Val: 1.3110 | mIoU: 0.2891
2026-05-31 21:25:52 | INFO     |   ✓ Best model saved (mIoU=0.2891)
2026-05-31 21:36:26 | INFO     | Epoch 040/50 | Train: 0.6211 | Val: 1.2720 | mIoU: 0.2903
2026-05-31 21:36:26 | INFO     |   ✓ Best model saved (mIoU=0.2903)
2026-05-31 21:37:07 | INFO     | Epoch 041/50 | Train: 0.6134 | Val: 1.3005 | mIoU: 0.2809
2026-05-31 21:38:05 | INFO     | Epoch 042/50 | Train: 0.5891 | Val: 1.3144 | mIoU: 0.2888
2026-05-31 21:39:27 | INFO     | Epoch 043/50 | Train: 0.6134 | Val: 1.3896 | mIoU: 0.2766
2026-05-31 21:40:03 | INFO     | Epoch 044/50 | Train: 0.6257 | Val: 1.2260 | mIoU: 0.2884
2026-05-31 21:40:38 | INFO     | Epoch 045/50 | Train: 0.6261 | Val: 1.3024 | mIoU: 0.2861
2026-05-31 21:41:13 | INFO     | Epoch 046/50 | Train: 0.5926 | Val: 1.3057 | mIoU: 0.2804
2026-05-31 21:50:39 | INFO     | Epoch 047/50 | Train: 0.5954 | Val: 1.3106 | mIoU: 0.2883
2026-05-31 21:51:24 | INFO     | Epoch 048/50 | Train: 0.6032 | Val: 1.2092 | mIoU: 0.2968
2026-05-31 21:51:24 | INFO     |   ✓ Best model saved (mIoU=0.2968)
2026-05-31 22:15:25 | INFO     | Epoch 049/50 | Train: 0.5692 | Val: 1.3132 | mIoU: 0.2841
2026-05-31 22:20:29 | INFO     | Epoch 050/50 | Train: 0.5702 | Val: 1.1810 | mIoU: 0.2979
2026-05-31 22:20:29 | INFO     |   ✓ Best model saved (mIoU=0.2979)
2026-05-31 22:20:29 | INFO     | Training complete. Best epoch: 50, mIoU: 0.2979
2026-05-31 22:45:00 | INFO     | [T1] NLB_429284450EDR_F0120000NCAM00267M1 mIoU=0.2486 75.8ms
2026-05-31 22:45:00 | INFO     | [T1] NLA_401936894EDR_F0042956NCAM00435M1 mIoU=0.2499 16.5ms
2026-05-31 22:45:00 | INFO     | [T1] NLA_402815600EDR_F0050104NCAM00452M1 mIoU=0.2147 16.9ms
2026-05-31 22:45:00 | INFO     | [T1] NLB_417301160EDR_F0060000NCAM07754M1 mIoU=0.2370 18.8ms
2026-05-31 22:45:00 | INFO     | [T1] NLA_602488056EDR_F0732676NCAM00270M1 mIoU=0.2500 16.8ms
2026-05-31 22:45:00 | INFO     | [T1] NLA_401137937EDR_F0041238NCAM00425M1 mIoU=0.2500 21.3ms
2026-05-31 22:45:00 | INFO     | [T1] NLB_445615972EDR_F0261274NCAM00266M1 mIoU=0.2499 16.9ms
2026-05-31 22:45:00 | INFO     | [T1] NLA_401317063EDR_F0042002NCAM00431M1 mIoU=0.4474 22.5ms
2026-05-31 22:45:00 | INFO     | [T1] NLA_405747258EDR_F0050104NCAM00324M1 mIoU=0.4937 17.4ms
2026-05-31 22:45:00 | INFO     | [T1] NLB_444991236EDR_F0260366NCAM00263M1 mIoU=0.2500 22.6ms
2026-05-31 22:45:00 | INFO     | [T1] NLA_602485314EDR_F0732550NCAM00203M1 mIoU=0.1005 17.4ms
2026-05-31 22:45:00 | INFO     | [T1] NLB_425638714EDR_F0060764NCAM00382M1 mIoU=0.2380 19.1ms
2026-05-31 22:45:00 | INFO     | [T1] NLA_401317028EDR_F0042002NCAM00430M1 mIoU=0.2500 16.9ms
2026-05-31 22:45:00 | INFO     | [T1] NLA_401937086EDR_F0042956NCAM00435M1 mIoU=0.2500 20.0ms
2026-05-31 22:45:00 | INFO     | [T1] NLB_451296365EDR_F0311256NCAM00273M1 mIoU=0.2987 18.3ms
2026-05-31 22:45:03 | INFO     | [T2] NLB_429284450EDR_F0120000NCAM00267M1 UnsafeR=0.0000 FNR=1.0000
2026-05-31 22:45:03 | INFO     | [T2] NLA_401936894EDR_F0042956NCAM00435M1 UnsafeR=0.0000 FNR=0.0000
2026-05-31 22:45:03 | INFO     | [T2] NLA_402815600EDR_F0050104NCAM00452M1 UnsafeR=0.8589 FNR=0.1411
2026-05-31 22:45:03 | INFO     | [T2] NLB_417301160EDR_F0060000NCAM07754M1 UnsafeR=0.0000 FNR=0.0000
2026-05-31 22:45:03 | INFO     | [T2] NLA_602488056EDR_F0732676NCAM00270M1 UnsafeR=1.0000 FNR=0.0000
2026-05-31 22:45:03 | INFO     | [T2] NLA_401137937EDR_F0041238NCAM00425M1 UnsafeR=0.0000 FNR=0.0000
2026-05-31 22:45:03 | INFO     | [T2] NLB_445615972EDR_F0261274NCAM00266M1 UnsafeR=0.0000 FNR=1.0000
2026-05-31 22:45:03 | INFO     | [T2] NLA_401317063EDR_F0042002NCAM00431M1 UnsafeR=0.9328 FNR=0.0672
2026-05-31 22:45:03 | INFO     | [T2] NLA_405747258EDR_F0050104NCAM00324M1 UnsafeR=0.9951 FNR=0.0049
2026-05-31 22:45:03 | INFO     | [T2] NLB_444991236EDR_F0260366NCAM00263M1 UnsafeR=1.0000 FNR=0.0000
2026-05-31 22:45:03 | INFO     | [T2] NLA_602485314EDR_F0732550NCAM00203M1 UnsafeR=0.9615 FNR=0.0385
2026-05-31 22:45:03 | INFO     | [T2] NLB_425638714EDR_F0060764NCAM00382M1 UnsafeR=0.0000 FNR=0.0000
2026-05-31 22:45:03 | INFO     | [T2] NLA_401317028EDR_F0042002NCAM00430M1 UnsafeR=0.0000 FNR=0.0000
2026-05-31 22:45:03 | INFO     | [T2] NLA_401937086EDR_F0042956NCAM00435M1 UnsafeR=0.0000 FNR=0.0000
2026-05-31 22:45:03 | INFO     | [T2] NLB_451296365EDR_F0311256NCAM00273M1 UnsafeR=0.3960 FNR=0.6040
2026-05-31 22:45:07 | INFO     | Excel saved: ../../outputs/excel_results/v3/mobilenetv2_unet_v3_results.xlsx
2026-05-31 22:45:13 | INFO     | ========== MOBILENETV2-UNET NOTEBOOK COMPLETED ==========
