2026-05-31 22:46:32 | INFO     | ========== MOBILENETV3_UNET_V3 NOTEBOOK STARTED ==========
2026-05-31 22:46:33 | INFO     | Loaded train.txt: 700 pairs
2026-05-31 22:46:33 | INFO     | Loaded val.txt: 150 pairs
2026-05-31 22:46:33 | INFO     | Loaded test.txt: 15 pairs
2026-05-31 22:46:33 | INFO     | MarsTerrainDataset (ImageNet normalisation) defined.
2026-05-31 22:46:35 | INFO     | Model: MobileNetV3-UNet | Params: 6,685,748 | 25.50 MB
2026-05-31 22:46:41 | INFO     | Computing class weights...
2026-05-31 22:46:46 | INFO     | Weights: [0.1083 0.1681 0.4985 3.2251]
2026-05-31 22:46:46 | INFO     | Training: 50 epochs | lr=0.001 | batch=4
2026-05-31 22:47:40 | INFO     | Epoch 001/50 | Train: 1.6673 | Val: 1.7160 | mIoU: 0.2316
2026-05-31 22:47:40 | INFO     |   ✓ Best model saved (mIoU=0.2316)
2026-05-31 22:48:17 | INFO     | Epoch 002/50 | Train: 1.3836 | Val: 1.9149 | mIoU: 0.2085
2026-05-31 22:48:53 | INFO     | Epoch 003/50 | Train: 1.3490 | Val: 1.9909 | mIoU: 0.1560
2026-05-31 22:49:30 | INFO     | Epoch 004/50 | Train: 1.2869 | Val: 1.4877 | mIoU: 0.2526
2026-05-31 22:49:30 | INFO     |   ✓ Best model saved (mIoU=0.2526)
2026-05-31 22:52:14 | INFO     | Epoch 005/50 | Train: 1.1827 | Val: 1.3770 | mIoU: 0.2573
2026-05-31 22:52:14 | INFO     |   ✓ Best model saved (mIoU=0.2573)
2026-05-31 22:52:52 | INFO     | Epoch 006/50 | Train: 1.1726 | Val: 2.3699 | mIoU: 0.1882
2026-05-31 22:53:29 | INFO     | Epoch 007/50 | Train: 1.1356 | Val: 1.9827 | mIoU: 0.1883
2026-05-31 22:54:07 | INFO     | Epoch 008/50 | Train: 1.1594 | Val: 1.6908 | mIoU: 0.2261
2026-05-31 23:00:22 | INFO     | Epoch 009/50 | Train: 1.1185 | Val: 1.6702 | mIoU: 0.2190
2026-05-31 23:09:10 | INFO     | Epoch 010/50 | Train: 1.0918 | Val: 1.7018 | mIoU: 0.2154
2026-05-31 23:09:47 | INFO     | Epoch 011/50 | Train: 1.0331 | Val: 1.6678 | mIoU: 0.2150
2026-05-31 23:10:25 | INFO     | Epoch 012/50 | Train: 0.9576 | Val: 1.2769 | mIoU: 0.2712
2026-05-31 23:10:25 | INFO     |   ✓ Best model saved (mIoU=0.2712)
2026-05-31 23:11:02 | INFO     | Epoch 013/50 | Train: 0.9587 | Val: 1.3420 | mIoU: 0.2595
2026-05-31 23:21:03 | INFO     | Epoch 014/50 | Train: 0.9132 | Val: 1.4059 | mIoU: 0.2474
2026-05-31 23:21:40 | INFO     | Epoch 015/50 | Train: 0.8475 | Val: 1.5871 | mIoU: 0.2321
2026-05-31 23:22:17 | INFO     | Epoch 016/50 | Train: 0.7733 | Val: 1.5041 | mIoU: 0.2509
2026-05-31 23:22:54 | INFO     | Epoch 017/50 | Train: 0.7492 | Val: 1.4674 | mIoU: 0.2494
2026-05-31 23:23:31 | INFO     | Epoch 018/50 | Train: 0.7661 | Val: 1.5664 | mIoU: 0.2329
2026-05-31 23:24:08 | INFO     | Epoch 019/50 | Train: 0.7449 | Val: 1.2441 | mIoU: 0.2935
2026-05-31 23:24:09 | INFO     |   ✓ Best model saved (mIoU=0.2935)
2026-05-31 23:24:46 | INFO     | Epoch 020/50 | Train: 0.6472 | Val: 1.1720 | mIoU: 0.2932
2026-05-31 23:25:23 | INFO     | Epoch 021/50 | Train: 0.6684 | Val: 1.1901 | mIoU: 0.2863
2026-05-31 23:26:00 | INFO     | Epoch 022/50 | Train: 0.6905 | Val: 1.3757 | mIoU: 0.2613
2026-05-31 23:26:37 | INFO     | Epoch 023/50 | Train: 0.6899 | Val: 1.2628 | mIoU: 0.2858
2026-05-31 23:27:14 | INFO     | Epoch 024/50 | Train: 0.6843 | Val: 1.2229 | mIoU: 0.2836
2026-05-31 23:35:28 | INFO     | Epoch 025/50 | Train: 0.5646 | Val: 1.1655 | mIoU: 0.2891
2026-05-31 23:36:05 | INFO     | Epoch 026/50 | Train: 0.5808 | Val: 1.2945 | mIoU: 0.2757
2026-05-31 23:36:42 | INFO     | Epoch 027/50 | Train: 0.5722 | Val: 1.2043 | mIoU: 0.2943
2026-05-31 23:36:42 | INFO     |   ✓ Best model saved (mIoU=0.2943)
2026-05-31 23:37:19 | INFO     | Epoch 028/50 | Train: 0.5577 | Val: 1.1945 | mIoU: 0.2911
2026-06-01 00:43:04 | INFO     | Epoch 029/50 | Train: 0.5541 | Val: 1.1551 | mIoU: 0.2946
2026-06-01 00:43:05 | INFO     |   ✓ Best model saved (mIoU=0.2946)
2026-06-01 00:59:34 | INFO     | Epoch 030/50 | Train: 0.5320 | Val: 1.1641 | mIoU: 0.2979
2026-06-01 00:59:34 | INFO     |   ✓ Best model saved (mIoU=0.2979)
2026-06-01 01:38:53 | INFO     | Epoch 031/50 | Train: 0.5403 | Val: 1.2618 | mIoU: 0.2849
2026-06-01 01:48:09 | INFO     | Epoch 032/50 | Train: 0.5302 | Val: 1.1476 | mIoU: 0.3007
2026-06-01 01:48:09 | INFO     |   ✓ Best model saved (mIoU=0.3007)
2026-06-01 02:21:23 | INFO     | Epoch 033/50 | Train: 0.5270 | Val: 1.3794 | mIoU: 0.2668
2026-06-01 03:40:33 | INFO     | Epoch 034/50 | Train: 0.5262 | Val: 1.3950 | mIoU: 0.2637
2026-06-01 04:41:26 | INFO     | Epoch 035/50 | Train: 0.5394 | Val: 1.2656 | mIoU: 0.2935
2026-06-01 04:42:02 | INFO     | Epoch 036/50 | Train: 0.5147 | Val: 1.2848 | mIoU: 0.2920
2026-06-01 04:57:33 | INFO     | Epoch 037/50 | Train: 0.5396 | Val: 1.1613 | mIoU: 0.3047
2026-06-01 04:57:33 | INFO     |   ✓ Best model saved (mIoU=0.3047)
2026-06-01 04:58:11 | INFO     | Epoch 038/50 | Train: 0.5241 | Val: 1.2443 | mIoU: 0.2809
2026-06-01 04:58:48 | INFO     | Epoch 039/50 | Train: 0.5007 | Val: 1.2685 | mIoU: 0.2831
2026-06-01 04:59:25 | INFO     | Epoch 040/50 | Train: 0.4542 | Val: 1.3197 | mIoU: 0.2827
2026-06-01 05:15:23 | INFO     | Epoch 041/50 | Train: 0.4780 | Val: 1.2455 | mIoU: 0.2931
2026-06-01 06:09:03 | INFO     | Epoch 042/50 | Train: 0.4783 | Val: 1.2009 | mIoU: 0.3003
2026-06-01 06:28:07 | INFO     | Epoch 043/50 | Train: 0.4641 | Val: 1.2207 | mIoU: 0.2986
2026-06-01 06:28:44 | INFO     | Epoch 044/50 | Train: 0.4407 | Val: 1.2474 | mIoU: 0.2963
2026-06-01 06:29:21 | INFO     | Epoch 045/50 | Train: 0.4552 | Val: 1.1696 | mIoU: 0.3020
2026-06-01 06:29:58 | INFO     | Epoch 046/50 | Train: 0.4532 | Val: 1.3118 | mIoU: 0.2852
2026-06-01 06:34:27 | INFO     | Epoch 047/50 | Train: 0.4540 | Val: 1.2158 | mIoU: 0.3011
2026-06-01 06:35:05 | INFO     | Epoch 048/50 | Train: 0.4506 | Val: 1.2452 | mIoU: 0.2936
2026-06-01 06:35:42 | INFO     | Epoch 049/50 | Train: 0.4573 | Val: 1.1617 | mIoU: 0.3050
2026-06-01 06:35:43 | INFO     |   ✓ Best model saved (mIoU=0.3050)
2026-06-01 06:36:21 | INFO     | Epoch 050/50 | Train: 0.4335 | Val: 1.2368 | mIoU: 0.2984
2026-06-01 06:36:21 | INFO     | Training complete. Best epoch: 49, mIoU: 0.3050
2026-06-01 06:36:27 | INFO     | [T1] NLB_429284450EDR_F0120000NCAM00267M1 mIoU=0.2486 22.4ms
2026-06-01 06:36:27 | INFO     | [T1] NLA_401936894EDR_F0042956NCAM00435M1 mIoU=0.2499 16.8ms
2026-06-01 06:36:27 | INFO     | [T1] NLA_402815600EDR_F0050104NCAM00452M1 mIoU=0.2500 19.6ms
2026-06-01 06:36:27 | INFO     | [T1] NLB_417301160EDR_F0060000NCAM07754M1 mIoU=0.2492 18.6ms
2026-06-01 06:36:27 | INFO     | [T1] NLA_602488056EDR_F0732676NCAM00270M1 mIoU=0.1220 20.3ms
2026-06-01 06:36:27 | INFO     | [T1] NLA_401137937EDR_F0041238NCAM00425M1 mIoU=0.2500 18.2ms
2026-06-01 06:36:27 | INFO     | [T1] NLB_445615972EDR_F0261274NCAM00266M1 mIoU=0.2499 18.3ms
2026-06-01 06:36:27 | INFO     | [T1] NLA_401317063EDR_F0042002NCAM00431M1 mIoU=0.4622 18.2ms
2026-06-01 06:36:27 | INFO     | [T1] NLA_405747258EDR_F0050104NCAM00324M1 mIoU=0.4642 16.5ms
2026-06-01 06:36:27 | INFO     | [T1] NLB_444991236EDR_F0260366NCAM00263M1 mIoU=0.2500 21.7ms
2026-06-01 06:36:27 | INFO     | [T1] NLA_602485314EDR_F0732550NCAM00203M1 mIoU=0.2497 19.7ms
2026-06-01 06:36:27 | INFO     | [T1] NLB_425638714EDR_F0060764NCAM00382M1 mIoU=0.2436 17.8ms
2026-06-01 06:36:27 | INFO     | [T1] NLA_401317028EDR_F0042002NCAM00430M1 mIoU=0.2500 18.9ms
2026-06-01 06:36:27 | INFO     | [T1] NLA_401937086EDR_F0042956NCAM00435M1 mIoU=0.2490 22.0ms
2026-06-01 06:36:27 | INFO     | [T1] NLB_451296365EDR_F0311256NCAM00273M1 mIoU=0.5938 19.2ms
2026-06-01 06:36:29 | INFO     | [T2] NLB_429284450EDR_F0120000NCAM00267M1 UnsafeR=0.0000 FNR=1.0000
2026-06-01 06:36:29 | INFO     | [T2] NLA_401936894EDR_F0042956NCAM00435M1 UnsafeR=0.0000 FNR=0.0000
2026-06-01 06:36:29 | INFO     | [T2] NLA_402815600EDR_F0050104NCAM00452M1 UnsafeR=1.0000 FNR=0.0000
2026-06-01 06:36:29 | INFO     | [T2] NLB_417301160EDR_F0060000NCAM07754M1 UnsafeR=0.0000 FNR=0.0000
2026-06-01 06:36:29 | INFO     | [T2] NLA_602488056EDR_F0732676NCAM00270M1 UnsafeR=0.4878 FNR=0.5122
2026-06-01 06:36:29 | INFO     | [T2] NLA_401137937EDR_F0041238NCAM00425M1 UnsafeR=0.0000 FNR=0.0000
2026-06-01 06:36:29 | INFO     | [T2] NLB_445615972EDR_F0261274NCAM00266M1 UnsafeR=0.0000 FNR=1.0000
2026-06-01 06:36:29 | INFO     | [T2] NLA_401317063EDR_F0042002NCAM00431M1 UnsafeR=0.9316 FNR=0.0684
2026-06-01 06:36:29 | INFO     | [T2] NLA_405747258EDR_F0050104NCAM00324M1 UnsafeR=1.0000 FNR=0.0000
2026-06-01 06:36:29 | INFO     | [T2] NLB_444991236EDR_F0260366NCAM00263M1 UnsafeR=1.0000 FNR=0.0000
2026-06-01 06:36:29 | INFO     | [T2] NLA_602485314EDR_F0732550NCAM00203M1 UnsafeR=0.0385 FNR=0.9615
2026-06-01 06:36:29 | INFO     | [T2] NLB_425638714EDR_F0060764NCAM00382M1 UnsafeR=0.0000 FNR=0.0000
2026-06-01 06:36:29 | INFO     | [T2] NLA_401317028EDR_F0042002NCAM00430M1 UnsafeR=0.0000 FNR=0.0000
2026-06-01 06:36:29 | INFO     | [T2] NLA_401937086EDR_F0042956NCAM00435M1 UnsafeR=0.0000 FNR=0.0000
2026-06-01 06:36:29 | INFO     | [T2] NLB_451296365EDR_F0311256NCAM00273M1 UnsafeR=0.9837 FNR=0.0163
2026-06-01 06:36:33 | INFO     | Excel saved: ../../outputs/excel_results/v3/mobilenetv3_unet_v3_results.xlsx
2026-06-01 06:36:38 | INFO     | ========== MOBILENETV3-UNET NOTEBOOK COMPLETED ==========
