2026-06-01 09:56:51 | INFO     | ========== RESNET18_UNET_V3 NOTEBOOK STARTED ==========
2026-06-01 09:56:52 | INFO     | Loaded train.txt: 700 pairs
2026-06-01 09:56:52 | INFO     | Loaded val.txt: 150 pairs
2026-06-01 09:56:52 | INFO     | Loaded test.txt: 15 pairs
2026-06-01 09:56:54 | INFO     | MarsTerrainDataset (ImageNet normalisation) defined.
2026-06-01 09:56:57 | INFO     | Model: ResNet18-UNet | Params: 14,413,636 | 54.98 MB
2026-06-01 09:57:00 | INFO     | Computing class weights...
2026-06-01 09:57:04 | INFO     | Weights: [0.1083 0.1681 0.4985 3.2251]
2026-06-01 09:57:19 | INFO     | Training: 50 epochs | lr=0.001 | batch=4
2026-06-01 09:58:00 | INFO     | Epoch 001/50 | Train: 1.9549 | Val: 2.0117 | mIoU: 0.1522
2026-06-01 09:58:00 | INFO     |   ✓ Best model saved (mIoU=0.1522)
2026-06-01 09:58:38 | INFO     | Epoch 002/50 | Train: 1.7713 | Val: 1.7871 | mIoU: 0.1872
2026-06-01 09:58:38 | INFO     |   ✓ Best model saved (mIoU=0.1872)
2026-06-01 09:59:17 | INFO     | Epoch 003/50 | Train: 1.7229 | Val: 1.6959 | mIoU: 0.2003
2026-06-01 09:59:17 | INFO     |   ✓ Best model saved (mIoU=0.2003)
2026-06-01 09:59:56 | INFO     | Epoch 004/50 | Train: 1.7184 | Val: 1.7485 | mIoU: 0.1882
2026-06-01 10:00:36 | INFO     | Epoch 005/50 | Train: 1.6139 | Val: 1.7995 | mIoU: 0.1848
2026-06-01 10:01:14 | INFO     | Epoch 006/50 | Train: 1.5686 | Val: 1.6361 | mIoU: 0.2259
2026-06-01 10:01:15 | INFO     |   ✓ Best model saved (mIoU=0.2259)
2026-06-01 10:01:54 | INFO     | Epoch 007/50 | Train: 1.5325 | Val: 2.3240 | mIoU: 0.1437
2026-06-01 10:02:32 | INFO     | Epoch 008/50 | Train: 1.6163 | Val: 1.7691 | mIoU: 0.1856
2026-06-01 10:03:12 | INFO     | Epoch 009/50 | Train: 1.5480 | Val: 1.7927 | mIoU: 0.1871
2026-06-01 10:03:50 | INFO     | Epoch 010/50 | Train: 1.4681 | Val: 2.1030 | mIoU: 0.1764
2026-06-01 10:04:29 | INFO     | Epoch 011/50 | Train: 1.4752 | Val: 2.1753 | mIoU: 0.1807
2026-06-01 10:05:08 | INFO     | Epoch 012/50 | Train: 1.4512 | Val: 2.4056 | mIoU: 0.1711
2026-06-01 10:05:47 | INFO     | Epoch 013/50 | Train: 1.3216 | Val: 1.9555 | mIoU: 0.1976
2026-06-01 10:06:26 | INFO     | Epoch 014/50 | Train: 1.3647 | Val: 1.6108 | mIoU: 0.2113
2026-06-01 10:07:05 | INFO     | Epoch 015/50 | Train: 1.2599 | Val: 1.7708 | mIoU: 0.1923
2026-06-01 10:07:44 | INFO     | Epoch 016/50 | Train: 1.3115 | Val: 1.8133 | mIoU: 0.1908
2026-06-01 10:10:44 | INFO     | Epoch 017/50 | Train: 1.3222 | Val: 1.7065 | mIoU: 0.2035
2026-06-01 10:27:26 | INFO     | Epoch 018/50 | Train: 1.2667 | Val: 1.5265 | mIoU: 0.2254
2026-06-01 10:28:05 | INFO     | Epoch 019/50 | Train: 1.2460 | Val: 1.5961 | mIoU: 0.2044
2026-06-01 10:44:02 | INFO     | Epoch 020/50 | Train: 1.2381 | Val: 1.9069 | mIoU: 0.1818
2026-06-01 10:50:58 | INFO     | Epoch 021/50 | Train: 1.1825 | Val: 1.8595 | mIoU: 0.1846
2026-06-01 10:51:38 | INFO     | Epoch 022/50 | Train: 1.1978 | Val: 1.5273 | mIoU: 0.2245
2026-06-01 10:52:17 | INFO     | Epoch 023/50 | Train: 1.1851 | Val: 1.9283 | mIoU: 0.1906
2026-06-01 10:52:56 | INFO     | Epoch 024/50 | Train: 1.2321 | Val: 1.8438 | mIoU: 0.1901
2026-06-01 10:53:35 | INFO     | Epoch 025/50 | Train: 1.1833 | Val: 1.4455 | mIoU: 0.2312
2026-06-01 10:53:36 | INFO     |   ✓ Best model saved (mIoU=0.2312)
2026-06-01 10:54:15 | INFO     | Epoch 026/50 | Train: 1.0640 | Val: 2.2941 | mIoU: 0.1741
2026-06-01 10:54:54 | INFO     | Epoch 027/50 | Train: 1.0961 | Val: 1.6620 | mIoU: 0.2144
2026-06-01 10:55:33 | INFO     | Epoch 028/50 | Train: 1.0829 | Val: 1.7983 | mIoU: 0.2033
2026-06-01 10:56:12 | INFO     | Epoch 029/50 | Train: 1.0448 | Val: 1.5712 | mIoU: 0.2265
2026-06-01 10:56:52 | INFO     | Epoch 030/50 | Train: 1.0778 | Val: 1.2732 | mIoU: 0.2559
2026-06-01 10:56:52 | INFO     |   ✓ Best model saved (mIoU=0.2559)
2026-06-01 10:57:31 | INFO     | Epoch 031/50 | Train: 1.0489 | Val: 1.3274 | mIoU: 0.2519
2026-06-01 10:58:10 | INFO     | Epoch 032/50 | Train: 1.0455 | Val: 1.3207 | mIoU: 0.2541
2026-06-01 10:58:49 | INFO     | Epoch 033/50 | Train: 1.0094 | Val: 1.6719 | mIoU: 0.2231
2026-06-01 10:59:28 | INFO     | Epoch 034/50 | Train: 1.0651 | Val: 1.3844 | mIoU: 0.2447
2026-06-01 11:00:07 | INFO     | Epoch 035/50 | Train: 0.9936 | Val: 1.4129 | mIoU: 0.2511
2026-06-01 11:00:46 | INFO     | Epoch 036/50 | Train: 1.0125 | Val: 1.6229 | mIoU: 0.2236
2026-06-01 11:01:25 | INFO     | Epoch 037/50 | Train: 0.9274 | Val: 1.7936 | mIoU: 0.2127
2026-06-01 11:02:34 | INFO     | Epoch 038/50 | Train: 0.9133 | Val: 1.8316 | mIoU: 0.2100
2026-06-01 11:19:16 | INFO     | Epoch 039/50 | Train: 0.9202 | Val: 1.4934 | mIoU: 0.2343
2026-06-01 11:19:54 | INFO     | Epoch 040/50 | Train: 0.9192 | Val: 1.5988 | mIoU: 0.2289
2026-06-01 11:20:33 | INFO     | Epoch 041/50 | Train: 0.9467 | Val: 1.4483 | mIoU: 0.2389
2026-06-01 11:21:11 | INFO     | Epoch 042/50 | Train: 0.9256 | Val: 1.4760 | mIoU: 0.2435
2026-06-01 11:21:49 | INFO     | Epoch 043/50 | Train: 0.9544 | Val: 1.6016 | mIoU: 0.2325
2026-06-01 11:22:30 | INFO     | Epoch 044/50 | Train: 0.9493 | Val: 1.6683 | mIoU: 0.2270
2026-06-01 11:23:28 | INFO     | Epoch 045/50 | Train: 0.9270 | Val: 1.4627 | mIoU: 0.2393
2026-06-01 11:24:56 | INFO     | Epoch 046/50 | Train: 0.8986 | Val: 1.6149 | mIoU: 0.2313
2026-06-01 11:26:24 | INFO     | Epoch 047/50 | Train: 0.8659 | Val: 1.5287 | mIoU: 0.2389
2026-06-01 11:28:10 | INFO     | Epoch 048/50 | Train: 0.8898 | Val: 1.4957 | mIoU: 0.2383
2026-06-01 11:29:46 | INFO     | Epoch 049/50 | Train: 0.8646 | Val: 1.4716 | mIoU: 0.2482
2026-06-01 11:31:08 | INFO     | Epoch 050/50 | Train: 0.8542 | Val: 1.4584 | mIoU: 0.2510
2026-06-01 11:31:08 | INFO     | Training complete. Best epoch: 30, mIoU: 0.2559
2026-06-01 11:49:06 | INFO     | [T1] NLB_429284450EDR_F0120000NCAM00267M1 mIoU=0.1056 77.0ms
2026-06-01 11:49:06 | INFO     | [T1] NLA_401936894EDR_F0042956NCAM00435M1 mIoU=0.2500 13.7ms
2026-06-01 11:49:06 | INFO     | [T1] NLA_402815600EDR_F0050104NCAM00452M1 mIoU=0.1843 13.9ms
2026-06-01 11:49:06 | INFO     | [T1] NLB_417301160EDR_F0060000NCAM07754M1 mIoU=0.2487 17.1ms
2026-06-01 11:49:06 | INFO     | [T1] NLA_602488056EDR_F0732676NCAM00270M1 mIoU=0.2476 11.7ms
2026-06-01 11:49:06 | INFO     | [T1] NLA_401137937EDR_F0041238NCAM00425M1 mIoU=0.2484 10.9ms
2026-06-01 11:49:06 | INFO     | [T1] NLB_445615972EDR_F0261274NCAM00266M1 mIoU=0.2498 13.0ms
2026-06-01 11:49:07 | INFO     | [T1] NLA_401317063EDR_F0042002NCAM00431M1 mIoU=0.3016 12.0ms
2026-06-01 11:49:07 | INFO     | [T1] NLA_405747258EDR_F0050104NCAM00324M1 mIoU=0.4546 17.0ms
2026-06-01 11:49:07 | INFO     | [T1] NLB_444991236EDR_F0260366NCAM00263M1 mIoU=0.2500 10.9ms
2026-06-01 11:49:07 | INFO     | [T1] NLA_602485314EDR_F0732550NCAM00203M1 mIoU=0.1518 11.4ms
2026-06-01 11:49:07 | INFO     | [T1] NLB_425638714EDR_F0060764NCAM00382M1 mIoU=0.2497 10.8ms
2026-06-01 11:49:07 | INFO     | [T1] NLA_401317028EDR_F0042002NCAM00430M1 mIoU=0.2500 11.1ms
2026-06-01 11:49:07 | INFO     | [T1] NLA_401937086EDR_F0042956NCAM00435M1 mIoU=0.2117 12.5ms
2026-06-01 11:49:07 | INFO     | [T1] NLB_451296365EDR_F0311256NCAM00273M1 mIoU=0.2078 10.3ms
2026-06-01 11:49:11 | INFO     | [T2] NLB_429284450EDR_F0120000NCAM00267M1 UnsafeR=0.3232 FNR=0.6768
2026-06-01 11:49:11 | INFO     | [T2] NLA_401936894EDR_F0042956NCAM00435M1 UnsafeR=0.0000 FNR=0.0000
2026-06-01 11:49:11 | INFO     | [T2] NLA_402815600EDR_F0050104NCAM00452M1 UnsafeR=0.9231 FNR=0.0769
2026-06-01 11:49:11 | INFO     | [T2] NLB_417301160EDR_F0060000NCAM07754M1 UnsafeR=0.0000 FNR=0.0000
2026-06-01 11:49:11 | INFO     | [T2] NLA_602488056EDR_F0732676NCAM00270M1 UnsafeR=0.9989 FNR=0.0011
2026-06-01 11:49:11 | INFO     | [T2] NLA_401137937EDR_F0041238NCAM00425M1 UnsafeR=0.0000 FNR=0.0000
2026-06-01 11:49:11 | INFO     | [T2] NLB_445615972EDR_F0261274NCAM00266M1 UnsafeR=0.0000 FNR=1.0000
2026-06-01 11:49:11 | INFO     | [T2] NLA_401317063EDR_F0042002NCAM00431M1 UnsafeR=0.3287 FNR=0.6713
2026-06-01 11:49:11 | INFO     | [T2] NLA_405747258EDR_F0050104NCAM00324M1 UnsafeR=0.9034 FNR=0.0966
2026-06-01 11:49:11 | INFO     | [T2] NLB_444991236EDR_F0260366NCAM00263M1 UnsafeR=1.0000 FNR=0.0000
2026-06-01 11:49:11 | INFO     | [T2] NLA_602485314EDR_F0732550NCAM00203M1 UnsafeR=0.9615 FNR=0.0385
2026-06-01 11:49:11 | INFO     | [T2] NLB_425638714EDR_F0060764NCAM00382M1 UnsafeR=0.0000 FNR=0.0000
2026-06-01 11:49:11 | INFO     | [T2] NLA_401317028EDR_F0042002NCAM00430M1 UnsafeR=0.0000 FNR=0.0000
2026-06-01 11:49:11 | INFO     | [T2] NLA_401937086EDR_F0042956NCAM00435M1 UnsafeR=0.0000 FNR=0.0000
2026-06-01 11:49:11 | INFO     | [T2] NLB_451296365EDR_F0311256NCAM00273M1 UnsafeR=0.7648 FNR=0.2352
2026-06-01 11:49:15 | INFO     | Excel saved: ../../outputs/excel_results/v3/resnet18_unet_v3_results.xlsx
2026-06-01 11:49:23 | INFO     | ========== RESNET18-UNET NOTEBOOK COMPLETED ==========
